[0.036s] Invoking command in '/adv_robotics/lab1/build/turtlebot3_fake_node': CMAKE_PREFIX_PATH=${CMAKE_PREFIX_PATH}:/opt/ros/jazzy /usr/bin/cmake /adv_robotics/lab1/turtlebot3_simulations/turtlebot3_fake_node -DAMENT_CMAKE_SYMLINK_INSTALL=1 -DCMAKE_INSTALL_PREFIX=/adv_robotics/lab1/install/turtlebot3_fake_node
[0.323s] -- Found ament_cmake: 2.5.6 (/opt/ros/jazzy/share/ament_cmake/cmake)
[0.373s] -- Override CMake install command with custom implementation using symlinks instead of copying resources
[0.383s] -- Found geometry_msgs: 5.3.8 (/opt/ros/jazzy/share/geometry_msgs/cmake)
[0.427s] -- Found rosidl_generator_c: 4.6.9 (/opt/ros/jazzy/share/rosidl_generator_c/cmake)
[0.441s] -- Found rosidl_generator_cpp: 4.6.9 (/opt/ros/jazzy/share/rosidl_generator_cpp/cmake)
[0.459s] -- Using all available rosidl_typesupport_c: rosidl_typesupport_fastrtps_c;rosidl_typesupport_introspection_c
[0.478s] -- Using all available rosidl_typesupport_cpp: rosidl_typesupport_fastrtps_cpp;rosidl_typesupport_introspection_cpp
[0.539s] -- Found nav_msgs: 5.3.8 (/opt/ros/jazzy/share/nav_msgs/cmake)
[0.592s] -- Found rclcpp: 28.1.21 (/opt/ros/jazzy/share/rclcpp/cmake)
[0.646s] -- Found rmw_implementation_cmake: 7.3.3 (/opt/ros/jazzy/share/rmw_implementation_cmake/cmake)
[0.648s] -- Found rmw_fastrtps_cpp: 8.4.4 (/opt/ros/jazzy/share/rmw_fastrtps_cpp/cmake)
[0.755s] -- Using RMW implementation 'rmw_fastrtps_cpp' as default
[0.842s] -- Found sensor_msgs: 5.3.8 (/opt/ros/jazzy/share/sensor_msgs/cmake)
[0.863s] -- Found tf2: 0.36.21 (/opt/ros/jazzy/share/tf2/cmake)
[0.866s] -- Found tf2_msgs: 0.36.21 (/opt/ros/jazzy/share/tf2_msgs/cmake)
[0.905s] -- Found turtlebot3_msgs: 2.4.0 (/opt/ros/jazzy/share/turtlebot3_msgs/cmake)
[0.998s] -- Configuring done (0.9s)
[1.011s] -- Generating done (0.0s)
[1.015s] -- Build files have been written to: /adv_robotics/lab1/build/turtlebot3_fake_node
[1.025s] Invoked command in '/adv_robotics/lab1/build/turtlebot3_fake_node' returned '0': CMAKE_PREFIX_PATH=${CMAKE_PREFIX_PATH}:/opt/ros/jazzy /usr/bin/cmake /adv_robotics/lab1/turtlebot3_simulations/turtlebot3_fake_node -DAMENT_CMAKE_SYMLINK_INSTALL=1 -DCMAKE_INSTALL_PREFIX=/adv_robotics/lab1/install/turtlebot3_fake_node
[1.026s] Invoking command in '/adv_robotics/lab1/build/turtlebot3_fake_node': CMAKE_PREFIX_PATH=${CMAKE_PREFIX_PATH}:/opt/ros/jazzy /usr/bin/cmake --build /adv_robotics/lab1/build/turtlebot3_fake_node -- -j16 -l16
[1.097s] [100%] Built target turtlebot3_fake_node
[1.108s] Invoked command in '/adv_robotics/lab1/build/turtlebot3_fake_node' returned '0': CMAKE_PREFIX_PATH=${CMAKE_PREFIX_PATH}:/opt/ros/jazzy /usr/bin/cmake --build /adv_robotics/lab1/build/turtlebot3_fake_node -- -j16 -l16
[1.119s] Invoking command in '/adv_robotics/lab1/build/turtlebot3_fake_node': CMAKE_PREFIX_PATH=${CMAKE_PREFIX_PATH}:/opt/ros/jazzy /usr/bin/cmake --install /adv_robotics/lab1/build/turtlebot3_fake_node
[1.128s] -- Install configuration: ""
[1.128s] -- Execute custom install script
[1.129s] -- Up-to-date symlink: /adv_robotics/lab1/install/turtlebot3_fake_node/lib/turtlebot3_fake_node/turtlebot3_fake_node
[1.129s] -- Up-to-date symlink: /adv_robotics/lab1/install/turtlebot3_fake_node/share/turtlebot3_fake_node/launch/rviz2.launch.py
[1.129s] -- Up-to-date symlink: /adv_robotics/lab1/install/turtlebot3_fake_node/share/turtlebot3_fake_node/launch/turtlebot3_fake_node.launch.py
[1.129s] -- Up-to-date symlink: /adv_robotics/lab1/install/turtlebot3_fake_node/share/turtlebot3_fake_node/param/burger.yaml
[1.129s] -- Up-to-date symlink: /adv_robotics/lab1/install/turtlebot3_fake_node/share/turtlebot3_fake_node/param/waffle.yaml
[1.129s] -- Up-to-date symlink: /adv_robotics/lab1/install/turtlebot3_fake_node/share/turtlebot3_fake_node/param/waffle_pi.yaml
[1.130s] -- Up-to-date symlink: /adv_robotics/lab1/install/turtlebot3_fake_node/include//turtlebot3_fake_node/turtlebot3_fake_node.hpp
[1.130s] -- Up-to-date symlink: /adv_robotics/lab1/install/turtlebot3_fake_node/share/ament_index/resource_index/package_run_dependencies/turtlebot3_fake_node
[1.130s] -- Up-to-date symlink: /adv_robotics/lab1/install/turtlebot3_fake_node/share/ament_index/resource_index/parent_prefix_path/turtlebot3_fake_node
[1.130s] -- Up-to-date symlink: /adv_robotics/lab1/install/turtlebot3_fake_node/share/turtlebot3_fake_node/environment/ament_prefix_path.sh
[1.130s] -- Up-to-date symlink: /adv_robotics/lab1/install/turtlebot3_fake_node/share/turtlebot3_fake_node/environment/ament_prefix_path.dsv
[1.130s] -- Up-to-date symlink: /adv_robotics/lab1/install/turtlebot3_fake_node/share/turtlebot3_fake_node/environment/path.sh
[1.130s] -- Up-to-date symlink: /adv_robotics/lab1/install/turtlebot3_fake_node/share/turtlebot3_fake_node/environment/path.dsv
[1.130s] -- Up-to-date symlink: /adv_robotics/lab1/install/turtlebot3_fake_node/share/turtlebot3_fake_node/local_setup.bash
[1.130s] -- Up-to-date symlink: /adv_robotics/lab1/install/turtlebot3_fake_node/share/turtlebot3_fake_node/local_setup.sh
[1.130s] -- Up-to-date symlink: /adv_robotics/lab1/install/turtlebot3_fake_node/share/turtlebot3_fake_node/local_setup.zsh
[1.130s] -- Up-to-date symlink: /adv_robotics/lab1/install/turtlebot3_fake_node/share/turtlebot3_fake_node/local_setup.dsv
[1.131s] -- Symlinking: /adv_robotics/lab1/install/turtlebot3_fake_node/share/turtlebot3_fake_node/package.dsv
[1.141s] -- Up-to-date symlink: /adv_robotics/lab1/install/turtlebot3_fake_node/share/ament_index/resource_index/packages/turtlebot3_fake_node
[1.141s] -- Up-to-date symlink: /adv_robotics/lab1/install/turtlebot3_fake_node/share/turtlebot3_fake_node/cmake/ament_cmake_export_include_directories-extras.cmake
[1.141s] -- Up-to-date symlink: /adv_robotics/lab1/install/turtlebot3_fake_node/share/turtlebot3_fake_node/cmake/ament_cmake_export_dependencies-extras.cmake
[1.141s] -- Up-to-date symlink: /adv_robotics/lab1/install/turtlebot3_fake_node/share/turtlebot3_fake_node/cmake/turtlebot3_fake_nodeConfig.cmake
[1.141s] -- Up-to-date symlink: /adv_robotics/lab1/install/turtlebot3_fake_node/share/turtlebot3_fake_node/cmake/turtlebot3_fake_nodeConfig-version.cmake
[1.141s] -- Up-to-date symlink: /adv_robotics/lab1/install/turtlebot3_fake_node/share/turtlebot3_fake_node/package.xml
[1.143s] Invoked command in '/adv_robotics/lab1/build/turtlebot3_fake_node' returned '0': CMAKE_PREFIX_PATH=${CMAKE_PREFIX_PATH}:/opt/ros/jazzy /usr/bin/cmake --install /adv_robotics/lab1/build/turtlebot3_fake_node
