[0.031s] Invoking command in '/adv_robotics/lab1/build/turtlebot3_gazebo': CMAKE_PREFIX_PATH=${CMAKE_PREFIX_PATH}:/opt/ros/jazzy /usr/bin/cmake /adv_robotics/lab1/turtlebot3_simulations/turtlebot3_gazebo -DAMENT_CMAKE_SYMLINK_INSTALL=1 -DCMAKE_INSTALL_PREFIX=/adv_robotics/lab1/install/turtlebot3_gazebo
[0.314s] -- Found ament_cmake: 2.5.6 (/opt/ros/jazzy/share/ament_cmake/cmake)
[0.357s] -- Override CMake install command with custom implementation using symlinks instead of copying resources
[0.368s] -- Found ros_gz_sim: 1.0.22 (/opt/ros/jazzy/share/ros_gz_sim/cmake)
[0.411s] -- Found rosidl_generator_c: 4.6.9 (/opt/ros/jazzy/share/rosidl_generator_c/cmake)
[0.423s] -- Found rosidl_generator_cpp: 4.6.9 (/opt/ros/jazzy/share/rosidl_generator_cpp/cmake)
[0.439s] -- Using all available rosidl_typesupport_c: rosidl_typesupport_fastrtps_c;rosidl_typesupport_introspection_c
[0.458s] -- Using all available rosidl_typesupport_cpp: rosidl_typesupport_fastrtps_cpp;rosidl_typesupport_introspection_cpp
[0.554s] -- Found rmw_implementation_cmake: 7.3.3 (/opt/ros/jazzy/share/rmw_implementation_cmake/cmake)
[0.556s] -- Found rmw_fastrtps_cpp: 8.4.4 (/opt/ros/jazzy/share/rmw_fastrtps_cpp/cmake)
[0.663s] -- Using RMW implementation 'rmw_fastrtps_cpp' as default
[0.909s] -- Found nav_msgs: 5.3.8 (/opt/ros/jazzy/share/nav_msgs/cmake)
[0.928s] -- Found sensor_msgs: 5.3.8 (/opt/ros/jazzy/share/sensor_msgs/cmake)
[0.944s] -- Found gz_math_vendor: 0.0.9 (/opt/ros/jazzy/share/gz_math_vendor/cmake)
[0.946s] -- Looking for gz-math7 -- found version 7.6.0
[0.949s] -- Searching for dependencies of gz-math7
[0.950s] -- Looking for gz-utils2 -- found version 2.2.1
[0.950s] -- Searching for dependencies of gz-utils2
[0.951s] -- Found gz_sim_vendor: 0.0.10 (/opt/ros/jazzy/share/gz_sim_vendor/cmake)
[0.959s] -- Looking for gz-sim8 -- found version 8.11.0
[0.959s] -- Searching for dependencies of gz-sim8
[0.959s] -- Looking for sdformat14 -- found version 14.9.0
[0.960s] -- Searching for dependencies of sdformat14
[0.965s] -- Checking for module 'tinyxml2'
[0.983s] --   Found tinyxml2, version 10.0.0
[1.023s] -- Looking for gz-math7 -- found version 7.6.0
[1.023s] -- Looking for gz-utils2 -- found version 2.2.1
[1.023s] -- Searching for dependencies of gz-utils2
[1.023s] -- Searching for <gz-utils2> component [cli]
[1.023s] -- Looking for gz-utils2-cli -- found version 2.2.1
[1.024s] -- Searching for dependencies of gz-utils2-cli
[1.025s] -- Looking for gz-plugin2 -- found version 2.0.4
[1.025s] -- Searching for dependencies of gz-plugin2
[1.025s] -- Looking for gz-utils2 -- found version 2.2.1
[1.025s] -- Searching for <gz-plugin2> component [loader]
[1.026s] -- Looking for gz-plugin2-loader -- found version 2.0.4
[1.026s] -- Searching for dependencies of gz-plugin2-loader
[1.026s] -- Searching for <gz-plugin2> component [register]
[1.026s] -- Looking for gz-plugin2-register -- found version 2.0.4
[1.027s] -- Searching for dependencies of gz-plugin2-register
[1.027s] -- Looking for gz-transport13 -- found version 13.5.0
[1.027s] -- Searching for dependencies of gz-transport13
[1.069s] -- Config-file not installed for ZeroMQ -- checking for pkg-config
[1.073s] -- Checking for module 'libzmq >= 4'
[1.091s] --   Found libzmq, version 4.3.5
[1.149s] -- Checking for module 'uuid'
[1.167s] --   Found uuid, version 2.39.3
[1.207s] -- Looking for gz-utils2 -- found version 2.2.1
[1.207s] -- Looking for gz-msgs10 -- found version 10.3.2
[1.207s] -- Searching for dependencies of gz-msgs10
[1.231s] -- Looking for gz-utils2 -- found version 2.2.1
[1.231s] -- Looking for gz-math7 -- found version 7.6.0
[1.239s] -- Searching for <gz-transport13> component [log]
[1.240s] -- Looking for gz-transport13-log -- found version 13.5.0
[1.240s] -- Searching for dependencies of gz-transport13-log
[1.240s] -- Searching for <gz-transport13> component [parameters]
[1.240s] -- Looking for gz-transport13-parameters -- found version 13.5.0
[1.240s] -- Searching for dependencies of gz-transport13-parameters
[1.241s] -- Looking for gz-msgs10 -- found version 10.3.2
[1.241s] -- Looking for gz-common5 -- found version 5.8.0
[1.242s] -- Searching for dependencies of gz-common5
[1.242s] -- Looking for gz-utils2 -- found version 2.2.1
[1.242s] -- Looking for dlfcn.h - found
[1.242s] -- Looking for libdl - found
[1.250s] -- Searching for <gz-common5> component [av]
[1.250s] -- Looking for gz-common5-av -- found version 5.8.0
[1.250s] -- Searching for dependencies of gz-common5-av
[1.256s] -- Checking for module 'libswscale'
[1.276s] --   Found libswscale, version 7.5.100
[1.324s] -- Checking for module 'libavdevice >= 56.4.100'
[1.342s] --   Found libavdevice, version 60.3.100
[1.398s] -- Checking for module 'libavformat'
[1.417s] --   Found libavformat, version 60.16.100
[1.463s] -- Checking for module 'libavcodec'
[1.480s] --   Found libavcodec, version 60.31.102
[1.527s] -- Checking for module 'libavutil'
[1.544s] --   Found libavutil, version 58.29.100
[1.582s] -- Searching for <gz-common5> component [events]
[1.583s] -- Looking for gz-common5-events -- found version 5.8.0
[1.583s] -- Searching for dependencies of gz-common5-events
[1.583s] -- Looking for gz-math7 -- found version 7.6.0
[1.583s] -- Searching for <gz-common5> component [graphics]
[1.584s] -- Looking for gz-common5-graphics -- found version 5.8.0
[1.584s] -- Searching for dependencies of gz-common5-graphics
[1.584s] -- Looking for gz-math7 -- found version 7.6.0
[1.586s] -- Searching for <gz-common5> component [io]
[1.586s] -- Looking for gz-common5-io -- found version 5.8.0
[1.587s] -- Searching for dependencies of gz-common5-io
[1.587s] -- Searching for <gz-common5> component [profiler]
[1.587s] -- Looking for gz-common5-profiler -- found version 5.8.0
[1.587s] -- Searching for dependencies of gz-common5-profiler
[1.588s] -- Looking for gz-fuel_tools9 -- found version 9.1.1
[1.589s] -- Searching for dependencies of gz-fuel_tools9
[1.638s] -- Checking for module 'jsoncpp'
[1.659s] --   Found jsoncpp, version 1.9.5
[1.719s] -- Checking for module 'yaml-0.1'
[1.736s] --   Found yaml-0.1, version 0.2.5
[1.779s] -- Checking for module 'libzip'
[1.796s] --   Found libzip, version 1.7.3
[1.834s] -- Looking for gz-utils2 -- found version 2.2.1
[1.834s] -- Looking for gz-common5 -- found version 5.8.0
[1.834s] -- Searching for dependencies of gz-common5
[1.834s] -- Looking for gz-utils2 -- found version 2.2.1
[1.834s] -- Looking for dlfcn.h - found
[1.834s] -- Looking for libdl - found
[1.842s] -- Searching for <gz-common5> component [testing]
[1.842s] -- Looking for gz-common5-testing -- found version 5.8.0
[1.842s] -- Searching for dependencies of gz-common5-testing
[1.843s] -- Looking for gz-math7 -- found version 7.6.0
[1.844s] -- Looking for gz-msgs10 -- found version 10.3.2
[1.844s] -- Looking for gz-gui8 -- found version 8.4.0
[1.844s] -- Searching for dependencies of gz-gui8
[1.872s] -- Looking for gz-utils2 -- found version 2.2.1
[1.872s] -- Looking for gz-math7 -- found version 7.6.0
[1.872s] -- Looking for gz-common5 -- found version 5.8.0
[1.873s] -- Looking for gz-plugin2 -- found version 2.0.4
[1.873s] -- Looking for gz-transport13 -- found version 13.5.0
[1.873s] -- Looking for gz-rendering8 -- found version 8.2.3
[1.873s] -- Searching for dependencies of gz-rendering8
[1.874s] -- Looking for gz-math7 -- found version 7.6.0
[1.874s] -- Searching for dependencies of gz-math7
[1.874s] -- Looking for gz-utils2 -- found version 2.2.1
[1.874s] -- Searching for <gz-math7> component [eigen3]
[1.875s] -- Looking for gz-math7-eigen3 -- found version 7.6.0
[1.875s] -- Searching for dependencies of gz-math7-eigen3
[1.876s] -- Looking for gz-common5 -- found version 5.8.0
[1.876s] -- Searching for dependencies of gz-common5
[1.876s] -- Looking for gz-utils2 -- found version 2.2.1
[1.876s] -- Looking for dlfcn.h - found
[1.876s] -- Looking for libdl - found
[1.883s] -- Searching for <gz-common5> component [graphics]
[1.884s] -- Searching for <gz-common5> component [events]
[1.884s] -- Searching for <gz-common5> component [geospatial]
[1.884s] -- Looking for gz-common5-geospatial -- found version 5.8.0
[1.884s] -- Searching for dependencies of gz-common5-geospatial
[1.884s] -- Looking for gz-math7 -- found version 7.6.0
[1.884s] -- Looking for gz-common5 -- found version 5.8.0
[1.885s] -- Looking for gz-plugin2 -- found version 2.0.4
[1.885s] -- Searching for dependencies of gz-plugin2
[1.886s] -- Looking for gz-utils2 -- found version 2.2.1
[1.886s] -- Searching for <gz-plugin2> component [all]
[1.886s] -- Looking for all libraries of gz-plugin2 -- found version 2.0.4
[1.886s] -- Looking for gz-plugin2 -- found version 2.0.4
[1.887s] -- Looking for gz-utils2 -- found version 2.2.1
[1.890s] -- Looking for gz-msgs10 -- found version 10.3.2
[1.902s] -- Looking for gz-physics7 -- found version 7.6.0
[1.902s] -- Searching for dependencies of gz-physics7
[1.902s] -- Looking for gz-common5 -- found version 5.8.0
[1.903s] -- Looking for gz-math7 -- found version 7.6.0
[1.903s] -- Looking for gz-plugin2 -- found version 2.0.4
[1.903s] -- Looking for gz-utils2 -- found version 2.2.1
[1.904s] -- Searching for <gz-physics7> component [heightmap]
[1.905s] -- Looking for gz-physics7-heightmap -- found version 7.6.0
[1.905s] -- Searching for dependencies of gz-physics7-heightmap
[1.905s] -- Looking for gz-common5 -- found version 5.8.0
[1.905s] -- Searching for <gz-physics7> component [mesh]
[1.906s] -- Looking for gz-physics7-mesh -- found version 7.6.0
[1.906s] -- Searching for dependencies of gz-physics7-mesh
[1.906s] -- Looking for gz-common5 -- found version 5.8.0
[1.906s] -- Searching for <gz-physics7> component [sdf]
[1.906s] -- Looking for gz-physics7-sdf -- found version 7.6.0
[1.907s] -- Searching for dependencies of gz-physics7-sdf
[1.907s] -- Looking for sdformat14 -- found version 14.9.0
[1.908s] -- Looking for gz-sensors8 -- found version 8.2.2
[1.908s] -- Searching for dependencies of gz-sensors8
[1.932s] -- Looking for gz-math7 -- found version 7.6.0
[1.932s] -- Looking for gz-common5 -- found version 5.8.0
[1.932s] -- Looking for gz-transport13 -- found version 13.5.0
[1.933s] -- Looking for gz-rendering8 -- found version 8.2.3
[1.933s] -- Looking for gz-msgs10 -- found version 10.3.2
[1.933s] -- Looking for sdformat14 -- found version 14.9.0
[1.934s] -- Searching for <gz-sensors8> component [air_pressure]
[1.934s] -- Looking for gz-sensors8-air_pressure -- found version 8.2.2
[1.934s] -- Searching for dependencies of gz-sensors8-air_pressure
[1.934s] -- Searching for <gz-sensors8> component [air_speed]
[1.935s] -- Looking for gz-sensors8-air_speed -- found version 8.2.2
[1.935s] -- Searching for dependencies of gz-sensors8-air_speed
[1.935s] -- Searching for <gz-sensors8> component [altimeter]
[1.935s] -- Looking for gz-sensors8-altimeter -- found version 8.2.2
[1.935s] -- Searching for dependencies of gz-sensors8-altimeter
[1.936s] -- Searching for <gz-sensors8> component [imu]
[1.936s] -- Looking for gz-sensors8-imu -- found version 8.2.2
[1.936s] -- Searching for dependencies of gz-sensors8-imu
[1.936s] -- Searching for <gz-sensors8> component [force_torque]
[1.937s] -- Looking for gz-sensors8-force_torque -- found version 8.2.2
[1.937s] -- Searching for dependencies of gz-sensors8-force_torque
[1.937s] -- Searching for <gz-sensors8> component [logical_camera]
[1.937s] -- Looking for gz-sensors8-logical_camera -- found version 8.2.2
[1.937s] -- Searching for dependencies of gz-sensors8-logical_camera
[1.938s] -- Searching for <gz-sensors8> component [magnetometer]
[1.938s] -- Looking for gz-sensors8-magnetometer -- found version 8.2.2
[1.938s] -- Searching for dependencies of gz-sensors8-magnetometer
[1.938s] -- Searching for <gz-sensors8> component [navsat]
[1.939s] -- Looking for gz-sensors8-navsat -- found version 8.2.2
[1.939s] -- Searching for dependencies of gz-sensors8-navsat
[1.939s] -- Searching for <gz-sensors8> component [dvl]
[1.939s] -- Looking for gz-sensors8-dvl -- found version 8.2.2
[1.940s] -- Searching for dependencies of gz-sensors8-dvl
[1.940s] -- Looking for gz-sensors8 -- found version 8.2.2
[1.940s] -- Searching for dependencies of gz-sensors8
[1.963s] -- Looking for gz-math7 -- found version 7.6.0
[1.964s] -- Looking for gz-common5 -- found version 5.8.0
[1.964s] -- Looking for gz-transport13 -- found version 13.5.0
[1.964s] -- Looking for gz-rendering8 -- found version 8.2.3
[1.964s] -- Looking for gz-msgs10 -- found version 10.3.2
[1.965s] -- Looking for sdformat14 -- found version 14.9.0
[1.965s] -- Searching for <gz-sensors8> component [rendering]
[1.965s] -- Looking for gz-sensors8-rendering -- found version 8.2.2
[1.965s] -- Searching for dependencies of gz-sensors8-rendering
[1.966s] -- Searching for <gz-sensors8> component [rendering]
[1.966s] -- Searching for <gz-sensors8> component [lidar]
[1.967s] -- Looking for gz-sensors8-lidar -- found version 8.2.2
[1.967s] -- Searching for dependencies of gz-sensors8-lidar
[1.968s] -- Looking for gz-sensors8 -- found version 8.2.2
[1.968s] -- Searching for <gz-sensors8> component [gpu_lidar]
[1.968s] -- Looking for gz-sensors8-gpu_lidar -- found version 8.2.2
[1.968s] -- Searching for dependencies of gz-sensors8-gpu_lidar
[1.969s] -- Looking for gz-sensors8 -- found version 8.2.2
[1.969s] -- Searching for <gz-sensors8> component [camera]
[1.969s] -- Looking for gz-sensors8-camera -- found version 8.2.2
[1.969s] -- Searching for dependencies of gz-sensors8-camera
[1.970s] -- Looking for gz-sensors8 -- found version 8.2.2
[1.970s] -- Searching for <gz-sensors8> component [boundingbox_camera]
[1.970s] -- Looking for gz-sensors8-boundingbox_camera -- found version 8.2.2
[1.970s] -- Searching for dependencies of gz-sensors8-boundingbox_camera
[1.971s] -- Searching for <gz-sensors8> component [segmentation_camera]
[1.971s] -- Looking for gz-sensors8-segmentation_camera -- found version 8.2.2
[1.971s] -- Searching for dependencies of gz-sensors8-segmentation_camera
[1.971s] -- Searching for <gz-sensors8> component [depth_camera]
[1.971s] -- Looking for gz-sensors8-depth_camera -- found version 8.2.2
[1.972s] -- Searching for dependencies of gz-sensors8-depth_camera
[1.972s] -- Looking for gz-sensors8 -- found version 8.2.2
[1.972s] -- Searching for <gz-sensors8> component [rgbd_camera]
[1.972s] -- Looking for gz-sensors8-rgbd_camera -- found version 8.2.2
[1.972s] -- Searching for dependencies of gz-sensors8-rgbd_camera
[1.973s] -- Looking for gz-sensors8 -- found version 8.2.2
[1.973s] -- Searching for <gz-sensors8> component [thermal_camera]
[1.973s] -- Looking for gz-sensors8-thermal_camera -- found version 8.2.2
[1.973s] -- Searching for dependencies of gz-sensors8-thermal_camera
[1.974s] -- Looking for gz-sensors8 -- found version 8.2.2
[1.974s] -- Searching for <gz-sensors8> component [wide_angle_camera]
[1.974s] -- Looking for gz-sensors8-wide_angle_camera -- found version 8.2.2
[1.974s] -- Searching for dependencies of gz-sensors8-wide_angle_camera
[1.975s] -- Looking for gz-rendering8 -- found version 8.2.3
[1.975s] -- Looking for gz-math7 -- found version 7.6.0
[1.976s] -- Looking for gz-utils2 -- found version 2.2.1
[1.999s] -- Looking for gz-plugin2 -- found version 2.0.4
[2.068s] -- Configuring done (2.0s)
[2.102s] -- Generating done (0.0s)
[2.108s] -- Build files have been written to: /adv_robotics/lab1/build/turtlebot3_gazebo
[2.120s] Invoked command in '/adv_robotics/lab1/build/turtlebot3_gazebo' returned '0': CMAKE_PREFIX_PATH=${CMAKE_PREFIX_PATH}:/opt/ros/jazzy /usr/bin/cmake /adv_robotics/lab1/turtlebot3_simulations/turtlebot3_gazebo -DAMENT_CMAKE_SYMLINK_INSTALL=1 -DCMAKE_INSTALL_PREFIX=/adv_robotics/lab1/install/turtlebot3_gazebo
[2.121s] Invoking command in '/adv_robotics/lab1/build/turtlebot3_gazebo': CMAKE_PREFIX_PATH=${CMAKE_PREFIX_PATH}:/opt/ros/jazzy /usr/bin/cmake --build /adv_robotics/lab1/build/turtlebot3_gazebo -- -j16 -l16
[2.187s] [ 75%] Built target obstacle2
[2.187s] [ 75%] Built target obstacle1
[2.187s] [ 75%] Built target obstacles
[2.191s] [100%] Built target turtlebot3_drive
[2.204s] Invoked command in '/adv_robotics/lab1/build/turtlebot3_gazebo' returned '0': CMAKE_PREFIX_PATH=${CMAKE_PREFIX_PATH}:/opt/ros/jazzy /usr/bin/cmake --build /adv_robotics/lab1/build/turtlebot3_gazebo -- -j16 -l16
[2.205s] Invoking command in '/adv_robotics/lab1/build/turtlebot3_gazebo': CMAKE_PREFIX_PATH=${CMAKE_PREFIX_PATH}:/opt/ros/jazzy /usr/bin/cmake --install /adv_robotics/lab1/build/turtlebot3_gazebo
[2.214s] -- Install configuration: ""
[2.214s] -- Execute custom install script
[2.214s] -- Up-to-date symlink: /adv_robotics/lab1/install/turtlebot3_gazebo/lib/turtlebot3_gazebo/turtlebot3_drive
[2.214s] -- Up-to-date symlink: /adv_robotics/lab1/install/turtlebot3_gazebo/lib/turtlebot3_gazebo/libobstacles.so
[2.214s] -- Up-to-date symlink: /adv_robotics/lab1/install/turtlebot3_gazebo/lib/turtlebot3_gazebo/libobstacle1.so
[2.214s] -- Up-to-date symlink: /adv_robotics/lab1/install/turtlebot3_gazebo/lib/turtlebot3_gazebo/libobstacle2.so
[2.215s] -- Up-to-date symlink: /adv_robotics/lab1/install/turtlebot3_gazebo/share/turtlebot3_gazebo//launch/empty_world.launch.py
[2.215s] -- Up-to-date symlink: /adv_robotics/lab1/install/turtlebot3_gazebo/share/turtlebot3_gazebo//launch/robot_state_publisher.launch.py
[2.215s] -- Up-to-date symlink: /adv_robotics/lab1/install/turtlebot3_gazebo/share/turtlebot3_gazebo//launch/spawn_turtlebot3.launch.py
[2.215s] -- Up-to-date symlink: /adv_robotics/lab1/install/turtlebot3_gazebo/share/turtlebot3_gazebo//launch/turtlebot3_dqn_stage1.launch.py
[2.215s] -- Up-to-date symlink: /adv_robotics/lab1/install/turtlebot3_gazebo/share/turtlebot3_gazebo//launch/turtlebot3_dqn_stage2.launch.py
[2.215s] -- Up-to-date symlink: /adv_robotics/lab1/install/turtlebot3_gazebo/share/turtlebot3_gazebo//launch/turtlebot3_dqn_stage3.launch.py
[2.215s] -- Up-to-date symlink: /adv_robotics/lab1/install/turtlebot3_gazebo/share/turtlebot3_gazebo//launch/turtlebot3_dqn_stage4.launch.py
[2.215s] -- Up-to-date symlink: /adv_robotics/lab1/install/turtlebot3_gazebo/share/turtlebot3_gazebo//launch/turtlebot3_house.launch.py
[2.215s] -- Up-to-date symlink: /adv_robotics/lab1/install/turtlebot3_gazebo/share/turtlebot3_gazebo//launch/turtlebot3_world.launch.py
[2.216s] -- Up-to-date symlink: /adv_robotics/lab1/install/turtlebot3_gazebo/share/turtlebot3_gazebo//models/turtlebot3_burger/model-1_4.sdf
[2.216s] -- Up-to-date symlink: /adv_robotics/lab1/install/turtlebot3_gazebo/share/turtlebot3_gazebo//models/turtlebot3_burger/model.config
[2.216s] -- Up-to-date symlink: /adv_robotics/lab1/install/turtlebot3_gazebo/share/turtlebot3_gazebo//models/turtlebot3_burger/model.sdf
[2.216s] -- Up-to-date symlink: /adv_robotics/lab1/install/turtlebot3_gazebo/share/turtlebot3_gazebo//models/turtlebot3_burger_cam/model-1_4.sdf
[2.216s] -- Up-to-date symlink: /adv_robotics/lab1/install/turtlebot3_gazebo/share/turtlebot3_gazebo//models/turtlebot3_burger_cam/model.config
[2.217s] -- Up-to-date symlink: /adv_robotics/lab1/install/turtlebot3_gazebo/share/turtlebot3_gazebo//models/turtlebot3_burger_cam/model.sdf
[2.217s] -- Up-to-date symlink: /adv_robotics/lab1/install/turtlebot3_gazebo/share/turtlebot3_gazebo//models/turtlebot3_common/meshes/bases/burger_base.stl
[2.217s] -- Up-to-date symlink: /adv_robotics/lab1/install/turtlebot3_gazebo/share/turtlebot3_gazebo//models/turtlebot3_common/meshes/bases/waffle_base.stl
[2.217s] -- Up-to-date symlink: /adv_robotics/lab1/install/turtlebot3_gazebo/share/turtlebot3_gazebo//models/turtlebot3_common/meshes/bases/waffle_pi_base.stl
[2.217s] -- Up-to-date symlink: /adv_robotics/lab1/install/turtlebot3_gazebo/share/turtlebot3_gazebo//models/turtlebot3_common/meshes/burger_base.dae
[2.217s] -- Up-to-date symlink: /adv_robotics/lab1/install/turtlebot3_gazebo/share/turtlebot3_gazebo//models/turtlebot3_common/meshes/lds.dae
[2.217s] -- Up-to-date symlink: /adv_robotics/lab1/install/turtlebot3_gazebo/share/turtlebot3_gazebo//models/turtlebot3_common/meshes/r200.dae
[2.217s] -- Up-to-date symlink: /adv_robotics/lab1/install/turtlebot3_gazebo/share/turtlebot3_gazebo//models/turtlebot3_common/meshes/sensors/astra.dae
[2.217s] -- Up-to-date symlink: /adv_robotics/lab1/install/turtlebot3_gazebo/share/turtlebot3_gazebo//models/turtlebot3_common/meshes/sensors/astra.jpg
[2.217s] -- Up-to-date symlink: /adv_robotics/lab1/install/turtlebot3_gazebo/share/turtlebot3_gazebo//models/turtlebot3_common/meshes/sensors/lds.stl
[2.217s] -- Up-to-date symlink: /adv_robotics/lab1/install/turtlebot3_gazebo/share/turtlebot3_gazebo//models/turtlebot3_common/meshes/sensors/r200.dae
[2.217s] -- Up-to-date symlink: /adv_robotics/lab1/install/turtlebot3_gazebo/share/turtlebot3_gazebo//models/turtlebot3_common/meshes/sensors/r200.jpg
[2.217s] -- Up-to-date symlink: /adv_robotics/lab1/install/turtlebot3_gazebo/share/turtlebot3_gazebo//models/turtlebot3_common/meshes/tire.dae
[2.217s] -- Up-to-date symlink: /adv_robotics/lab1/install/turtlebot3_gazebo/share/turtlebot3_gazebo//models/turtlebot3_common/meshes/waffle_base.dae
[2.218s] -- Up-to-date symlink: /adv_robotics/lab1/install/turtlebot3_gazebo/share/turtlebot3_gazebo//models/turtlebot3_common/meshes/waffle_pi_base.dae
[2.218s] -- Up-to-date symlink: /adv_robotics/lab1/install/turtlebot3_gazebo/share/turtlebot3_gazebo//models/turtlebot3_common/meshes/wheels/left_tire.stl
[2.218s] -- Up-to-date symlink: /adv_robotics/lab1/install/turtlebot3_gazebo/share/turtlebot3_gazebo//models/turtlebot3_common/meshes/wheels/right_tire.stl
[2.218s] -- Up-to-date symlink: /adv_robotics/lab1/install/turtlebot3_gazebo/share/turtlebot3_gazebo//models/turtlebot3_common/model.config
[2.218s] -- Up-to-date symlink: /adv_robotics/lab1/install/turtlebot3_gazebo/share/turtlebot3_gazebo//models/turtlebot3_dqn_world/goal_box/model.config
[2.218s] -- Up-to-date symlink: /adv_robotics/lab1/install/turtlebot3_gazebo/share/turtlebot3_gazebo//models/turtlebot3_dqn_world/goal_box/model.sdf
[2.218s] -- Up-to-date symlink: /adv_robotics/lab1/install/turtlebot3_gazebo/share/turtlebot3_gazebo//models/turtlebot3_dqn_world/inner_walls/model.config
[2.218s] -- Up-to-date symlink: /adv_robotics/lab1/install/turtlebot3_gazebo/share/turtlebot3_gazebo//models/turtlebot3_dqn_world/inner_walls/model.sdf
[2.218s] -- Up-to-date symlink: /adv_robotics/lab1/install/turtlebot3_gazebo/share/turtlebot3_gazebo//models/turtlebot3_dqn_world/inner_walls/textures/wood.png
[2.218s] -- Up-to-date symlink: /adv_robotics/lab1/install/turtlebot3_gazebo/share/turtlebot3_gazebo//models/turtlebot3_dqn_world/model.config
[2.218s] -- Up-to-date symlink: /adv_robotics/lab1/install/turtlebot3_gazebo/share/turtlebot3_gazebo//models/turtlebot3_dqn_world/model.sdf
[2.218s] -- Up-to-date symlink: /adv_robotics/lab1/install/turtlebot3_gazebo/share/turtlebot3_gazebo//models/turtlebot3_dqn_world/obstacle1/model.config
[2.218s] -- Up-to-date symlink: /adv_robotics/lab1/install/turtlebot3_gazebo/share/turtlebot3_gazebo//models/turtlebot3_dqn_world/obstacle1/model.sdf
[2.218s] -- Up-to-date symlink: /adv_robotics/lab1/install/turtlebot3_gazebo/share/turtlebot3_gazebo//models/turtlebot3_dqn_world/obstacle2/model.config
[2.219s] -- Up-to-date symlink: /adv_robotics/lab1/install/turtlebot3_gazebo/share/turtlebot3_gazebo//models/turtlebot3_dqn_world/obstacle2/model.sdf
[2.219s] -- Up-to-date symlink: /adv_robotics/lab1/install/turtlebot3_gazebo/share/turtlebot3_gazebo//models/turtlebot3_dqn_world/obstacles/model.config
[2.219s] -- Up-to-date symlink: /adv_robotics/lab1/install/turtlebot3_gazebo/share/turtlebot3_gazebo//models/turtlebot3_dqn_world/obstacles/model.sdf
[2.219s] -- Up-to-date symlink: /adv_robotics/lab1/install/turtlebot3_gazebo/share/turtlebot3_gazebo//models/turtlebot3_dqn_world/textures/wood.png
[2.219s] -- Up-to-date symlink: /adv_robotics/lab1/install/turtlebot3_gazebo/share/turtlebot3_gazebo//models/turtlebot3_house/cafe_table/materials/textures/Maple.jpg
[2.219s] -- Up-to-date symlink: /adv_robotics/lab1/install/turtlebot3_gazebo/share/turtlebot3_gazebo//models/turtlebot3_house/cafe_table/materials/textures/Wood_Floor_Dark.jpg
[2.219s] -- Up-to-date symlink: /adv_robotics/lab1/install/turtlebot3_gazebo/share/turtlebot3_gazebo//models/turtlebot3_house/cafe_table/meshes/cafe_table.dae
[2.219s] -- Up-to-date symlink: /adv_robotics/lab1/install/turtlebot3_gazebo/share/turtlebot3_gazebo//models/turtlebot3_house/cafe_table/model-1_4.sdf
[2.219s] -- Up-to-date symlink: /adv_robotics/lab1/install/turtlebot3_gazebo/share/turtlebot3_gazebo//models/turtlebot3_house/cafe_table/model.config
[2.219s] -- Up-to-date symlink: /adv_robotics/lab1/install/turtlebot3_gazebo/share/turtlebot3_gazebo//models/turtlebot3_house/cafe_table/model.sdf
[2.219s] -- Up-to-date symlink: /adv_robotics/lab1/install/turtlebot3_gazebo/share/turtlebot3_gazebo//models/turtlebot3_house/first_2015_trash_can/meshes/trash_can.dae
[2.219s] -- Up-to-date symlink: /adv_robotics/lab1/install/turtlebot3_gazebo/share/turtlebot3_gazebo//models/turtlebot3_house/first_2015_trash_can/model.config
[2.220s] -- Up-to-date symlink: /adv_robotics/lab1/install/turtlebot3_gazebo/share/turtlebot3_gazebo//models/turtlebot3_house/first_2015_trash_can/model.sdf
[2.220s] -- Up-to-date symlink: /adv_robotics/lab1/install/turtlebot3_gazebo/share/turtlebot3_gazebo//models/turtlebot3_house/mailbox/materials/scripts/mailbox.material
[2.220s] -- Up-to-date symlink: /adv_robotics/lab1/install/turtlebot3_gazebo/share/turtlebot3_gazebo//models/turtlebot3_house/mailbox/materials/textures/Mailbox_Diffuse.png
[2.220s] -- Up-to-date symlink: /adv_robotics/lab1/install/turtlebot3_gazebo/share/turtlebot3_gazebo//models/turtlebot3_house/mailbox/materials/textures/Mailbox_Diffuse.tga.orig
[2.220s] -- Up-to-date symlink: /adv_robotics/lab1/install/turtlebot3_gazebo/share/turtlebot3_gazebo//models/turtlebot3_house/mailbox/materials/textures/Mailbox_Spec.png
[2.220s] -- Up-to-date symlink: /adv_robotics/lab1/install/turtlebot3_gazebo/share/turtlebot3_gazebo//models/turtlebot3_house/mailbox/meshes/mailbox.dae
[2.220s] -- Up-to-date symlink: /adv_robotics/lab1/install/turtlebot3_gazebo/share/turtlebot3_gazebo//models/turtlebot3_house/mailbox/model-1_3.sdf
[2.220s] -- Up-to-date symlink: /adv_robotics/lab1/install/turtlebot3_gazebo/share/turtlebot3_gazebo//models/turtlebot3_house/mailbox/model-1_4.sdf
[2.220s] -- Up-to-date symlink: /adv_robotics/lab1/install/turtlebot3_gazebo/share/turtlebot3_gazebo//models/turtlebot3_house/mailbox/model.config
[2.220s] -- Up-to-date symlink: /adv_robotics/lab1/install/turtlebot3_gazebo/share/turtlebot3_gazebo//models/turtlebot3_house/mailbox/model.sdf
[2.220s] -- Up-to-date symlink: /adv_robotics/lab1/install/turtlebot3_gazebo/share/turtlebot3_gazebo//models/turtlebot3_house/model.config
[2.220s] -- Up-to-date symlink: /adv_robotics/lab1/install/turtlebot3_gazebo/share/turtlebot3_gazebo//models/turtlebot3_house/model.sdf
[2.220s] -- Up-to-date symlink: /adv_robotics/lab1/install/turtlebot3_gazebo/share/turtlebot3_gazebo//models/turtlebot3_house/table_marble/materials/scripts/table_lightmap.material
[2.220s] -- Up-to-date symlink: /adv_robotics/lab1/install/turtlebot3_gazebo/share/turtlebot3_gazebo//models/turtlebot3_house/table_marble/materials/textures/marble.png
[2.221s] -- Up-to-date symlink: /adv_robotics/lab1/install/turtlebot3_gazebo/share/turtlebot3_gazebo//models/turtlebot3_house/table_marble/materials/textures/table_lightmap.png
[2.221s] -- Up-to-date symlink: /adv_robotics/lab1/install/turtlebot3_gazebo/share/turtlebot3_gazebo//models/turtlebot3_house/table_marble/meshes/table_lightmap.dae
[2.221s] -- Up-to-date symlink: /adv_robotics/lab1/install/turtlebot3_gazebo/share/turtlebot3_gazebo//models/turtlebot3_house/table_marble/model-1_4.sdf
[2.221s] -- Up-to-date symlink: /adv_robotics/lab1/install/turtlebot3_gazebo/share/turtlebot3_gazebo//models/turtlebot3_house/table_marble/model.config
[2.221s] -- Up-to-date symlink: /adv_robotics/lab1/install/turtlebot3_gazebo/share/turtlebot3_gazebo//models/turtlebot3_house/table_marble/model.sdf
[2.221s] -- Up-to-date symlink: /adv_robotics/lab1/install/turtlebot3_gazebo/share/turtlebot3_gazebo//models/turtlebot3_house/textures/bricks.png
[2.221s] -- Up-to-date symlink: /adv_robotics/lab1/install/turtlebot3_gazebo/share/turtlebot3_gazebo//models/turtlebot3_house/textures/wood.png
[2.221s] -- Up-to-date symlink: /adv_robotics/lab1/install/turtlebot3_gazebo/share/turtlebot3_gazebo//models/turtlebot3_waffle/model-1_4.sdf
[2.221s] -- Up-to-date symlink: /adv_robotics/lab1/install/turtlebot3_gazebo/share/turtlebot3_gazebo//models/turtlebot3_waffle/model.config
[2.221s] -- Up-to-date symlink: /adv_robotics/lab1/install/turtlebot3_gazebo/share/turtlebot3_gazebo//models/turtlebot3_waffle/model.sdf
[2.221s] -- Up-to-date symlink: /adv_robotics/lab1/install/turtlebot3_gazebo/share/turtlebot3_gazebo//models/turtlebot3_waffle_pi/model-1_4_.sdf
[2.221s] -- Up-to-date symlink: /adv_robotics/lab1/install/turtlebot3_gazebo/share/turtlebot3_gazebo//models/turtlebot3_waffle_pi/model.config
[2.221s] -- Up-to-date symlink: /adv_robotics/lab1/install/turtlebot3_gazebo/share/turtlebot3_gazebo//models/turtlebot3_waffle_pi/model.sdf
[2.221s] -- Up-to-date symlink: /adv_robotics/lab1/install/turtlebot3_gazebo/share/turtlebot3_gazebo//models/turtlebot3_world/meshes/hexagon.dae
[2.222s] -- Up-to-date symlink: /adv_robotics/lab1/install/turtlebot3_gazebo/share/turtlebot3_gazebo//models/turtlebot3_world/meshes/wall.dae
[2.222s] -- Up-to-date symlink: /adv_robotics/lab1/install/turtlebot3_gazebo/share/turtlebot3_gazebo//models/turtlebot3_world/model-1_4.sdf
[2.222s] -- Up-to-date symlink: /adv_robotics/lab1/install/turtlebot3_gazebo/share/turtlebot3_gazebo//models/turtlebot3_world/model.config
[2.222s] -- Up-to-date symlink: /adv_robotics/lab1/install/turtlebot3_gazebo/share/turtlebot3_gazebo//models/turtlebot3_world/model.sdf
[2.222s] -- Up-to-date symlink: /adv_robotics/lab1/install/turtlebot3_gazebo/share/turtlebot3_gazebo//params/turtlebot3_burger_bridge.yaml
[2.222s] -- Up-to-date symlink: /adv_robotics/lab1/install/turtlebot3_gazebo/share/turtlebot3_gazebo//params/turtlebot3_burger_cam_bridge.yaml
[2.222s] -- Up-to-date symlink: /adv_robotics/lab1/install/turtlebot3_gazebo/share/turtlebot3_gazebo//params/turtlebot3_waffle_bridge.yaml
[2.222s] -- Up-to-date symlink: /adv_robotics/lab1/install/turtlebot3_gazebo/share/turtlebot3_gazebo//params/turtlebot3_waffle_pi_bridge.yaml
[2.222s] -- Up-to-date symlink: /adv_robotics/lab1/install/turtlebot3_gazebo/share/turtlebot3_gazebo//rviz/tb3_gazebo.rviz
[2.223s] -- Up-to-date symlink: /adv_robotics/lab1/install/turtlebot3_gazebo/share/turtlebot3_gazebo//urdf/common_properties.urdf
[2.223s] -- Up-to-date symlink: /adv_robotics/lab1/install/turtlebot3_gazebo/share/turtlebot3_gazebo//urdf/turtlebot3_burger.urdf
[2.223s] -- Up-to-date symlink: /adv_robotics/lab1/install/turtlebot3_gazebo/share/turtlebot3_gazebo//urdf/turtlebot3_burger_cam.urdf
[2.223s] -- Up-to-date symlink: /adv_robotics/lab1/install/turtlebot3_gazebo/share/turtlebot3_gazebo//urdf/turtlebot3_waffle.urdf
[2.223s] -- Up-to-date symlink: /adv_robotics/lab1/install/turtlebot3_gazebo/share/turtlebot3_gazebo//urdf/turtlebot3_waffle_pi.urdf
[2.223s] -- Up-to-date symlink: /adv_robotics/lab1/install/turtlebot3_gazebo/share/turtlebot3_gazebo//worlds/empty_world.world
[2.223s] -- Up-to-date symlink: /adv_robotics/lab1/install/turtlebot3_gazebo/share/turtlebot3_gazebo//worlds/turtlebot3_autorace_2020.world
[2.223s] -- Up-to-date symlink: /adv_robotics/lab1/install/turtlebot3_gazebo/share/turtlebot3_gazebo//worlds/turtlebot3_dqn_stage1.world
[2.223s] -- Up-to-date symlink: /adv_robotics/lab1/install/turtlebot3_gazebo/share/turtlebot3_gazebo//worlds/turtlebot3_dqn_stage2.world
[2.223s] -- Up-to-date symlink: /adv_robotics/lab1/install/turtlebot3_gazebo/share/turtlebot3_gazebo//worlds/turtlebot3_dqn_stage3.world
[2.223s] -- Up-to-date symlink: /adv_robotics/lab1/install/turtlebot3_gazebo/share/turtlebot3_gazebo//worlds/turtlebot3_dqn_stage4.world
[2.224s] -- Up-to-date symlink: /adv_robotics/lab1/install/turtlebot3_gazebo/share/turtlebot3_gazebo//worlds/turtlebot3_house.world
[2.224s] -- Up-to-date symlink: /adv_robotics/lab1/install/turtlebot3_gazebo/share/turtlebot3_gazebo//worlds/turtlebot3_world.world
[2.224s] -- Up-to-date symlink: /adv_robotics/lab1/install/turtlebot3_gazebo/include//turtlebot3_gazebo/obstacle1.hpp
[2.224s] -- Up-to-date symlink: /adv_robotics/lab1/install/turtlebot3_gazebo/include//turtlebot3_gazebo/obstacle2.hpp
[2.224s] -- Up-to-date symlink: /adv_robotics/lab1/install/turtlebot3_gazebo/include//turtlebot3_gazebo/obstacles.hpp
[2.224s] -- Up-to-date symlink: /adv_robotics/lab1/install/turtlebot3_gazebo/include//turtlebot3_gazebo/traffic_bar_plugin.hpp
[2.224s] -- Up-to-date symlink: /adv_robotics/lab1/install/turtlebot3_gazebo/include//turtlebot3_gazebo/traffic_light_plugin.hpp
[2.224s] -- Up-to-date symlink: /adv_robotics/lab1/install/turtlebot3_gazebo/include//turtlebot3_gazebo/turtlebot3_drive.hpp
[2.224s] -- Up-to-date symlink: /adv_robotics/lab1/install/turtlebot3_gazebo/share/ament_index/resource_index/package_run_dependencies/turtlebot3_gazebo
[2.224s] -- Up-to-date symlink: /adv_robotics/lab1/install/turtlebot3_gazebo/share/ament_index/resource_index/parent_prefix_path/turtlebot3_gazebo
[2.224s] -- Up-to-date symlink: /adv_robotics/lab1/install/turtlebot3_gazebo/share/turtlebot3_gazebo/environment/ament_prefix_path.sh
[2.225s] -- Up-to-date symlink: /adv_robotics/lab1/install/turtlebot3_gazebo/share/turtlebot3_gazebo/environment/ament_prefix_path.dsv
[2.225s] -- Up-to-date symlink: /adv_robotics/lab1/install/turtlebot3_gazebo/share/turtlebot3_gazebo/environment/path.sh
[2.225s] -- Up-to-date symlink: /adv_robotics/lab1/install/turtlebot3_gazebo/share/turtlebot3_gazebo/environment/path.dsv
[2.225s] -- Up-to-date symlink: /adv_robotics/lab1/install/turtlebot3_gazebo/share/turtlebot3_gazebo/local_setup.bash
[2.225s] -- Up-to-date symlink: /adv_robotics/lab1/install/turtlebot3_gazebo/share/turtlebot3_gazebo/local_setup.sh
[2.225s] -- Up-to-date symlink: /adv_robotics/lab1/install/turtlebot3_gazebo/share/turtlebot3_gazebo/local_setup.zsh
[2.225s] -- Up-to-date symlink: /adv_robotics/lab1/install/turtlebot3_gazebo/share/turtlebot3_gazebo/local_setup.dsv
[2.225s] -- Symlinking: /adv_robotics/lab1/install/turtlebot3_gazebo/share/turtlebot3_gazebo/package.dsv
[2.235s] -- Up-to-date symlink: /adv_robotics/lab1/install/turtlebot3_gazebo/share/ament_index/resource_index/packages/turtlebot3_gazebo
[2.235s] -- Up-to-date symlink: /adv_robotics/lab1/install/turtlebot3_gazebo/share/turtlebot3_gazebo/cmake/ament_cmake_export_include_directories-extras.cmake
[2.235s] -- Up-to-date symlink: /adv_robotics/lab1/install/turtlebot3_gazebo/share/turtlebot3_gazebo/cmake/ament_cmake_export_dependencies-extras.cmake
[2.235s] -- Up-to-date symlink: /adv_robotics/lab1/install/turtlebot3_gazebo/share/turtlebot3_gazebo/cmake/turtlebot3_gazeboConfig.cmake
[2.235s] -- Up-to-date symlink: /adv_robotics/lab1/install/turtlebot3_gazebo/share/turtlebot3_gazebo/cmake/turtlebot3_gazeboConfig-version.cmake
[2.235s] -- Up-to-date symlink: /adv_robotics/lab1/install/turtlebot3_gazebo/share/turtlebot3_gazebo/package.xml
[2.237s] Invoked command in '/adv_robotics/lab1/build/turtlebot3_gazebo' returned '0': CMAKE_PREFIX_PATH=${CMAKE_PREFIX_PATH}:/opt/ros/jazzy /usr/bin/cmake --install /adv_robotics/lab1/build/turtlebot3_gazebo
