[0.141s] DEBUG:colcon:Command line arguments: ['/usr/bin/colcon', 'build', '--symlink-install']
[0.141s] DEBUG:colcon:Parsed command line arguments: Namespace(log_base=None, log_level=None, verb_name='build', build_base='build', install_base='install', merge_install=False, symlink_install=True, test_result_base=None, continue_on_error=False, executor='parallel', parallel_workers=16, event_handlers=None, ignore_user_meta=False, metas=['./colcon.meta'], base_paths=['.'], packages_ignore=None, packages_ignore_regex=None, paths=None, packages_up_to=None, packages_up_to_regex=None, packages_above=None, packages_above_and_dependencies=None, packages_above_depth=None, packages_select_by_dep=None, packages_skip_by_dep=None, packages_skip_up_to=None, packages_select_build_failed=False, packages_skip_build_finished=False, packages_select_test_failures=False, packages_skip_test_passed=False, packages_select=None, packages_skip=None, packages_select_regex=None, packages_skip_regex=None, packages_start=None, packages_end=None, cmake_args=None, cmake_target=None, cmake_target_skip_unavailable=False, cmake_clean_cache=False, cmake_clean_first=False, cmake_force_configure=False, ament_cmake_args=None, catkin_cmake_args=None, catkin_skip_building_tests=False, mixin_files=None, mixin=None, verb_parser=<colcon_mixin.mixin.mixin_argument.MixinArgumentDecorator object at 0x799c731ecf80>, verb_extension=<colcon_core.verb.build.BuildVerb object at 0x799c733344d0>, main=<bound method BuildVerb.main of <colcon_core.verb.build.BuildVerb object at 0x799c733344d0>>, mixin_verb=('build',))
[0.199s] Level 1:colcon.colcon_core.package_discovery:discover_packages(colcon_meta) check parameters
[0.199s] Level 1:colcon.colcon_core.package_discovery:discover_packages(recursive) check parameters
[0.199s] Level 1:colcon.colcon_core.package_discovery:discover_packages(ignore) check parameters
[0.199s] Level 1:colcon.colcon_core.package_discovery:discover_packages(path) check parameters
[0.199s] Level 1:colcon.colcon_core.package_discovery:discover_packages(colcon_meta) discover
[0.200s] Level 1:colcon.colcon_core.package_discovery:discover_packages(recursive) discover
[0.200s] INFO:colcon.colcon_core.package_discovery:Crawling recursively for packages in '/adv_robotics/lab1'
[0.200s] Level 1:colcon.colcon_core.package_identification:_identify(.) by extensions ['ignore', 'ignore_ament_install']
[0.200s] Level 1:colcon.colcon_core.package_identification:_identify(.) by extension 'ignore'
[0.200s] Level 1:colcon.colcon_core.package_identification:_identify(.) by extension 'ignore_ament_install'
[0.200s] Level 1:colcon.colcon_core.package_identification:_identify(.) by extensions ['colcon_pkg']
[0.200s] Level 1:colcon.colcon_core.package_identification:_identify(.) by extension 'colcon_pkg'
[0.200s] Level 1:colcon.colcon_core.package_identification:_identify(.) by extensions ['colcon_meta']
[0.200s] Level 1:colcon.colcon_core.package_identification:_identify(.) by extension 'colcon_meta'
[0.200s] Level 1:colcon.colcon_core.package_identification:_identify(.) by extensions ['ros']
[0.200s] Level 1:colcon.colcon_core.package_identification:_identify(.) by extension 'ros'
[0.236s] Level 1:colcon.colcon_core.package_identification:_identify(.) by extensions ['cmake', 'python']
[0.236s] Level 1:colcon.colcon_core.package_identification:_identify(.) by extension 'cmake'
[0.236s] Level 1:colcon.colcon_core.package_identification:_identify(.) by extension 'python'
[0.236s] Level 1:colcon.colcon_core.package_identification:_identify(.) by extensions ['python_setup_py']
[0.236s] Level 1:colcon.colcon_core.package_identification:_identify(.) by extension 'python_setup_py'
[0.237s] Level 1:colcon.colcon_core.package_identification:_identify(build) by extensions ['ignore', 'ignore_ament_install']
[0.237s] Level 1:colcon.colcon_core.package_identification:_identify(build) by extension 'ignore'
[0.237s] Level 1:colcon.colcon_core.package_identification:_identify(build) ignored
[0.237s] Level 1:colcon.colcon_core.package_identification:_identify(install) by extensions ['ignore', 'ignore_ament_install']
[0.237s] Level 1:colcon.colcon_core.package_identification:_identify(install) by extension 'ignore'
[0.237s] Level 1:colcon.colcon_core.package_identification:_identify(install) ignored
[0.237s] Level 1:colcon.colcon_core.package_identification:_identify(log) by extensions ['ignore', 'ignore_ament_install']
[0.237s] Level 1:colcon.colcon_core.package_identification:_identify(log) by extension 'ignore'
[0.238s] Level 1:colcon.colcon_core.package_identification:_identify(log) ignored
[0.238s] Level 1:colcon.colcon_core.package_identification:_identify(src) by extensions ['ignore', 'ignore_ament_install']
[0.238s] Level 1:colcon.colcon_core.package_identification:_identify(src) by extension 'ignore'
[0.238s] Level 1:colcon.colcon_core.package_identification:_identify(src) by extension 'ignore_ament_install'
[0.238s] Level 1:colcon.colcon_core.package_identification:_identify(src) by extensions ['colcon_pkg']
[0.238s] Level 1:colcon.colcon_core.package_identification:_identify(src) by extension 'colcon_pkg'
[0.238s] Level 1:colcon.colcon_core.package_identification:_identify(src) by extensions ['colcon_meta']
[0.238s] Level 1:colcon.colcon_core.package_identification:_identify(src) by extension 'colcon_meta'
[0.238s] Level 1:colcon.colcon_core.package_identification:_identify(src) by extensions ['ros']
[0.238s] Level 1:colcon.colcon_core.package_identification:_identify(src) by extension 'ros'
[0.238s] Level 1:colcon.colcon_core.package_identification:_identify(src) by extensions ['cmake', 'python']
[0.238s] Level 1:colcon.colcon_core.package_identification:_identify(src) by extension 'cmake'
[0.238s] Level 1:colcon.colcon_core.package_identification:_identify(src) by extension 'python'
[0.238s] Level 1:colcon.colcon_core.package_identification:_identify(src) by extensions ['python_setup_py']
[0.238s] Level 1:colcon.colcon_core.package_identification:_identify(src) by extension 'python_setup_py'
[0.238s] Level 1:colcon.colcon_core.package_identification:_identify(src/test_pkg) by extensions ['ignore', 'ignore_ament_install']
[0.239s] Level 1:colcon.colcon_core.package_identification:_identify(src/test_pkg) by extension 'ignore'
[0.239s] Level 1:colcon.colcon_core.package_identification:_identify(src/test_pkg) by extension 'ignore_ament_install'
[0.239s] Level 1:colcon.colcon_core.package_identification:_identify(src/test_pkg) by extensions ['colcon_pkg']
[0.239s] Level 1:colcon.colcon_core.package_identification:_identify(src/test_pkg) by extension 'colcon_pkg'
[0.239s] Level 1:colcon.colcon_core.package_identification:_identify(src/test_pkg) by extensions ['colcon_meta']
[0.239s] Level 1:colcon.colcon_core.package_identification:_identify(src/test_pkg) by extension 'colcon_meta'
[0.239s] Level 1:colcon.colcon_core.package_identification:_identify(src/test_pkg) by extensions ['ros']
[0.239s] Level 1:colcon.colcon_core.package_identification:_identify(src/test_pkg) by extension 'ros'
[0.242s] DEBUG:colcon.colcon_core.package_identification:Package 'src/test_pkg' with type 'ros.ament_python' and name 'test_pkg'
[0.242s] Level 1:colcon.colcon_core.package_identification:_identify(src/turtlebot_control) by extensions ['ignore', 'ignore_ament_install']
[0.242s] Level 1:colcon.colcon_core.package_identification:_identify(src/turtlebot_control) by extension 'ignore'
[0.242s] Level 1:colcon.colcon_core.package_identification:_identify(src/turtlebot_control) by extension 'ignore_ament_install'
[0.242s] Level 1:colcon.colcon_core.package_identification:_identify(src/turtlebot_control) by extensions ['colcon_pkg']
[0.242s] Level 1:colcon.colcon_core.package_identification:_identify(src/turtlebot_control) by extension 'colcon_pkg'
[0.242s] Level 1:colcon.colcon_core.package_identification:_identify(src/turtlebot_control) by extensions ['colcon_meta']
[0.242s] Level 1:colcon.colcon_core.package_identification:_identify(src/turtlebot_control) by extension 'colcon_meta'
[0.243s] Level 1:colcon.colcon_core.package_identification:_identify(src/turtlebot_control) by extensions ['ros']
[0.243s] Level 1:colcon.colcon_core.package_identification:_identify(src/turtlebot_control) by extension 'ros'
[0.243s] DEBUG:colcon.colcon_core.package_identification:Package 'src/turtlebot_control' with type 'ros.ament_python' and name 'turtlebot_control'
[0.243s] Level 1:colcon.colcon_core.package_identification:_identify(turtlebot3_simulations) by extensions ['ignore', 'ignore_ament_install']
[0.244s] Level 1:colcon.colcon_core.package_identification:_identify(turtlebot3_simulations) by extension 'ignore'
[0.244s] Level 1:colcon.colcon_core.package_identification:_identify(turtlebot3_simulations) by extension 'ignore_ament_install'
[0.244s] Level 1:colcon.colcon_core.package_identification:_identify(turtlebot3_simulations) by extensions ['colcon_pkg']
[0.244s] Level 1:colcon.colcon_core.package_identification:_identify(turtlebot3_simulations) by extension 'colcon_pkg'
[0.244s] Level 1:colcon.colcon_core.package_identification:_identify(turtlebot3_simulations) by extensions ['colcon_meta']
[0.244s] Level 1:colcon.colcon_core.package_identification:_identify(turtlebot3_simulations) by extension 'colcon_meta'
[0.244s] Level 1:colcon.colcon_core.package_identification:_identify(turtlebot3_simulations) by extensions ['ros']
[0.244s] Level 1:colcon.colcon_core.package_identification:_identify(turtlebot3_simulations) by extension 'ros'
[0.244s] Level 1:colcon.colcon_core.package_identification:_identify(turtlebot3_simulations) by extensions ['cmake', 'python']
[0.244s] Level 1:colcon.colcon_core.package_identification:_identify(turtlebot3_simulations) by extension 'cmake'
[0.244s] Level 1:colcon.colcon_core.package_identification:_identify(turtlebot3_simulations) by extension 'python'
[0.244s] Level 1:colcon.colcon_core.package_identification:_identify(turtlebot3_simulations) by extensions ['python_setup_py']
[0.244s] Level 1:colcon.colcon_core.package_identification:_identify(turtlebot3_simulations) by extension 'python_setup_py'
[0.244s] Level 1:colcon.colcon_core.package_identification:_identify(turtlebot3_simulations/turtlebot3_fake_node) by extensions ['ignore', 'ignore_ament_install']
[0.244s] Level 1:colcon.colcon_core.package_identification:_identify(turtlebot3_simulations/turtlebot3_fake_node) by extension 'ignore'
[0.244s] Level 1:colcon.colcon_core.package_identification:_identify(turtlebot3_simulations/turtlebot3_fake_node) by extension 'ignore_ament_install'
[0.244s] Level 1:colcon.colcon_core.package_identification:_identify(turtlebot3_simulations/turtlebot3_fake_node) by extensions ['colcon_pkg']
[0.244s] Level 1:colcon.colcon_core.package_identification:_identify(turtlebot3_simulations/turtlebot3_fake_node) by extension 'colcon_pkg'
[0.245s] Level 1:colcon.colcon_core.package_identification:_identify(turtlebot3_simulations/turtlebot3_fake_node) by extensions ['colcon_meta']
[0.245s] Level 1:colcon.colcon_core.package_identification:_identify(turtlebot3_simulations/turtlebot3_fake_node) by extension 'colcon_meta'
[0.245s] Level 1:colcon.colcon_core.package_identification:_identify(turtlebot3_simulations/turtlebot3_fake_node) by extensions ['ros']
[0.245s] Level 1:colcon.colcon_core.package_identification:_identify(turtlebot3_simulations/turtlebot3_fake_node) by extension 'ros'
[0.246s] DEBUG:colcon.colcon_core.package_identification:Package 'turtlebot3_simulations/turtlebot3_fake_node' with type 'ros.ament_cmake' and name 'turtlebot3_fake_node'
[0.246s] Level 1:colcon.colcon_core.package_identification:_identify(turtlebot3_simulations/turtlebot3_gazebo) by extensions ['ignore', 'ignore_ament_install']
[0.246s] Level 1:colcon.colcon_core.package_identification:_identify(turtlebot3_simulations/turtlebot3_gazebo) by extension 'ignore'
[0.246s] Level 1:colcon.colcon_core.package_identification:_identify(turtlebot3_simulations/turtlebot3_gazebo) by extension 'ignore_ament_install'
[0.246s] Level 1:colcon.colcon_core.package_identification:_identify(turtlebot3_simulations/turtlebot3_gazebo) by extensions ['colcon_pkg']
[0.246s] Level 1:colcon.colcon_core.package_identification:_identify(turtlebot3_simulations/turtlebot3_gazebo) by extension 'colcon_pkg'
[0.246s] Level 1:colcon.colcon_core.package_identification:_identify(turtlebot3_simulations/turtlebot3_gazebo) by extensions ['colcon_meta']
[0.246s] Level 1:colcon.colcon_core.package_identification:_identify(turtlebot3_simulations/turtlebot3_gazebo) by extension 'colcon_meta'
[0.246s] Level 1:colcon.colcon_core.package_identification:_identify(turtlebot3_simulations/turtlebot3_gazebo) by extensions ['ros']
[0.246s] Level 1:colcon.colcon_core.package_identification:_identify(turtlebot3_simulations/turtlebot3_gazebo) by extension 'ros'
[0.248s] DEBUG:colcon.colcon_core.package_identification:Package 'turtlebot3_simulations/turtlebot3_gazebo' with type 'ros.ament_cmake' and name 'turtlebot3_gazebo'
[0.248s] Level 1:colcon.colcon_core.package_identification:_identify(turtlebot3_simulations/turtlebot3_simulations) by extensions ['ignore', 'ignore_ament_install']
[0.248s] Level 1:colcon.colcon_core.package_identification:_identify(turtlebot3_simulations/turtlebot3_simulations) by extension 'ignore'
[0.248s] Level 1:colcon.colcon_core.package_identification:_identify(turtlebot3_simulations/turtlebot3_simulations) by extension 'ignore_ament_install'
[0.248s] Level 1:colcon.colcon_core.package_identification:_identify(turtlebot3_simulations/turtlebot3_simulations) by extensions ['colcon_pkg']
[0.248s] Level 1:colcon.colcon_core.package_identification:_identify(turtlebot3_simulations/turtlebot3_simulations) by extension 'colcon_pkg'
[0.249s] Level 1:colcon.colcon_core.package_identification:_identify(turtlebot3_simulations/turtlebot3_simulations) by extensions ['colcon_meta']
[0.249s] Level 1:colcon.colcon_core.package_identification:_identify(turtlebot3_simulations/turtlebot3_simulations) by extension 'colcon_meta'
[0.249s] Level 1:colcon.colcon_core.package_identification:_identify(turtlebot3_simulations/turtlebot3_simulations) by extensions ['ros']
[0.249s] Level 1:colcon.colcon_core.package_identification:_identify(turtlebot3_simulations/turtlebot3_simulations) by extension 'ros'
[0.249s] DEBUG:colcon.colcon_core.package_identification:Package 'turtlebot3_simulations/turtlebot3_simulations' with type 'ros.ament_cmake' and name 'turtlebot3_simulations'
[0.249s] Level 1:colcon.colcon_core.package_discovery:discover_packages(recursive) using defaults
[0.249s] Level 1:colcon.colcon_core.package_discovery:discover_packages(ignore) discover
[0.249s] Level 1:colcon.colcon_core.package_discovery:discover_packages(ignore) using defaults
[0.249s] Level 1:colcon.colcon_core.package_discovery:discover_packages(path) discover
[0.250s] Level 1:colcon.colcon_core.package_discovery:discover_packages(path) using defaults
[0.275s] Level 5:colcon.colcon_core.verb:set package 'test_pkg' build argument 'cmake_args' from command line to 'None'
[0.275s] Level 5:colcon.colcon_core.verb:set package 'test_pkg' build argument 'cmake_target' from command line to 'None'
[0.275s] Level 5:colcon.colcon_core.verb:set package 'test_pkg' build argument 'cmake_target_skip_unavailable' from command line to 'False'
[0.275s] Level 5:colcon.colcon_core.verb:set package 'test_pkg' build argument 'cmake_clean_cache' from command line to 'False'
[0.275s] Level 5:colcon.colcon_core.verb:set package 'test_pkg' build argument 'cmake_clean_first' from command line to 'False'
[0.275s] Level 5:colcon.colcon_core.verb:set package 'test_pkg' build argument 'cmake_force_configure' from command line to 'False'
[0.275s] Level 5:colcon.colcon_core.verb:set package 'test_pkg' build argument 'ament_cmake_args' from command line to 'None'
[0.275s] Level 5:colcon.colcon_core.verb:set package 'test_pkg' build argument 'catkin_cmake_args' from command line to 'None'
[0.275s] Level 5:colcon.colcon_core.verb:set package 'test_pkg' build argument 'catkin_skip_building_tests' from command line to 'False'
[0.275s] DEBUG:colcon.colcon_core.verb:Building package 'test_pkg' with the following arguments: {'ament_cmake_args': None, 'build_base': '/adv_robotics/lab1/build/test_pkg', 'catkin_cmake_args': None, 'catkin_skip_building_tests': False, 'cmake_args': None, 'cmake_clean_cache': False, 'cmake_clean_first': False, 'cmake_force_configure': False, 'cmake_target': None, 'cmake_target_skip_unavailable': False, 'install_base': '/adv_robotics/lab1/install/test_pkg', 'merge_install': False, 'path': '/adv_robotics/lab1/src/test_pkg', 'symlink_install': True, 'test_result_base': None}
[0.275s] Level 5:colcon.colcon_core.verb:set package 'turtlebot3_fake_node' build argument 'cmake_args' from command line to 'None'
[0.275s] Level 5:colcon.colcon_core.verb:set package 'turtlebot3_fake_node' build argument 'cmake_target' from command line to 'None'
[0.275s] Level 5:colcon.colcon_core.verb:set package 'turtlebot3_fake_node' build argument 'cmake_target_skip_unavailable' from command line to 'False'
[0.275s] Level 5:colcon.colcon_core.verb:set package 'turtlebot3_fake_node' build argument 'cmake_clean_cache' from command line to 'False'
[0.276s] Level 5:colcon.colcon_core.verb:set package 'turtlebot3_fake_node' build argument 'cmake_clean_first' from command line to 'False'
[0.276s] Level 5:colcon.colcon_core.verb:set package 'turtlebot3_fake_node' build argument 'cmake_force_configure' from command line to 'False'
[0.276s] Level 5:colcon.colcon_core.verb:set package 'turtlebot3_fake_node' build argument 'ament_cmake_args' from command line to 'None'
[0.276s] Level 5:colcon.colcon_core.verb:set package 'turtlebot3_fake_node' build argument 'catkin_cmake_args' from command line to 'None'
[0.276s] Level 5:colcon.colcon_core.verb:set package 'turtlebot3_fake_node' build argument 'catkin_skip_building_tests' from command line to 'False'
[0.276s] DEBUG:colcon.colcon_core.verb:Building package 'turtlebot3_fake_node' with the following arguments: {'ament_cmake_args': None, 'build_base': '/adv_robotics/lab1/build/turtlebot3_fake_node', 'catkin_cmake_args': None, 'catkin_skip_building_tests': False, 'cmake_args': None, 'cmake_clean_cache': False, 'cmake_clean_first': False, 'cmake_force_configure': False, 'cmake_target': None, 'cmake_target_skip_unavailable': False, 'install_base': '/adv_robotics/lab1/install/turtlebot3_fake_node', 'merge_install': False, 'path': '/adv_robotics/lab1/turtlebot3_simulations/turtlebot3_fake_node', 'symlink_install': True, 'test_result_base': None}
[0.276s] Level 5:colcon.colcon_core.verb:set package 'turtlebot3_gazebo' build argument 'cmake_args' from command line to 'None'
[0.276s] Level 5:colcon.colcon_core.verb:set package 'turtlebot3_gazebo' build argument 'cmake_target' from command line to 'None'
[0.276s] Level 5:colcon.colcon_core.verb:set package 'turtlebot3_gazebo' build argument 'cmake_target_skip_unavailable' from command line to 'False'
[0.276s] Level 5:colcon.colcon_core.verb:set package 'turtlebot3_gazebo' build argument 'cmake_clean_cache' from command line to 'False'
[0.276s] Level 5:colcon.colcon_core.verb:set package 'turtlebot3_gazebo' build argument 'cmake_clean_first' from command line to 'False'
[0.276s] Level 5:colcon.colcon_core.verb:set package 'turtlebot3_gazebo' build argument 'cmake_force_configure' from command line to 'False'
[0.276s] Level 5:colcon.colcon_core.verb:set package 'turtlebot3_gazebo' build argument 'ament_cmake_args' from command line to 'None'
[0.276s] Level 5:colcon.colcon_core.verb:set package 'turtlebot3_gazebo' build argument 'catkin_cmake_args' from command line to 'None'
[0.276s] Level 5:colcon.colcon_core.verb:set package 'turtlebot3_gazebo' build argument 'catkin_skip_building_tests' from command line to 'False'
[0.276s] DEBUG:colcon.colcon_core.verb:Building package 'turtlebot3_gazebo' with the following arguments: {'ament_cmake_args': None, 'build_base': '/adv_robotics/lab1/build/turtlebot3_gazebo', 'catkin_cmake_args': None, 'catkin_skip_building_tests': False, 'cmake_args': None, 'cmake_clean_cache': False, 'cmake_clean_first': False, 'cmake_force_configure': False, 'cmake_target': None, 'cmake_target_skip_unavailable': False, 'install_base': '/adv_robotics/lab1/install/turtlebot3_gazebo', 'merge_install': False, 'path': '/adv_robotics/lab1/turtlebot3_simulations/turtlebot3_gazebo', 'symlink_install': True, 'test_result_base': None}
[0.276s] Level 5:colcon.colcon_core.verb:set package 'turtlebot_control' build argument 'cmake_args' from command line to 'None'
[0.277s] Level 5:colcon.colcon_core.verb:set package 'turtlebot_control' build argument 'cmake_target' from command line to 'None'
[0.277s] Level 5:colcon.colcon_core.verb:set package 'turtlebot_control' build argument 'cmake_target_skip_unavailable' from command line to 'False'
[0.277s] Level 5:colcon.colcon_core.verb:set package 'turtlebot_control' build argument 'cmake_clean_cache' from command line to 'False'
[0.277s] Level 5:colcon.colcon_core.verb:set package 'turtlebot_control' build argument 'cmake_clean_first' from command line to 'False'
[0.277s] Level 5:colcon.colcon_core.verb:set package 'turtlebot_control' build argument 'cmake_force_configure' from command line to 'False'
[0.277s] Level 5:colcon.colcon_core.verb:set package 'turtlebot_control' build argument 'ament_cmake_args' from command line to 'None'
[0.277s] Level 5:colcon.colcon_core.verb:set package 'turtlebot_control' build argument 'catkin_cmake_args' from command line to 'None'
[0.277s] Level 5:colcon.colcon_core.verb:set package 'turtlebot_control' build argument 'catkin_skip_building_tests' from command line to 'False'
[0.277s] DEBUG:colcon.colcon_core.verb:Building package 'turtlebot_control' with the following arguments: {'ament_cmake_args': None, 'build_base': '/adv_robotics/lab1/build/turtlebot_control', 'catkin_cmake_args': None, 'catkin_skip_building_tests': False, 'cmake_args': None, 'cmake_clean_cache': False, 'cmake_clean_first': False, 'cmake_force_configure': False, 'cmake_target': None, 'cmake_target_skip_unavailable': False, 'install_base': '/adv_robotics/lab1/install/turtlebot_control', 'merge_install': False, 'path': '/adv_robotics/lab1/src/turtlebot_control', 'symlink_install': True, 'test_result_base': None}
[0.277s] Level 5:colcon.colcon_core.verb:set package 'turtlebot3_simulations' build argument 'cmake_args' from command line to 'None'
[0.277s] Level 5:colcon.colcon_core.verb:set package 'turtlebot3_simulations' build argument 'cmake_target' from command line to 'None'
[0.277s] Level 5:colcon.colcon_core.verb:set package 'turtlebot3_simulations' build argument 'cmake_target_skip_unavailable' from command line to 'False'
[0.277s] Level 5:colcon.colcon_core.verb:set package 'turtlebot3_simulations' build argument 'cmake_clean_cache' from command line to 'False'
[0.277s] Level 5:colcon.colcon_core.verb:set package 'turtlebot3_simulations' build argument 'cmake_clean_first' from command line to 'False'
[0.277s] Level 5:colcon.colcon_core.verb:set package 'turtlebot3_simulations' build argument 'cmake_force_configure' from command line to 'False'
[0.277s] Level 5:colcon.colcon_core.verb:set package 'turtlebot3_simulations' build argument 'ament_cmake_args' from command line to 'None'
[0.277s] Level 5:colcon.colcon_core.verb:set package 'turtlebot3_simulations' build argument 'catkin_cmake_args' from command line to 'None'
[0.277s] Level 5:colcon.colcon_core.verb:set package 'turtlebot3_simulations' build argument 'catkin_skip_building_tests' from command line to 'False'
[0.277s] DEBUG:colcon.colcon_core.verb:Building package 'turtlebot3_simulations' with the following arguments: {'ament_cmake_args': None, 'build_base': '/adv_robotics/lab1/build/turtlebot3_simulations', 'catkin_cmake_args': None, 'catkin_skip_building_tests': False, 'cmake_args': None, 'cmake_clean_cache': False, 'cmake_clean_first': False, 'cmake_force_configure': False, 'cmake_target': None, 'cmake_target_skip_unavailable': False, 'install_base': '/adv_robotics/lab1/install/turtlebot3_simulations', 'merge_install': False, 'path': '/adv_robotics/lab1/turtlebot3_simulations/turtlebot3_simulations', 'symlink_install': True, 'test_result_base': None}
[0.277s] INFO:colcon.colcon_core.executor:Executing jobs using 'parallel' executor
[0.279s] DEBUG:colcon.colcon_parallel_executor.executor.parallel:run_until_complete
[0.279s] INFO:colcon.colcon_ros.task.ament_cmake.build:Building ROS package in '/adv_robotics/lab1/turtlebot3_simulations/turtlebot3_fake_node' with build type 'ament_cmake'
[0.279s] INFO:colcon.colcon_cmake.task.cmake.build:Building CMake package in '/adv_robotics/lab1/turtlebot3_simulations/turtlebot3_fake_node'
[0.282s] INFO:colcon.colcon_core.plugin_system:Skipping extension 'colcon_core.shell.bat': Not used on non-Windows systems
[0.282s] INFO:colcon.colcon_core.shell:Skip shell extension 'powershell' for command environment: Not usable outside of PowerShell
[0.282s] DEBUG:colcon.colcon_core.shell:Skip shell extension 'dsv' for command environment
[0.289s] INFO:colcon.colcon_ros.task.ament_cmake.build:Building ROS package in '/adv_robotics/lab1/turtlebot3_simulations/turtlebot3_gazebo' with build type 'ament_cmake'
[0.289s] INFO:colcon.colcon_cmake.task.cmake.build:Building CMake package in '/adv_robotics/lab1/turtlebot3_simulations/turtlebot3_gazebo'
[0.290s] INFO:colcon.colcon_core.shell:Skip shell extension 'powershell' for command environment: Not usable outside of PowerShell
[0.290s] DEBUG:colcon.colcon_core.shell:Skip shell extension 'dsv' for command environment
[0.295s] INFO:colcon.colcon_ros.task.ament_python.build:Building ROS package in '/adv_robotics/lab1/src/test_pkg' with build type 'ament_python'
[0.295s] Level 1:colcon.colcon_core.shell:create_environment_hook('test_pkg', 'ament_prefix_path')
[0.295s] INFO:colcon.colcon_core.shell:Creating environment hook '/adv_robotics/lab1/install/test_pkg/share/test_pkg/hook/ament_prefix_path.ps1'
[0.296s] INFO:colcon.colcon_core.shell:Creating environment descriptor '/adv_robotics/lab1/install/test_pkg/share/test_pkg/hook/ament_prefix_path.dsv'
[0.297s] INFO:colcon.colcon_core.shell:Creating environment hook '/adv_robotics/lab1/install/test_pkg/share/test_pkg/hook/ament_prefix_path.sh'
[0.298s] INFO:colcon.colcon_core.shell:Skip shell extension 'powershell' for command environment: Not usable outside of PowerShell
[0.298s] DEBUG:colcon.colcon_core.shell:Skip shell extension 'dsv' for command environment
[0.302s] INFO:colcon.colcon_ros.task.ament_python.build:Building ROS package in '/adv_robotics/lab1/src/turtlebot_control' with build type 'ament_python'
[0.302s] Level 1:colcon.colcon_core.shell:create_environment_hook('turtlebot_control', 'ament_prefix_path')
[0.303s] INFO:colcon.colcon_core.shell:Creating environment hook '/adv_robotics/lab1/install/turtlebot_control/share/turtlebot_control/hook/ament_prefix_path.ps1'
[0.303s] INFO:colcon.colcon_core.shell:Creating environment descriptor '/adv_robotics/lab1/install/turtlebot_control/share/turtlebot_control/hook/ament_prefix_path.dsv'
[0.304s] INFO:colcon.colcon_core.shell:Creating environment hook '/adv_robotics/lab1/install/turtlebot_control/share/turtlebot_control/hook/ament_prefix_path.sh'
[0.305s] INFO:colcon.colcon_core.shell:Skip shell extension 'powershell' for command environment: Not usable outside of PowerShell
[0.305s] DEBUG:colcon.colcon_core.shell:Skip shell extension 'dsv' for command environment
[0.316s] DEBUG:colcon.colcon_core.event_handler.log_command:Invoking command in '/adv_robotics/lab1/build/turtlebot3_fake_node': CMAKE_PREFIX_PATH=${CMAKE_PREFIX_PATH}:/opt/ros/jazzy /usr/bin/cmake /adv_robotics/lab1/turtlebot3_simulations/turtlebot3_fake_node -DAMENT_CMAKE_SYMLINK_INSTALL=1 -DCMAKE_INSTALL_PREFIX=/adv_robotics/lab1/install/turtlebot3_fake_node
[0.320s] DEBUG:colcon.colcon_core.event_handler.log_command:Invoking command in '/adv_robotics/lab1/build/turtlebot3_gazebo': CMAKE_PREFIX_PATH=${CMAKE_PREFIX_PATH}:/opt/ros/jazzy /usr/bin/cmake /adv_robotics/lab1/turtlebot3_simulations/turtlebot3_gazebo -DAMENT_CMAKE_SYMLINK_INSTALL=1 -DCMAKE_INSTALL_PREFIX=/adv_robotics/lab1/install/turtlebot3_gazebo
[0.595s] INFO:colcon.colcon_core.task.python.build:Building Python package in '/adv_robotics/lab1/src/test_pkg'
[0.596s] INFO:colcon.colcon_core.shell:Skip shell extension 'powershell' for command environment: Not usable outside of PowerShell
[0.596s] DEBUG:colcon.colcon_core.shell:Skip shell extension 'dsv' for command environment
[0.873s] INFO:colcon.colcon_core.task.python.build:Building Python package in '/adv_robotics/lab1/src/turtlebot_control'
[0.874s] INFO:colcon.colcon_core.shell:Skip shell extension 'powershell' for command environment: Not usable outside of PowerShell
[0.874s] DEBUG:colcon.colcon_core.shell:Skip shell extension 'dsv' for command environment
[1.305s] DEBUG:colcon.colcon_core.event_handler.log_command:Invoked command in '/adv_robotics/lab1/build/turtlebot3_fake_node' returned '0': CMAKE_PREFIX_PATH=${CMAKE_PREFIX_PATH}:/opt/ros/jazzy /usr/bin/cmake /adv_robotics/lab1/turtlebot3_simulations/turtlebot3_fake_node -DAMENT_CMAKE_SYMLINK_INSTALL=1 -DCMAKE_INSTALL_PREFIX=/adv_robotics/lab1/install/turtlebot3_fake_node
[1.306s] DEBUG:colcon.colcon_core.event_handler.log_command:Invoking command in '/adv_robotics/lab1/build/turtlebot3_fake_node': CMAKE_PREFIX_PATH=${CMAKE_PREFIX_PATH}:/opt/ros/jazzy /usr/bin/cmake --build /adv_robotics/lab1/build/turtlebot3_fake_node -- -j16 -l16
[1.340s] DEBUG:colcon.colcon_core.task.python.build:Available setuptools commands: install_egg_info, easy_install, egg_info, build_scripts, editable_wheel, build_clib, rotate, install_data, develop, install_lib, dist_info, bdist_dumb, alias, saveopts, bdist_egg, upload_docs, sdist, upload, build, install, install_headers, build_ext, symlink_data, install_scripts, setopt, test, bdist, bdist_rpm, check, build_py, register, clean
[1.348s] DEBUG:colcon.colcon_core.task.python.build:Available setuptools commands: install_egg_info, easy_install, egg_info, build_scripts, editable_wheel, build_clib, rotate, install_data, develop, install_lib, dist_info, bdist_dumb, alias, saveopts, bdist_egg, upload_docs, sdist, upload, build, install, install_headers, build_ext, symlink_data, install_scripts, setopt, test, bdist, bdist_rpm, check, build_py, register, clean
[1.388s] DEBUG:colcon.colcon_core.event_handler.log_command:Invoked command in '/adv_robotics/lab1/build/turtlebot3_fake_node' returned '0': CMAKE_PREFIX_PATH=${CMAKE_PREFIX_PATH}:/opt/ros/jazzy /usr/bin/cmake --build /adv_robotics/lab1/build/turtlebot3_fake_node -- -j16 -l16
[1.399s] DEBUG:colcon.colcon_core.event_handler.log_command:Invoking command in '/adv_robotics/lab1/build/turtlebot3_fake_node': CMAKE_PREFIX_PATH=${CMAKE_PREFIX_PATH}:/opt/ros/jazzy /usr/bin/cmake --install /adv_robotics/lab1/build/turtlebot3_fake_node
[1.422s] Level 1:colcon.colcon_core.environment:create_environment_scripts_only(turtlebot3_fake_node)
[1.422s] DEBUG:colcon.colcon_core.event_handler.log_command:Invoked command in '/adv_robotics/lab1/build/turtlebot3_fake_node' returned '0': CMAKE_PREFIX_PATH=${CMAKE_PREFIX_PATH}:/opt/ros/jazzy /usr/bin/cmake --install /adv_robotics/lab1/build/turtlebot3_fake_node
[1.423s] Level 1:colcon.colcon_core.environment:checking '/adv_robotics/lab1/install/turtlebot3_fake_node' for CMake module files
[1.424s] Level 1:colcon.colcon_core.environment:checking '/adv_robotics/lab1/install/turtlebot3_fake_node' for CMake config files
[1.424s] Level 1:colcon.colcon_core.shell:create_environment_hook('turtlebot3_fake_node', 'cmake_prefix_path')
[1.424s] INFO:colcon.colcon_core.shell:Creating environment hook '/adv_robotics/lab1/install/turtlebot3_fake_node/share/turtlebot3_fake_node/hook/cmake_prefix_path.ps1'
[1.425s] INFO:colcon.colcon_core.shell:Creating environment descriptor '/adv_robotics/lab1/install/turtlebot3_fake_node/share/turtlebot3_fake_node/hook/cmake_prefix_path.dsv'
[1.425s] INFO:colcon.colcon_core.shell:Creating environment hook '/adv_robotics/lab1/install/turtlebot3_fake_node/share/turtlebot3_fake_node/hook/cmake_prefix_path.sh'
[1.425s] Level 1:colcon.colcon_core.environment:checking '/adv_robotics/lab1/install/turtlebot3_fake_node/lib'
[1.425s] Level 1:colcon.colcon_core.environment:checking '/adv_robotics/lab1/install/turtlebot3_fake_node/bin'
[1.425s] Level 1:colcon.colcon_core.environment:checking '/adv_robotics/lab1/install/turtlebot3_fake_node/lib/pkgconfig/turtlebot3_fake_node.pc'
[1.426s] Level 1:colcon.colcon_core.environment:checking '/adv_robotics/lab1/install/turtlebot3_fake_node/lib/python3.12/site-packages'
[1.426s] Level 1:colcon.colcon_core.environment:checking '/adv_robotics/lab1/install/turtlebot3_fake_node/bin'
[1.426s] INFO:colcon.colcon_core.shell:Creating package script '/adv_robotics/lab1/install/turtlebot3_fake_node/share/turtlebot3_fake_node/package.ps1'
[1.426s] INFO:colcon.colcon_core.shell:Creating package descriptor '/adv_robotics/lab1/install/turtlebot3_fake_node/share/turtlebot3_fake_node/package.dsv'
[1.427s] INFO:colcon.colcon_core.shell:Creating package script '/adv_robotics/lab1/install/turtlebot3_fake_node/share/turtlebot3_fake_node/package.sh'
[1.427s] INFO:colcon.colcon_core.shell:Creating package script '/adv_robotics/lab1/install/turtlebot3_fake_node/share/turtlebot3_fake_node/package.bash'
[1.427s] INFO:colcon.colcon_core.shell:Creating package script '/adv_robotics/lab1/install/turtlebot3_fake_node/share/turtlebot3_fake_node/package.zsh'
[1.428s] Level 1:colcon.colcon_core.environment:create_file_with_runtime_dependencies(/adv_robotics/lab1/install/turtlebot3_fake_node/share/colcon-core/packages/turtlebot3_fake_node)
[1.428s] Level 1:colcon.colcon_core.environment:create_environment_scripts_only(turtlebot3_fake_node)
[1.428s] Level 1:colcon.colcon_core.environment:checking '/adv_robotics/lab1/install/turtlebot3_fake_node' for CMake module files
[1.428s] Level 1:colcon.colcon_core.environment:checking '/adv_robotics/lab1/install/turtlebot3_fake_node' for CMake config files
[1.429s] Level 1:colcon.colcon_core.shell:create_environment_hook('turtlebot3_fake_node', 'cmake_prefix_path')
[1.429s] INFO:colcon.colcon_core.shell:Creating environment hook '/adv_robotics/lab1/install/turtlebot3_fake_node/share/turtlebot3_fake_node/hook/cmake_prefix_path.ps1'
[1.429s] INFO:colcon.colcon_core.shell:Creating environment descriptor '/adv_robotics/lab1/install/turtlebot3_fake_node/share/turtlebot3_fake_node/hook/cmake_prefix_path.dsv'
[1.429s] INFO:colcon.colcon_core.shell:Creating environment hook '/adv_robotics/lab1/install/turtlebot3_fake_node/share/turtlebot3_fake_node/hook/cmake_prefix_path.sh'
[1.430s] Level 1:colcon.colcon_core.environment:checking '/adv_robotics/lab1/install/turtlebot3_fake_node/lib'
[1.430s] Level 1:colcon.colcon_core.environment:checking '/adv_robotics/lab1/install/turtlebot3_fake_node/bin'
[1.430s] Level 1:colcon.colcon_core.environment:checking '/adv_robotics/lab1/install/turtlebot3_fake_node/lib/pkgconfig/turtlebot3_fake_node.pc'
[1.430s] Level 1:colcon.colcon_core.environment:checking '/adv_robotics/lab1/install/turtlebot3_fake_node/lib/python3.12/site-packages'
[1.430s] Level 1:colcon.colcon_core.environment:checking '/adv_robotics/lab1/install/turtlebot3_fake_node/bin'
[1.430s] INFO:colcon.colcon_core.shell:Creating package script '/adv_robotics/lab1/install/turtlebot3_fake_node/share/turtlebot3_fake_node/package.ps1'
[1.431s] INFO:colcon.colcon_core.shell:Creating package descriptor '/adv_robotics/lab1/install/turtlebot3_fake_node/share/turtlebot3_fake_node/package.dsv'
[1.431s] INFO:colcon.colcon_core.shell:Creating package script '/adv_robotics/lab1/install/turtlebot3_fake_node/share/turtlebot3_fake_node/package.sh'
[1.431s] INFO:colcon.colcon_core.shell:Creating package script '/adv_robotics/lab1/install/turtlebot3_fake_node/share/turtlebot3_fake_node/package.bash'
[1.432s] INFO:colcon.colcon_core.shell:Creating package script '/adv_robotics/lab1/install/turtlebot3_fake_node/share/turtlebot3_fake_node/package.zsh'
[1.432s] Level 1:colcon.colcon_core.environment:create_file_with_runtime_dependencies(/adv_robotics/lab1/install/turtlebot3_fake_node/share/colcon-core/packages/turtlebot3_fake_node)
[1.551s] DEBUG:colcon.colcon_core.task.python.build:Available setuptools 'develop' options: --install-layout, --egg-path, --upgrade, --index-url, --exclude-scripts, --prefix, --force-installation-into-system-dir, --verbose, --script-dir, --editable, --always-copy, --version, --no-user-cfg, --allow-hosts, --quiet, --site-dirs, --always-unzip, --help, --no-deps, --multi-version, --record, --find-links, --no-find-links, --user, --local-snapshots-ok, --build-directory, --uninstall, --optimize, --install-dir, --dry-run, --zip-ok
[1.551s] DEBUG:colcon.colcon_core.task.python.build:While undoing a previous installation files outside the Python library path are being ignored: /adv_robotics/lab1/install/test_pkg/share/ament_index/resource_index/packages/test_pkg
[1.551s] DEBUG:colcon.colcon_core.task.python.build:While undoing a previous installation files outside the Python library path are being ignored: /adv_robotics/lab1/install/test_pkg/share/test_pkg/package.xml
[1.551s] DEBUG:colcon.colcon_core.task.python.build:While undoing a previous installation files outside the Python library path are being ignored: /adv_robotics/lab1/install/test_pkg/share/test_pkg/launch/test_launch.py
[1.551s] DEBUG:colcon.colcon_core.task.python.build:While undoing a previous installation files outside the Python library path are being ignored: /adv_robotics/lab1/install/test_pkg/lib/test_pkg/receiver_node
[1.551s] DEBUG:colcon.colcon_core.task.python.build:While undoing a previous installation files outside the Python library path are being ignored: /adv_robotics/lab1/install/test_pkg/lib/test_pkg/sender_node
[1.552s] DEBUG:colcon.colcon_core.event_handler.log_command:Invoking command in '/adv_robotics/lab1/build/test_pkg': PYTHONPATH=/adv_robotics/lab1/build/test_pkg/prefix_override:/usr/lib/python3/dist-packages/colcon_core/task/python/colcon_distutils_commands:/adv_robotics/lab1/install/test_pkg/lib/python3.12/site-packages:${PYTHONPATH} /usr/bin/python3 -W ignore:setup.py install is deprecated -W ignore:easy_install command is deprecated setup.py develop --editable --build-directory /adv_robotics/lab1/build/test_pkg/build --no-deps symlink_data --force
[1.566s] DEBUG:colcon.colcon_core.task.python.build:Available setuptools 'develop' options: --install-layout, --egg-path, --upgrade, --index-url, --exclude-scripts, --prefix, --force-installation-into-system-dir, --verbose, --script-dir, --editable, --always-copy, --version, --no-user-cfg, --allow-hosts, --quiet, --site-dirs, --always-unzip, --help, --no-deps, --multi-version, --record, --find-links, --no-find-links, --user, --local-snapshots-ok, --build-directory, --uninstall, --optimize, --install-dir, --dry-run, --zip-ok
[1.566s] DEBUG:colcon.colcon_core.task.python.build:While undoing a previous installation files outside the Python library path are being ignored: /adv_robotics/lab1/install/turtlebot_control/share/ament_index/resource_index/packages/turtlebot_control
[1.566s] DEBUG:colcon.colcon_core.task.python.build:While undoing a previous installation files outside the Python library path are being ignored: /adv_robotics/lab1/install/turtlebot_control/share/turtlebot_control/package.xml
[1.567s] DEBUG:colcon.colcon_core.event_handler.log_command:Invoking command in '/adv_robotics/lab1/build/turtlebot_control': PYTHONPATH=/adv_robotics/lab1/build/turtlebot_control/prefix_override:/usr/lib/python3/dist-packages/colcon_core/task/python/colcon_distutils_commands:/adv_robotics/lab1/install/turtlebot_control/lib/python3.12/site-packages:${PYTHONPATH} /usr/bin/python3 -W ignore:setup.py install is deprecated -W ignore:easy_install command is deprecated setup.py develop --editable --build-directory /adv_robotics/lab1/build/turtlebot_control/build --no-deps symlink_data --force
[1.910s] Level 1:colcon.colcon_core.shell:create_environment_hook('test_pkg', 'pythonpath_develop')
[1.910s] INFO:colcon.colcon_core.shell:Creating environment hook '/adv_robotics/lab1/build/test_pkg/share/test_pkg/hook/pythonpath_develop.ps1'
[1.911s] DEBUG:colcon.colcon_core.event_handler.log_command:Invoked command in '/adv_robotics/lab1/build/test_pkg' returned '0': PYTHONPATH=/adv_robotics/lab1/build/test_pkg/prefix_override:/usr/lib/python3/dist-packages/colcon_core/task/python/colcon_distutils_commands:/adv_robotics/lab1/install/test_pkg/lib/python3.12/site-packages:${PYTHONPATH} /usr/bin/python3 -W ignore:setup.py install is deprecated -W ignore:easy_install command is deprecated setup.py develop --editable --build-directory /adv_robotics/lab1/build/test_pkg/build --no-deps symlink_data --force
[1.911s] INFO:colcon.colcon_core.shell:Creating environment descriptor '/adv_robotics/lab1/build/test_pkg/share/test_pkg/hook/pythonpath_develop.dsv'
[1.912s] INFO:colcon.colcon_core.shell:Creating environment hook '/adv_robotics/lab1/build/test_pkg/share/test_pkg/hook/pythonpath_develop.sh'
[1.912s] Level 1:colcon.colcon_core.environment:checking '/adv_robotics/lab1/install/test_pkg' for CMake module files
[1.912s] Level 1:colcon.colcon_core.environment:checking '/adv_robotics/lab1/install/test_pkg' for CMake config files
[1.913s] Level 1:colcon.colcon_core.environment:checking '/adv_robotics/lab1/install/test_pkg/lib'
[1.913s] Level 1:colcon.colcon_core.environment:checking '/adv_robotics/lab1/install/test_pkg/bin'
[1.913s] Level 1:colcon.colcon_core.environment:checking '/adv_robotics/lab1/install/test_pkg/lib/pkgconfig/test_pkg.pc'
[1.913s] Level 1:colcon.colcon_core.environment:checking '/adv_robotics/lab1/install/test_pkg/lib/python3.12/site-packages'
[1.913s] Level 1:colcon.colcon_core.shell:create_environment_hook('test_pkg', 'pythonpath')
[1.913s] INFO:colcon.colcon_core.shell:Creating environment hook '/adv_robotics/lab1/install/test_pkg/share/test_pkg/hook/pythonpath.ps1'
[1.913s] INFO:colcon.colcon_core.shell:Creating environment descriptor '/adv_robotics/lab1/install/test_pkg/share/test_pkg/hook/pythonpath.dsv'
[1.914s] INFO:colcon.colcon_core.shell:Creating environment hook '/adv_robotics/lab1/install/test_pkg/share/test_pkg/hook/pythonpath.sh'
[1.914s] Level 1:colcon.colcon_core.environment:checking '/adv_robotics/lab1/install/test_pkg/bin'
[1.914s] Level 1:colcon.colcon_core.environment:create_environment_scripts_only(test_pkg)
[1.914s] INFO:colcon.colcon_core.shell:Creating package script '/adv_robotics/lab1/install/test_pkg/share/test_pkg/package.ps1'
[1.915s] INFO:colcon.colcon_core.shell:Creating package descriptor '/adv_robotics/lab1/install/test_pkg/share/test_pkg/package.dsv'
[1.915s] INFO:colcon.colcon_core.shell:Creating package script '/adv_robotics/lab1/install/test_pkg/share/test_pkg/package.sh'
[1.915s] INFO:colcon.colcon_core.shell:Creating package script '/adv_robotics/lab1/install/test_pkg/share/test_pkg/package.bash'
[1.915s] INFO:colcon.colcon_core.shell:Creating package script '/adv_robotics/lab1/install/test_pkg/share/test_pkg/package.zsh'
[1.916s] Level 1:colcon.colcon_core.environment:create_file_with_runtime_dependencies(/adv_robotics/lab1/install/test_pkg/share/colcon-core/packages/test_pkg)
[1.921s] Level 1:colcon.colcon_core.shell:create_environment_hook('turtlebot_control', 'pythonpath_develop')
[1.921s] INFO:colcon.colcon_core.shell:Creating environment hook '/adv_robotics/lab1/build/turtlebot_control/share/turtlebot_control/hook/pythonpath_develop.ps1'
[1.921s] DEBUG:colcon.colcon_core.event_handler.log_command:Invoked command in '/adv_robotics/lab1/build/turtlebot_control' returned '0': PYTHONPATH=/adv_robotics/lab1/build/turtlebot_control/prefix_override:/usr/lib/python3/dist-packages/colcon_core/task/python/colcon_distutils_commands:/adv_robotics/lab1/install/turtlebot_control/lib/python3.12/site-packages:${PYTHONPATH} /usr/bin/python3 -W ignore:setup.py install is deprecated -W ignore:easy_install command is deprecated setup.py develop --editable --build-directory /adv_robotics/lab1/build/turtlebot_control/build --no-deps symlink_data --force
[1.922s] INFO:colcon.colcon_core.shell:Creating environment descriptor '/adv_robotics/lab1/build/turtlebot_control/share/turtlebot_control/hook/pythonpath_develop.dsv'
[1.922s] INFO:colcon.colcon_core.shell:Creating environment hook '/adv_robotics/lab1/build/turtlebot_control/share/turtlebot_control/hook/pythonpath_develop.sh'
[1.922s] Level 1:colcon.colcon_core.environment:checking '/adv_robotics/lab1/install/turtlebot_control' for CMake module files
[1.922s] Level 1:colcon.colcon_core.environment:checking '/adv_robotics/lab1/install/turtlebot_control' for CMake config files
[1.923s] Level 1:colcon.colcon_core.environment:checking '/adv_robotics/lab1/install/turtlebot_control/lib'
[1.923s] Level 1:colcon.colcon_core.environment:checking '/adv_robotics/lab1/install/turtlebot_control/bin'
[1.923s] Level 1:colcon.colcon_core.environment:checking '/adv_robotics/lab1/install/turtlebot_control/lib/pkgconfig/turtlebot_control.pc'
[1.923s] Level 1:colcon.colcon_core.environment:checking '/adv_robotics/lab1/install/turtlebot_control/lib/python3.12/site-packages'
[1.923s] Level 1:colcon.colcon_core.shell:create_environment_hook('turtlebot_control', 'pythonpath')
[1.923s] INFO:colcon.colcon_core.shell:Creating environment hook '/adv_robotics/lab1/install/turtlebot_control/share/turtlebot_control/hook/pythonpath.ps1'
[1.923s] INFO:colcon.colcon_core.shell:Creating environment descriptor '/adv_robotics/lab1/install/turtlebot_control/share/turtlebot_control/hook/pythonpath.dsv'
[1.924s] INFO:colcon.colcon_core.shell:Creating environment hook '/adv_robotics/lab1/install/turtlebot_control/share/turtlebot_control/hook/pythonpath.sh'
[1.924s] Level 1:colcon.colcon_core.environment:checking '/adv_robotics/lab1/install/turtlebot_control/bin'
[1.924s] Level 1:colcon.colcon_core.environment:create_environment_scripts_only(turtlebot_control)
[1.924s] INFO:colcon.colcon_core.shell:Creating package script '/adv_robotics/lab1/install/turtlebot_control/share/turtlebot_control/package.ps1'
[1.925s] INFO:colcon.colcon_core.shell:Creating package descriptor '/adv_robotics/lab1/install/turtlebot_control/share/turtlebot_control/package.dsv'
[1.925s] INFO:colcon.colcon_core.shell:Creating package script '/adv_robotics/lab1/install/turtlebot_control/share/turtlebot_control/package.sh'
[1.925s] INFO:colcon.colcon_core.shell:Creating package script '/adv_robotics/lab1/install/turtlebot_control/share/turtlebot_control/package.bash'
[1.926s] INFO:colcon.colcon_core.shell:Creating package script '/adv_robotics/lab1/install/turtlebot_control/share/turtlebot_control/package.zsh'
[1.926s] Level 1:colcon.colcon_core.environment:create_file_with_runtime_dependencies(/adv_robotics/lab1/install/turtlebot_control/share/colcon-core/packages/turtlebot_control)
[2.410s] DEBUG:colcon.colcon_core.event_handler.log_command:Invoked command in '/adv_robotics/lab1/build/turtlebot3_gazebo' returned '0': CMAKE_PREFIX_PATH=${CMAKE_PREFIX_PATH}:/opt/ros/jazzy /usr/bin/cmake /adv_robotics/lab1/turtlebot3_simulations/turtlebot3_gazebo -DAMENT_CMAKE_SYMLINK_INSTALL=1 -DCMAKE_INSTALL_PREFIX=/adv_robotics/lab1/install/turtlebot3_gazebo
[2.411s] DEBUG:colcon.colcon_core.event_handler.log_command:Invoking command in '/adv_robotics/lab1/build/turtlebot3_gazebo': CMAKE_PREFIX_PATH=${CMAKE_PREFIX_PATH}:/opt/ros/jazzy /usr/bin/cmake --build /adv_robotics/lab1/build/turtlebot3_gazebo -- -j16 -l16
[2.493s] DEBUG:colcon.colcon_core.event_handler.log_command:Invoked command in '/adv_robotics/lab1/build/turtlebot3_gazebo' returned '0': CMAKE_PREFIX_PATH=${CMAKE_PREFIX_PATH}:/opt/ros/jazzy /usr/bin/cmake --build /adv_robotics/lab1/build/turtlebot3_gazebo -- -j16 -l16
[2.494s] DEBUG:colcon.colcon_core.event_handler.log_command:Invoking command in '/adv_robotics/lab1/build/turtlebot3_gazebo': CMAKE_PREFIX_PATH=${CMAKE_PREFIX_PATH}:/opt/ros/jazzy /usr/bin/cmake --install /adv_robotics/lab1/build/turtlebot3_gazebo
[2.526s] Level 1:colcon.colcon_core.environment:create_environment_scripts_only(turtlebot3_gazebo)
[2.526s] DEBUG:colcon.colcon_core.event_handler.log_command:Invoked command in '/adv_robotics/lab1/build/turtlebot3_gazebo' returned '0': CMAKE_PREFIX_PATH=${CMAKE_PREFIX_PATH}:/opt/ros/jazzy /usr/bin/cmake --install /adv_robotics/lab1/build/turtlebot3_gazebo
[2.527s] Level 1:colcon.colcon_core.environment:checking '/adv_robotics/lab1/install/turtlebot3_gazebo' for CMake module files
[2.527s] Level 1:colcon.colcon_core.environment:checking '/adv_robotics/lab1/install/turtlebot3_gazebo' for CMake config files
[2.529s] Level 1:colcon.colcon_core.shell:create_environment_hook('turtlebot3_gazebo', 'cmake_prefix_path')
[2.529s] INFO:colcon.colcon_core.shell:Creating environment hook '/adv_robotics/lab1/install/turtlebot3_gazebo/share/turtlebot3_gazebo/hook/cmake_prefix_path.ps1'
[2.529s] INFO:colcon.colcon_core.shell:Creating environment descriptor '/adv_robotics/lab1/install/turtlebot3_gazebo/share/turtlebot3_gazebo/hook/cmake_prefix_path.dsv'
[2.529s] INFO:colcon.colcon_core.shell:Creating environment hook '/adv_robotics/lab1/install/turtlebot3_gazebo/share/turtlebot3_gazebo/hook/cmake_prefix_path.sh'
[2.530s] Level 1:colcon.colcon_core.environment:checking '/adv_robotics/lab1/install/turtlebot3_gazebo/lib'
[2.530s] Level 1:colcon.colcon_core.environment:checking '/adv_robotics/lab1/install/turtlebot3_gazebo/bin'
[2.530s] Level 1:colcon.colcon_core.environment:checking '/adv_robotics/lab1/install/turtlebot3_gazebo/lib/pkgconfig/turtlebot3_gazebo.pc'
[2.530s] Level 1:colcon.colcon_core.environment:checking '/adv_robotics/lab1/install/turtlebot3_gazebo/lib/python3.12/site-packages'
[2.530s] Level 1:colcon.colcon_core.environment:checking '/adv_robotics/lab1/install/turtlebot3_gazebo/bin'
[2.530s] INFO:colcon.colcon_core.shell:Creating package script '/adv_robotics/lab1/install/turtlebot3_gazebo/share/turtlebot3_gazebo/package.ps1'
[2.531s] INFO:colcon.colcon_core.shell:Creating package descriptor '/adv_robotics/lab1/install/turtlebot3_gazebo/share/turtlebot3_gazebo/package.dsv'
[2.531s] INFO:colcon.colcon_core.shell:Creating package script '/adv_robotics/lab1/install/turtlebot3_gazebo/share/turtlebot3_gazebo/package.sh'
[2.531s] INFO:colcon.colcon_core.shell:Creating package script '/adv_robotics/lab1/install/turtlebot3_gazebo/share/turtlebot3_gazebo/package.bash'
[2.531s] INFO:colcon.colcon_core.shell:Creating package script '/adv_robotics/lab1/install/turtlebot3_gazebo/share/turtlebot3_gazebo/package.zsh'
[2.531s] Level 1:colcon.colcon_core.environment:create_file_with_runtime_dependencies(/adv_robotics/lab1/install/turtlebot3_gazebo/share/colcon-core/packages/turtlebot3_gazebo)
[2.532s] Level 1:colcon.colcon_core.environment:create_environment_scripts_only(turtlebot3_gazebo)
[2.532s] Level 1:colcon.colcon_core.environment:checking '/adv_robotics/lab1/install/turtlebot3_gazebo' for CMake module files
[2.532s] Level 1:colcon.colcon_core.environment:checking '/adv_robotics/lab1/install/turtlebot3_gazebo' for CMake config files
[2.533s] Level 1:colcon.colcon_core.shell:create_environment_hook('turtlebot3_gazebo', 'cmake_prefix_path')
[2.533s] INFO:colcon.colcon_core.shell:Creating environment hook '/adv_robotics/lab1/install/turtlebot3_gazebo/share/turtlebot3_gazebo/hook/cmake_prefix_path.ps1'
[2.549s] INFO:colcon.colcon_core.shell:Creating environment descriptor '/adv_robotics/lab1/install/turtlebot3_gazebo/share/turtlebot3_gazebo/hook/cmake_prefix_path.dsv'
[2.550s] INFO:colcon.colcon_core.shell:Creating environment hook '/adv_robotics/lab1/install/turtlebot3_gazebo/share/turtlebot3_gazebo/hook/cmake_prefix_path.sh'
[2.550s] Level 1:colcon.colcon_core.environment:checking '/adv_robotics/lab1/install/turtlebot3_gazebo/lib'
[2.550s] Level 1:colcon.colcon_core.environment:checking '/adv_robotics/lab1/install/turtlebot3_gazebo/bin'
[2.550s] Level 1:colcon.colcon_core.environment:checking '/adv_robotics/lab1/install/turtlebot3_gazebo/lib/pkgconfig/turtlebot3_gazebo.pc'
[2.550s] Level 1:colcon.colcon_core.environment:checking '/adv_robotics/lab1/install/turtlebot3_gazebo/lib/python3.12/site-packages'
[2.551s] Level 1:colcon.colcon_core.environment:checking '/adv_robotics/lab1/install/turtlebot3_gazebo/bin'
[2.551s] INFO:colcon.colcon_core.shell:Creating package script '/adv_robotics/lab1/install/turtlebot3_gazebo/share/turtlebot3_gazebo/package.ps1'
[2.551s] INFO:colcon.colcon_core.shell:Creating package descriptor '/adv_robotics/lab1/install/turtlebot3_gazebo/share/turtlebot3_gazebo/package.dsv'
[2.552s] INFO:colcon.colcon_core.shell:Creating package script '/adv_robotics/lab1/install/turtlebot3_gazebo/share/turtlebot3_gazebo/package.sh'
[2.552s] INFO:colcon.colcon_core.shell:Creating package script '/adv_robotics/lab1/install/turtlebot3_gazebo/share/turtlebot3_gazebo/package.bash'
[2.552s] INFO:colcon.colcon_core.shell:Creating package script '/adv_robotics/lab1/install/turtlebot3_gazebo/share/turtlebot3_gazebo/package.zsh'
[2.552s] Level 1:colcon.colcon_core.environment:create_file_with_runtime_dependencies(/adv_robotics/lab1/install/turtlebot3_gazebo/share/colcon-core/packages/turtlebot3_gazebo)
[2.553s] INFO:colcon.colcon_ros.task.ament_cmake.build:Building ROS package in '/adv_robotics/lab1/turtlebot3_simulations/turtlebot3_simulations' with build type 'ament_cmake'
[2.553s] INFO:colcon.colcon_cmake.task.cmake.build:Building CMake package in '/adv_robotics/lab1/turtlebot3_simulations/turtlebot3_simulations'
[2.553s] INFO:colcon.colcon_core.shell:Skip shell extension 'powershell' for command environment: Not usable outside of PowerShell
[2.553s] DEBUG:colcon.colcon_core.shell:Skip shell extension 'dsv' for command environment
[2.561s] DEBUG:colcon.colcon_core.event_handler.log_command:Invoking command in '/adv_robotics/lab1/build/turtlebot3_simulations': AMENT_PREFIX_PATH=/adv_robotics/lab1/install/turtlebot3_gazebo:/adv_robotics/lab1/install/turtlebot3_fake_node:${AMENT_PREFIX_PATH} CMAKE_PREFIX_PATH=/adv_robotics/lab1/install/turtlebot3_gazebo:/adv_robotics/lab1/install/turtlebot3_fake_node:/opt/ros/jazzy/opt/gz_sim_vendor:/opt/ros/jazzy/opt/gz_sensors_vendor:/opt/ros/jazzy/opt/gz_physics_vendor:/opt/ros/jazzy/opt/sdformat_vendor:/opt/ros/jazzy/opt/gz_gui_vendor:/opt/ros/jazzy/opt/gz_transport_vendor:/opt/ros/jazzy/opt/gz_rendering_vendor:/opt/ros/jazzy/opt/gz_plugin_vendor:/opt/ros/jazzy/opt/gz_fuel_tools_vendor:/opt/ros/jazzy/opt/gz_msgs_vendor:/opt/ros/jazzy/opt/gz_common_vendor:/opt/ros/jazzy/opt/gz_math_vendor:/opt/ros/jazzy/opt/gz_utils_vendor:/opt/ros/jazzy/opt/gz_tools_vendor:/opt/ros/jazzy/opt/gz_ogre_next_vendor:/opt/ros/jazzy/opt/gz_dartsim_vendor:/opt/ros/jazzy/opt/gz_cmake_vendor:/opt/ros/jazzy /usr/bin/cmake /adv_robotics/lab1/turtlebot3_simulations/turtlebot3_simulations -DAMENT_CMAKE_SYMLINK_INSTALL=1 -DCMAKE_INSTALL_PREFIX=/adv_robotics/lab1/install/turtlebot3_simulations
[2.798s] DEBUG:colcon.colcon_core.event_handler.log_command:Invoked command in '/adv_robotics/lab1/build/turtlebot3_simulations' returned '0': AMENT_PREFIX_PATH=/adv_robotics/lab1/install/turtlebot3_gazebo:/adv_robotics/lab1/install/turtlebot3_fake_node:${AMENT_PREFIX_PATH} CMAKE_PREFIX_PATH=/adv_robotics/lab1/install/turtlebot3_gazebo:/adv_robotics/lab1/install/turtlebot3_fake_node:/opt/ros/jazzy/opt/gz_sim_vendor:/opt/ros/jazzy/opt/gz_sensors_vendor:/opt/ros/jazzy/opt/gz_physics_vendor:/opt/ros/jazzy/opt/sdformat_vendor:/opt/ros/jazzy/opt/gz_gui_vendor:/opt/ros/jazzy/opt/gz_transport_vendor:/opt/ros/jazzy/opt/gz_rendering_vendor:/opt/ros/jazzy/opt/gz_plugin_vendor:/opt/ros/jazzy/opt/gz_fuel_tools_vendor:/opt/ros/jazzy/opt/gz_msgs_vendor:/opt/ros/jazzy/opt/gz_common_vendor:/opt/ros/jazzy/opt/gz_math_vendor:/opt/ros/jazzy/opt/gz_utils_vendor:/opt/ros/jazzy/opt/gz_tools_vendor:/opt/ros/jazzy/opt/gz_ogre_next_vendor:/opt/ros/jazzy/opt/gz_dartsim_vendor:/opt/ros/jazzy/opt/gz_cmake_vendor:/opt/ros/jazzy /usr/bin/cmake /adv_robotics/lab1/turtlebot3_simulations/turtlebot3_simulations -DAMENT_CMAKE_SYMLINK_INSTALL=1 -DCMAKE_INSTALL_PREFIX=/adv_robotics/lab1/install/turtlebot3_simulations
[2.798s] DEBUG:colcon.colcon_core.event_handler.log_command:Invoking command in '/adv_robotics/lab1/build/turtlebot3_simulations': AMENT_PREFIX_PATH=/adv_robotics/lab1/install/turtlebot3_gazebo:/adv_robotics/lab1/install/turtlebot3_fake_node:${AMENT_PREFIX_PATH} CMAKE_PREFIX_PATH=/adv_robotics/lab1/install/turtlebot3_gazebo:/adv_robotics/lab1/install/turtlebot3_fake_node:/opt/ros/jazzy/opt/gz_sim_vendor:/opt/ros/jazzy/opt/gz_sensors_vendor:/opt/ros/jazzy/opt/gz_physics_vendor:/opt/ros/jazzy/opt/sdformat_vendor:/opt/ros/jazzy/opt/gz_gui_vendor:/opt/ros/jazzy/opt/gz_transport_vendor:/opt/ros/jazzy/opt/gz_rendering_vendor:/opt/ros/jazzy/opt/gz_plugin_vendor:/opt/ros/jazzy/opt/gz_fuel_tools_vendor:/opt/ros/jazzy/opt/gz_msgs_vendor:/opt/ros/jazzy/opt/gz_common_vendor:/opt/ros/jazzy/opt/gz_math_vendor:/opt/ros/jazzy/opt/gz_utils_vendor:/opt/ros/jazzy/opt/gz_tools_vendor:/opt/ros/jazzy/opt/gz_ogre_next_vendor:/opt/ros/jazzy/opt/gz_dartsim_vendor:/opt/ros/jazzy/opt/gz_cmake_vendor:/opt/ros/jazzy /usr/bin/cmake --build /adv_robotics/lab1/build/turtlebot3_simulations -- -j16 -l16
[2.841s] DEBUG:colcon.colcon_core.event_handler.log_command:Invoked command in '/adv_robotics/lab1/build/turtlebot3_simulations' returned '0': AMENT_PREFIX_PATH=/adv_robotics/lab1/install/turtlebot3_gazebo:/adv_robotics/lab1/install/turtlebot3_fake_node:${AMENT_PREFIX_PATH} CMAKE_PREFIX_PATH=/adv_robotics/lab1/install/turtlebot3_gazebo:/adv_robotics/lab1/install/turtlebot3_fake_node:/opt/ros/jazzy/opt/gz_sim_vendor:/opt/ros/jazzy/opt/gz_sensors_vendor:/opt/ros/jazzy/opt/gz_physics_vendor:/opt/ros/jazzy/opt/sdformat_vendor:/opt/ros/jazzy/opt/gz_gui_vendor:/opt/ros/jazzy/opt/gz_transport_vendor:/opt/ros/jazzy/opt/gz_rendering_vendor:/opt/ros/jazzy/opt/gz_plugin_vendor:/opt/ros/jazzy/opt/gz_fuel_tools_vendor:/opt/ros/jazzy/opt/gz_msgs_vendor:/opt/ros/jazzy/opt/gz_common_vendor:/opt/ros/jazzy/opt/gz_math_vendor:/opt/ros/jazzy/opt/gz_utils_vendor:/opt/ros/jazzy/opt/gz_tools_vendor:/opt/ros/jazzy/opt/gz_ogre_next_vendor:/opt/ros/jazzy/opt/gz_dartsim_vendor:/opt/ros/jazzy/opt/gz_cmake_vendor:/opt/ros/jazzy /usr/bin/cmake --build /adv_robotics/lab1/build/turtlebot3_simulations -- -j16 -l16
[2.842s] DEBUG:colcon.colcon_core.event_handler.log_command:Invoking command in '/adv_robotics/lab1/build/turtlebot3_simulations': AMENT_PREFIX_PATH=/adv_robotics/lab1/install/turtlebot3_gazebo:/adv_robotics/lab1/install/turtlebot3_fake_node:${AMENT_PREFIX_PATH} CMAKE_PREFIX_PATH=/adv_robotics/lab1/install/turtlebot3_gazebo:/adv_robotics/lab1/install/turtlebot3_fake_node:/opt/ros/jazzy/opt/gz_sim_vendor:/opt/ros/jazzy/opt/gz_sensors_vendor:/opt/ros/jazzy/opt/gz_physics_vendor:/opt/ros/jazzy/opt/sdformat_vendor:/opt/ros/jazzy/opt/gz_gui_vendor:/opt/ros/jazzy/opt/gz_transport_vendor:/opt/ros/jazzy/opt/gz_rendering_vendor:/opt/ros/jazzy/opt/gz_plugin_vendor:/opt/ros/jazzy/opt/gz_fuel_tools_vendor:/opt/ros/jazzy/opt/gz_msgs_vendor:/opt/ros/jazzy/opt/gz_common_vendor:/opt/ros/jazzy/opt/gz_math_vendor:/opt/ros/jazzy/opt/gz_utils_vendor:/opt/ros/jazzy/opt/gz_tools_vendor:/opt/ros/jazzy/opt/gz_ogre_next_vendor:/opt/ros/jazzy/opt/gz_dartsim_vendor:/opt/ros/jazzy/opt/gz_cmake_vendor:/opt/ros/jazzy /usr/bin/cmake --install /adv_robotics/lab1/build/turtlebot3_simulations
[2.864s] Level 1:colcon.colcon_core.environment:create_environment_scripts_only(turtlebot3_simulations)
[2.864s] Level 1:colcon.colcon_core.environment:checking '/adv_robotics/lab1/install/turtlebot3_simulations' for CMake module files
[2.864s] DEBUG:colcon.colcon_core.event_handler.log_command:Invoked command in '/adv_robotics/lab1/build/turtlebot3_simulations' returned '0': AMENT_PREFIX_PATH=/adv_robotics/lab1/install/turtlebot3_gazebo:/adv_robotics/lab1/install/turtlebot3_fake_node:${AMENT_PREFIX_PATH} CMAKE_PREFIX_PATH=/adv_robotics/lab1/install/turtlebot3_gazebo:/adv_robotics/lab1/install/turtlebot3_fake_node:/opt/ros/jazzy/opt/gz_sim_vendor:/opt/ros/jazzy/opt/gz_sensors_vendor:/opt/ros/jazzy/opt/gz_physics_vendor:/opt/ros/jazzy/opt/sdformat_vendor:/opt/ros/jazzy/opt/gz_gui_vendor:/opt/ros/jazzy/opt/gz_transport_vendor:/opt/ros/jazzy/opt/gz_rendering_vendor:/opt/ros/jazzy/opt/gz_plugin_vendor:/opt/ros/jazzy/opt/gz_fuel_tools_vendor:/opt/ros/jazzy/opt/gz_msgs_vendor:/opt/ros/jazzy/opt/gz_common_vendor:/opt/ros/jazzy/opt/gz_math_vendor:/opt/ros/jazzy/opt/gz_utils_vendor:/opt/ros/jazzy/opt/gz_tools_vendor:/opt/ros/jazzy/opt/gz_ogre_next_vendor:/opt/ros/jazzy/opt/gz_dartsim_vendor:/opt/ros/jazzy/opt/gz_cmake_vendor:/opt/ros/jazzy /usr/bin/cmake --install /adv_robotics/lab1/build/turtlebot3_simulations
[2.865s] Level 1:colcon.colcon_core.environment:checking '/adv_robotics/lab1/install/turtlebot3_simulations' for CMake config files
[2.865s] Level 1:colcon.colcon_core.shell:create_environment_hook('turtlebot3_simulations', 'cmake_prefix_path')
[2.865s] INFO:colcon.colcon_core.shell:Creating environment hook '/adv_robotics/lab1/install/turtlebot3_simulations/share/turtlebot3_simulations/hook/cmake_prefix_path.ps1'
[2.865s] INFO:colcon.colcon_core.shell:Creating environment descriptor '/adv_robotics/lab1/install/turtlebot3_simulations/share/turtlebot3_simulations/hook/cmake_prefix_path.dsv'
[2.866s] INFO:colcon.colcon_core.shell:Creating environment hook '/adv_robotics/lab1/install/turtlebot3_simulations/share/turtlebot3_simulations/hook/cmake_prefix_path.sh'
[2.866s] Level 1:colcon.colcon_core.environment:checking '/adv_robotics/lab1/install/turtlebot3_simulations/bin'
[2.866s] Level 1:colcon.colcon_core.environment:checking '/adv_robotics/lab1/install/turtlebot3_simulations/lib/pkgconfig/turtlebot3_simulations.pc'
[2.866s] Level 1:colcon.colcon_core.environment:checking '/adv_robotics/lab1/install/turtlebot3_simulations/lib/python3.12/site-packages'
[2.866s] Level 1:colcon.colcon_core.environment:checking '/adv_robotics/lab1/install/turtlebot3_simulations/bin'
[2.866s] INFO:colcon.colcon_core.shell:Creating package script '/adv_robotics/lab1/install/turtlebot3_simulations/share/turtlebot3_simulations/package.ps1'
[2.867s] INFO:colcon.colcon_core.shell:Creating package descriptor '/adv_robotics/lab1/install/turtlebot3_simulations/share/turtlebot3_simulations/package.dsv'
[2.867s] INFO:colcon.colcon_core.shell:Creating package script '/adv_robotics/lab1/install/turtlebot3_simulations/share/turtlebot3_simulations/package.sh'
[2.867s] INFO:colcon.colcon_core.shell:Creating package script '/adv_robotics/lab1/install/turtlebot3_simulations/share/turtlebot3_simulations/package.bash'
[2.867s] INFO:colcon.colcon_core.shell:Creating package script '/adv_robotics/lab1/install/turtlebot3_simulations/share/turtlebot3_simulations/package.zsh'
[2.868s] Level 1:colcon.colcon_core.environment:create_file_with_runtime_dependencies(/adv_robotics/lab1/install/turtlebot3_simulations/share/colcon-core/packages/turtlebot3_simulations)
[2.868s] Level 1:colcon.colcon_core.environment:create_environment_scripts_only(turtlebot3_simulations)
[2.868s] Level 1:colcon.colcon_core.environment:checking '/adv_robotics/lab1/install/turtlebot3_simulations' for CMake module files
[2.868s] Level 1:colcon.colcon_core.environment:checking '/adv_robotics/lab1/install/turtlebot3_simulations' for CMake config files
[2.868s] Level 1:colcon.colcon_core.shell:create_environment_hook('turtlebot3_simulations', 'cmake_prefix_path')
[2.868s] INFO:colcon.colcon_core.shell:Creating environment hook '/adv_robotics/lab1/install/turtlebot3_simulations/share/turtlebot3_simulations/hook/cmake_prefix_path.ps1'
[2.869s] INFO:colcon.colcon_core.shell:Creating environment descriptor '/adv_robotics/lab1/install/turtlebot3_simulations/share/turtlebot3_simulations/hook/cmake_prefix_path.dsv'
[2.869s] INFO:colcon.colcon_core.shell:Creating environment hook '/adv_robotics/lab1/install/turtlebot3_simulations/share/turtlebot3_simulations/hook/cmake_prefix_path.sh'
[2.869s] Level 1:colcon.colcon_core.environment:checking '/adv_robotics/lab1/install/turtlebot3_simulations/bin'
[2.869s] Level 1:colcon.colcon_core.environment:checking '/adv_robotics/lab1/install/turtlebot3_simulations/lib/pkgconfig/turtlebot3_simulations.pc'
[2.869s] Level 1:colcon.colcon_core.environment:checking '/adv_robotics/lab1/install/turtlebot3_simulations/lib/python3.12/site-packages'
[2.869s] Level 1:colcon.colcon_core.environment:checking '/adv_robotics/lab1/install/turtlebot3_simulations/bin'
[2.870s] INFO:colcon.colcon_core.shell:Creating package script '/adv_robotics/lab1/install/turtlebot3_simulations/share/turtlebot3_simulations/package.ps1'
[2.870s] INFO:colcon.colcon_core.shell:Creating package descriptor '/adv_robotics/lab1/install/turtlebot3_simulations/share/turtlebot3_simulations/package.dsv'
[2.870s] INFO:colcon.colcon_core.shell:Creating package script '/adv_robotics/lab1/install/turtlebot3_simulations/share/turtlebot3_simulations/package.sh'
[2.870s] INFO:colcon.colcon_core.shell:Creating package script '/adv_robotics/lab1/install/turtlebot3_simulations/share/turtlebot3_simulations/package.bash'
[2.870s] INFO:colcon.colcon_core.shell:Creating package script '/adv_robotics/lab1/install/turtlebot3_simulations/share/turtlebot3_simulations/package.zsh'
[2.871s] Level 1:colcon.colcon_core.environment:create_file_with_runtime_dependencies(/adv_robotics/lab1/install/turtlebot3_simulations/share/colcon-core/packages/turtlebot3_simulations)
[2.871s] DEBUG:colcon.colcon_parallel_executor.executor.parallel:closing loop
[2.871s] DEBUG:colcon.colcon_parallel_executor.executor.parallel:loop closed
[2.871s] DEBUG:colcon.colcon_parallel_executor.executor.parallel:run_until_complete finished with '0'
[2.871s] DEBUG:colcon.colcon_core.event_reactor:joining thread
[2.876s] INFO:colcon.colcon_core.plugin_system:Skipping extension 'colcon_notification.desktop_notification.notify_send': Could not find 'notify-send'
[2.876s] INFO:colcon.colcon_core.plugin_system:Skipping extension 'colcon_notification.desktop_notification.terminal_notifier': Not used on non-Darwin systems
[2.876s] INFO:colcon.colcon_core.plugin_system:Skipping extension 'colcon_notification.desktop_notification.win32': Not used on non-Windows systems
[2.876s] INFO:colcon.colcon_notification.desktop_notification:Sending desktop notification using 'notify2'
[2.879s] DEBUG:colcon.colcon_notification.desktop_notification.notify2:Failed to initialize notify2: org.freedesktop.DBus.Error.Spawn.ExecFailed: /usr/bin/dbus-launch terminated abnormally without any error message
[2.879s] DEBUG:colcon.colcon_core.event_reactor:joined thread
[2.879s] INFO:colcon.colcon_core.shell:Creating prefix script '/adv_robotics/lab1/install/local_setup.ps1'
[2.880s] INFO:colcon.colcon_core.shell:Creating prefix util module '/adv_robotics/lab1/install/_local_setup_util_ps1.py'
[2.881s] INFO:colcon.colcon_core.shell:Creating prefix chain script '/adv_robotics/lab1/install/setup.ps1'
[2.882s] INFO:colcon.colcon_core.shell:Creating prefix script '/adv_robotics/lab1/install/local_setup.sh'
[2.882s] INFO:colcon.colcon_core.shell:Creating prefix util module '/adv_robotics/lab1/install/_local_setup_util_sh.py'
[2.882s] INFO:colcon.colcon_core.shell:Creating prefix chain script '/adv_robotics/lab1/install/setup.sh'
[2.883s] INFO:colcon.colcon_core.shell:Creating prefix script '/adv_robotics/lab1/install/local_setup.bash'
[2.883s] INFO:colcon.colcon_core.shell:Creating prefix chain script '/adv_robotics/lab1/install/setup.bash'
[2.884s] INFO:colcon.colcon_core.shell:Creating prefix script '/adv_robotics/lab1/install/local_setup.zsh'
[2.884s] INFO:colcon.colcon_core.shell:Creating prefix chain script '/adv_robotics/lab1/install/setup.zsh'
