[0.135s] DEBUG:colcon:Command line arguments: ['/usr/bin/colcon', 'build']
[0.135s] DEBUG:colcon:Parsed command line arguments: Namespace(log_base=None, log_level=None, verb_name='build', build_base='build', install_base='install', merge_install=False, symlink_install=False, test_result_base=None, continue_on_error=False, executor='parallel', parallel_workers=16, event_handlers=None, ignore_user_meta=False, metas=['./colcon.meta'], base_paths=['.'], packages_ignore=None, packages_ignore_regex=None, paths=None, packages_up_to=None, packages_up_to_regex=None, packages_above=None, packages_above_and_dependencies=None, packages_above_depth=None, packages_select_by_dep=None, packages_skip_by_dep=None, packages_skip_up_to=None, packages_select_build_failed=False, packages_skip_build_finished=False, packages_select_test_failures=False, packages_skip_test_passed=False, packages_select=None, packages_skip=None, packages_select_regex=None, packages_skip_regex=None, packages_start=None, packages_end=None, cmake_args=None, cmake_target=None, cmake_target_skip_unavailable=False, cmake_clean_cache=False, cmake_clean_first=False, cmake_force_configure=False, ament_cmake_args=None, catkin_cmake_args=None, catkin_skip_building_tests=False, mixin_files=None, mixin=None, verb_parser=<colcon_mixin.mixin.mixin_argument.MixinArgumentDecorator object at 0x75e1eaad4f50>, verb_extension=<colcon_core.verb.build.BuildVerb object at 0x75e1eb41dc70>, main=<bound method BuildVerb.main of <colcon_core.verb.build.BuildVerb object at 0x75e1eb41dc70>>, mixin_verb=('build',))
[0.186s] Level 1:colcon.colcon_core.package_discovery:discover_packages(colcon_meta) check parameters
[0.186s] Level 1:colcon.colcon_core.package_discovery:discover_packages(recursive) check parameters
[0.186s] Level 1:colcon.colcon_core.package_discovery:discover_packages(ignore) check parameters
[0.186s] Level 1:colcon.colcon_core.package_discovery:discover_packages(path) check parameters
[0.186s] Level 1:colcon.colcon_core.package_discovery:discover_packages(colcon_meta) discover
[0.187s] Level 1:colcon.colcon_core.package_discovery:discover_packages(recursive) discover
[0.187s] INFO:colcon.colcon_core.package_discovery:Crawling recursively for packages in '/adv_robotics/lab1'
[0.187s] Level 1:colcon.colcon_core.package_identification:_identify(.) by extensions ['ignore', 'ignore_ament_install']
[0.187s] Level 1:colcon.colcon_core.package_identification:_identify(.) by extension 'ignore'
[0.187s] Level 1:colcon.colcon_core.package_identification:_identify(.) by extension 'ignore_ament_install'
[0.187s] Level 1:colcon.colcon_core.package_identification:_identify(.) by extensions ['colcon_pkg']
[0.187s] Level 1:colcon.colcon_core.package_identification:_identify(.) by extension 'colcon_pkg'
[0.187s] Level 1:colcon.colcon_core.package_identification:_identify(.) by extensions ['colcon_meta']
[0.187s] Level 1:colcon.colcon_core.package_identification:_identify(.) by extension 'colcon_meta'
[0.187s] Level 1:colcon.colcon_core.package_identification:_identify(.) by extensions ['ros']
[0.187s] Level 1:colcon.colcon_core.package_identification:_identify(.) by extension 'ros'
[0.220s] Level 1:colcon.colcon_core.package_identification:_identify(.) by extensions ['cmake', 'python']
[0.220s] Level 1:colcon.colcon_core.package_identification:_identify(.) by extension 'cmake'
[0.220s] Level 1:colcon.colcon_core.package_identification:_identify(.) by extension 'python'
[0.220s] Level 1:colcon.colcon_core.package_identification:_identify(.) by extensions ['python_setup_py']
[0.220s] Level 1:colcon.colcon_core.package_identification:_identify(.) by extension 'python_setup_py'
[0.221s] Level 1:colcon.colcon_core.package_identification:_identify(build) by extensions ['ignore', 'ignore_ament_install']
[0.221s] Level 1:colcon.colcon_core.package_identification:_identify(build) by extension 'ignore'
[0.221s] Level 1:colcon.colcon_core.package_identification:_identify(build) ignored
[0.221s] Level 1:colcon.colcon_core.package_identification:_identify(install) by extensions ['ignore', 'ignore_ament_install']
[0.221s] Level 1:colcon.colcon_core.package_identification:_identify(install) by extension 'ignore'
[0.221s] Level 1:colcon.colcon_core.package_identification:_identify(install) ignored
[0.221s] Level 1:colcon.colcon_core.package_identification:_identify(log) by extensions ['ignore', 'ignore_ament_install']
[0.222s] Level 1:colcon.colcon_core.package_identification:_identify(log) by extension 'ignore'
[0.222s] Level 1:colcon.colcon_core.package_identification:_identify(log) ignored
[0.222s] Level 1:colcon.colcon_core.package_identification:_identify(src) by extensions ['ignore', 'ignore_ament_install']
[0.222s] Level 1:colcon.colcon_core.package_identification:_identify(src) by extension 'ignore'
[0.222s] Level 1:colcon.colcon_core.package_identification:_identify(src) by extension 'ignore_ament_install'
[0.222s] Level 1:colcon.colcon_core.package_identification:_identify(src) by extensions ['colcon_pkg']
[0.222s] Level 1:colcon.colcon_core.package_identification:_identify(src) by extension 'colcon_pkg'
[0.222s] Level 1:colcon.colcon_core.package_identification:_identify(src) by extensions ['colcon_meta']
[0.222s] Level 1:colcon.colcon_core.package_identification:_identify(src) by extension 'colcon_meta'
[0.222s] Level 1:colcon.colcon_core.package_identification:_identify(src) by extensions ['ros']
[0.222s] Level 1:colcon.colcon_core.package_identification:_identify(src) by extension 'ros'
[0.222s] Level 1:colcon.colcon_core.package_identification:_identify(src) by extensions ['cmake', 'python']
[0.222s] Level 1:colcon.colcon_core.package_identification:_identify(src) by extension 'cmake'
[0.222s] Level 1:colcon.colcon_core.package_identification:_identify(src) by extension 'python'
[0.222s] Level 1:colcon.colcon_core.package_identification:_identify(src) by extensions ['python_setup_py']
[0.222s] Level 1:colcon.colcon_core.package_identification:_identify(src) by extension 'python_setup_py'
[0.222s] Level 1:colcon.colcon_core.package_identification:_identify(src/test_pkg) by extensions ['ignore', 'ignore_ament_install']
[0.223s] Level 1:colcon.colcon_core.package_identification:_identify(src/test_pkg) by extension 'ignore'
[0.223s] Level 1:colcon.colcon_core.package_identification:_identify(src/test_pkg) by extension 'ignore_ament_install'
[0.223s] Level 1:colcon.colcon_core.package_identification:_identify(src/test_pkg) by extensions ['colcon_pkg']
[0.223s] Level 1:colcon.colcon_core.package_identification:_identify(src/test_pkg) by extension 'colcon_pkg'
[0.223s] Level 1:colcon.colcon_core.package_identification:_identify(src/test_pkg) by extensions ['colcon_meta']
[0.223s] Level 1:colcon.colcon_core.package_identification:_identify(src/test_pkg) by extension 'colcon_meta'
[0.223s] Level 1:colcon.colcon_core.package_identification:_identify(src/test_pkg) by extensions ['ros']
[0.223s] Level 1:colcon.colcon_core.package_identification:_identify(src/test_pkg) by extension 'ros'
[0.227s] DEBUG:colcon.colcon_core.package_identification:Package 'src/test_pkg' with type 'ros.ament_python' and name 'test_pkg'
[0.227s] Level 1:colcon.colcon_core.package_identification:_identify(src/turtlebot_control) by extensions ['ignore', 'ignore_ament_install']
[0.227s] Level 1:colcon.colcon_core.package_identification:_identify(src/turtlebot_control) by extension 'ignore'
[0.227s] Level 1:colcon.colcon_core.package_identification:_identify(src/turtlebot_control) by extension 'ignore_ament_install'
[0.227s] Level 1:colcon.colcon_core.package_identification:_identify(src/turtlebot_control) by extensions ['colcon_pkg']
[0.227s] Level 1:colcon.colcon_core.package_identification:_identify(src/turtlebot_control) by extension 'colcon_pkg'
[0.227s] Level 1:colcon.colcon_core.package_identification:_identify(src/turtlebot_control) by extensions ['colcon_meta']
[0.227s] Level 1:colcon.colcon_core.package_identification:_identify(src/turtlebot_control) by extension 'colcon_meta'
[0.227s] Level 1:colcon.colcon_core.package_identification:_identify(src/turtlebot_control) by extensions ['ros']
[0.227s] Level 1:colcon.colcon_core.package_identification:_identify(src/turtlebot_control) by extension 'ros'
[0.228s] DEBUG:colcon.colcon_core.package_identification:Package 'src/turtlebot_control' with type 'ros.ament_python' and name 'turtlebot_control'
[0.228s] Level 1:colcon.colcon_core.package_identification:_identify(turtlebot3_simulations) by extensions ['ignore', 'ignore_ament_install']
[0.228s] Level 1:colcon.colcon_core.package_identification:_identify(turtlebot3_simulations) by extension 'ignore'
[0.228s] Level 1:colcon.colcon_core.package_identification:_identify(turtlebot3_simulations) by extension 'ignore_ament_install'
[0.228s] Level 1:colcon.colcon_core.package_identification:_identify(turtlebot3_simulations) by extensions ['colcon_pkg']
[0.228s] Level 1:colcon.colcon_core.package_identification:_identify(turtlebot3_simulations) by extension 'colcon_pkg'
[0.228s] Level 1:colcon.colcon_core.package_identification:_identify(turtlebot3_simulations) by extensions ['colcon_meta']
[0.228s] Level 1:colcon.colcon_core.package_identification:_identify(turtlebot3_simulations) by extension 'colcon_meta'
[0.228s] Level 1:colcon.colcon_core.package_identification:_identify(turtlebot3_simulations) by extensions ['ros']
[0.228s] Level 1:colcon.colcon_core.package_identification:_identify(turtlebot3_simulations) by extension 'ros'
[0.228s] Level 1:colcon.colcon_core.package_identification:_identify(turtlebot3_simulations) by extensions ['cmake', 'python']
[0.229s] Level 1:colcon.colcon_core.package_identification:_identify(turtlebot3_simulations) by extension 'cmake'
[0.229s] Level 1:colcon.colcon_core.package_identification:_identify(turtlebot3_simulations) by extension 'python'
[0.229s] Level 1:colcon.colcon_core.package_identification:_identify(turtlebot3_simulations) by extensions ['python_setup_py']
[0.229s] Level 1:colcon.colcon_core.package_identification:_identify(turtlebot3_simulations) by extension 'python_setup_py'
[0.229s] Level 1:colcon.colcon_core.package_identification:_identify(turtlebot3_simulations/turtlebot3_fake_node) by extensions ['ignore', 'ignore_ament_install']
[0.229s] Level 1:colcon.colcon_core.package_identification:_identify(turtlebot3_simulations/turtlebot3_fake_node) by extension 'ignore'
[0.229s] Level 1:colcon.colcon_core.package_identification:_identify(turtlebot3_simulations/turtlebot3_fake_node) by extension 'ignore_ament_install'
[0.229s] Level 1:colcon.colcon_core.package_identification:_identify(turtlebot3_simulations/turtlebot3_fake_node) by extensions ['colcon_pkg']
[0.229s] Level 1:colcon.colcon_core.package_identification:_identify(turtlebot3_simulations/turtlebot3_fake_node) by extension 'colcon_pkg'
[0.229s] Level 1:colcon.colcon_core.package_identification:_identify(turtlebot3_simulations/turtlebot3_fake_node) by extensions ['colcon_meta']
[0.229s] Level 1:colcon.colcon_core.package_identification:_identify(turtlebot3_simulations/turtlebot3_fake_node) by extension 'colcon_meta'
[0.229s] Level 1:colcon.colcon_core.package_identification:_identify(turtlebot3_simulations/turtlebot3_fake_node) by extensions ['ros']
[0.229s] Level 1:colcon.colcon_core.package_identification:_identify(turtlebot3_simulations/turtlebot3_fake_node) by extension 'ros'
[0.230s] DEBUG:colcon.colcon_core.package_identification:Package 'turtlebot3_simulations/turtlebot3_fake_node' with type 'ros.ament_cmake' and name 'turtlebot3_fake_node'
[0.230s] Level 1:colcon.colcon_core.package_identification:_identify(turtlebot3_simulations/turtlebot3_gazebo) by extensions ['ignore', 'ignore_ament_install']
[0.231s] Level 1:colcon.colcon_core.package_identification:_identify(turtlebot3_simulations/turtlebot3_gazebo) by extension 'ignore'
[0.231s] Level 1:colcon.colcon_core.package_identification:_identify(turtlebot3_simulations/turtlebot3_gazebo) by extension 'ignore_ament_install'
[0.231s] Level 1:colcon.colcon_core.package_identification:_identify(turtlebot3_simulations/turtlebot3_gazebo) by extensions ['colcon_pkg']
[0.231s] Level 1:colcon.colcon_core.package_identification:_identify(turtlebot3_simulations/turtlebot3_gazebo) by extension 'colcon_pkg'
[0.231s] Level 1:colcon.colcon_core.package_identification:_identify(turtlebot3_simulations/turtlebot3_gazebo) by extensions ['colcon_meta']
[0.231s] Level 1:colcon.colcon_core.package_identification:_identify(turtlebot3_simulations/turtlebot3_gazebo) by extension 'colcon_meta'
[0.231s] Level 1:colcon.colcon_core.package_identification:_identify(turtlebot3_simulations/turtlebot3_gazebo) by extensions ['ros']
[0.231s] Level 1:colcon.colcon_core.package_identification:_identify(turtlebot3_simulations/turtlebot3_gazebo) by extension 'ros'
[0.232s] DEBUG:colcon.colcon_core.package_identification:Package 'turtlebot3_simulations/turtlebot3_gazebo' with type 'ros.ament_cmake' and name 'turtlebot3_gazebo'
[0.233s] Level 1:colcon.colcon_core.package_identification:_identify(turtlebot3_simulations/turtlebot3_simulations) by extensions ['ignore', 'ignore_ament_install']
[0.233s] Level 1:colcon.colcon_core.package_identification:_identify(turtlebot3_simulations/turtlebot3_simulations) by extension 'ignore'
[0.233s] Level 1:colcon.colcon_core.package_identification:_identify(turtlebot3_simulations/turtlebot3_simulations) by extension 'ignore_ament_install'
[0.233s] Level 1:colcon.colcon_core.package_identification:_identify(turtlebot3_simulations/turtlebot3_simulations) by extensions ['colcon_pkg']
[0.233s] Level 1:colcon.colcon_core.package_identification:_identify(turtlebot3_simulations/turtlebot3_simulations) by extension 'colcon_pkg'
[0.233s] Level 1:colcon.colcon_core.package_identification:_identify(turtlebot3_simulations/turtlebot3_simulations) by extensions ['colcon_meta']
[0.233s] Level 1:colcon.colcon_core.package_identification:_identify(turtlebot3_simulations/turtlebot3_simulations) by extension 'colcon_meta'
[0.233s] Level 1:colcon.colcon_core.package_identification:_identify(turtlebot3_simulations/turtlebot3_simulations) by extensions ['ros']
[0.233s] Level 1:colcon.colcon_core.package_identification:_identify(turtlebot3_simulations/turtlebot3_simulations) by extension 'ros'
[0.234s] DEBUG:colcon.colcon_core.package_identification:Package 'turtlebot3_simulations/turtlebot3_simulations' with type 'ros.ament_cmake' and name 'turtlebot3_simulations'
[0.234s] Level 1:colcon.colcon_core.package_discovery:discover_packages(recursive) using defaults
[0.234s] Level 1:colcon.colcon_core.package_discovery:discover_packages(ignore) discover
[0.234s] Level 1:colcon.colcon_core.package_discovery:discover_packages(ignore) using defaults
[0.234s] Level 1:colcon.colcon_core.package_discovery:discover_packages(path) discover
[0.234s] Level 1:colcon.colcon_core.package_discovery:discover_packages(path) using defaults
[0.259s] Level 5:colcon.colcon_core.verb:set package 'test_pkg' build argument 'cmake_args' from command line to 'None'
[0.260s] Level 5:colcon.colcon_core.verb:set package 'test_pkg' build argument 'cmake_target' from command line to 'None'
[0.260s] Level 5:colcon.colcon_core.verb:set package 'test_pkg' build argument 'cmake_target_skip_unavailable' from command line to 'False'
[0.260s] Level 5:colcon.colcon_core.verb:set package 'test_pkg' build argument 'cmake_clean_cache' from command line to 'False'
[0.260s] Level 5:colcon.colcon_core.verb:set package 'test_pkg' build argument 'cmake_clean_first' from command line to 'False'
[0.260s] Level 5:colcon.colcon_core.verb:set package 'test_pkg' build argument 'cmake_force_configure' from command line to 'False'
[0.260s] Level 5:colcon.colcon_core.verb:set package 'test_pkg' build argument 'ament_cmake_args' from command line to 'None'
[0.260s] Level 5:colcon.colcon_core.verb:set package 'test_pkg' build argument 'catkin_cmake_args' from command line to 'None'
[0.260s] Level 5:colcon.colcon_core.verb:set package 'test_pkg' build argument 'catkin_skip_building_tests' from command line to 'False'
[0.260s] DEBUG:colcon.colcon_core.verb:Building package 'test_pkg' with the following arguments: {'ament_cmake_args': None, 'build_base': '/adv_robotics/lab1/build/test_pkg', 'catkin_cmake_args': None, 'catkin_skip_building_tests': False, 'cmake_args': None, 'cmake_clean_cache': False, 'cmake_clean_first': False, 'cmake_force_configure': False, 'cmake_target': None, 'cmake_target_skip_unavailable': False, 'install_base': '/adv_robotics/lab1/install/test_pkg', 'merge_install': False, 'path': '/adv_robotics/lab1/src/test_pkg', 'symlink_install': False, 'test_result_base': None}
[0.260s] Level 5:colcon.colcon_core.verb:set package 'turtlebot3_fake_node' build argument 'cmake_args' from command line to 'None'
[0.260s] Level 5:colcon.colcon_core.verb:set package 'turtlebot3_fake_node' build argument 'cmake_target' from command line to 'None'
[0.260s] Level 5:colcon.colcon_core.verb:set package 'turtlebot3_fake_node' build argument 'cmake_target_skip_unavailable' from command line to 'False'
[0.261s] Level 5:colcon.colcon_core.verb:set package 'turtlebot3_fake_node' build argument 'cmake_clean_cache' from command line to 'False'
[0.261s] Level 5:colcon.colcon_core.verb:set package 'turtlebot3_fake_node' build argument 'cmake_clean_first' from command line to 'False'
[0.261s] Level 5:colcon.colcon_core.verb:set package 'turtlebot3_fake_node' build argument 'cmake_force_configure' from command line to 'False'
[0.261s] Level 5:colcon.colcon_core.verb:set package 'turtlebot3_fake_node' build argument 'ament_cmake_args' from command line to 'None'
[0.261s] Level 5:colcon.colcon_core.verb:set package 'turtlebot3_fake_node' build argument 'catkin_cmake_args' from command line to 'None'
[0.261s] Level 5:colcon.colcon_core.verb:set package 'turtlebot3_fake_node' build argument 'catkin_skip_building_tests' from command line to 'False'
[0.261s] DEBUG:colcon.colcon_core.verb:Building package 'turtlebot3_fake_node' with the following arguments: {'ament_cmake_args': None, 'build_base': '/adv_robotics/lab1/build/turtlebot3_fake_node', 'catkin_cmake_args': None, 'catkin_skip_building_tests': False, 'cmake_args': None, 'cmake_clean_cache': False, 'cmake_clean_first': False, 'cmake_force_configure': False, 'cmake_target': None, 'cmake_target_skip_unavailable': False, 'install_base': '/adv_robotics/lab1/install/turtlebot3_fake_node', 'merge_install': False, 'path': '/adv_robotics/lab1/turtlebot3_simulations/turtlebot3_fake_node', 'symlink_install': False, 'test_result_base': None}
[0.261s] Level 5:colcon.colcon_core.verb:set package 'turtlebot3_gazebo' build argument 'cmake_args' from command line to 'None'
[0.261s] Level 5:colcon.colcon_core.verb:set package 'turtlebot3_gazebo' build argument 'cmake_target' from command line to 'None'
[0.261s] Level 5:colcon.colcon_core.verb:set package 'turtlebot3_gazebo' build argument 'cmake_target_skip_unavailable' from command line to 'False'
[0.261s] Level 5:colcon.colcon_core.verb:set package 'turtlebot3_gazebo' build argument 'cmake_clean_cache' from command line to 'False'
[0.261s] Level 5:colcon.colcon_core.verb:set package 'turtlebot3_gazebo' build argument 'cmake_clean_first' from command line to 'False'
[0.261s] Level 5:colcon.colcon_core.verb:set package 'turtlebot3_gazebo' build argument 'cmake_force_configure' from command line to 'False'
[0.261s] Level 5:colcon.colcon_core.verb:set package 'turtlebot3_gazebo' build argument 'ament_cmake_args' from command line to 'None'
[0.261s] Level 5:colcon.colcon_core.verb:set package 'turtlebot3_gazebo' build argument 'catkin_cmake_args' from command line to 'None'
[0.261s] Level 5:colcon.colcon_core.verb:set package 'turtlebot3_gazebo' build argument 'catkin_skip_building_tests' from command line to 'False'
[0.261s] DEBUG:colcon.colcon_core.verb:Building package 'turtlebot3_gazebo' with the following arguments: {'ament_cmake_args': None, 'build_base': '/adv_robotics/lab1/build/turtlebot3_gazebo', 'catkin_cmake_args': None, 'catkin_skip_building_tests': False, 'cmake_args': None, 'cmake_clean_cache': False, 'cmake_clean_first': False, 'cmake_force_configure': False, 'cmake_target': None, 'cmake_target_skip_unavailable': False, 'install_base': '/adv_robotics/lab1/install/turtlebot3_gazebo', 'merge_install': False, 'path': '/adv_robotics/lab1/turtlebot3_simulations/turtlebot3_gazebo', 'symlink_install': False, 'test_result_base': None}
[0.261s] Level 5:colcon.colcon_core.verb:set package 'turtlebot_control' build argument 'cmake_args' from command line to 'None'
[0.261s] Level 5:colcon.colcon_core.verb:set package 'turtlebot_control' build argument 'cmake_target' from command line to 'None'
[0.261s] Level 5:colcon.colcon_core.verb:set package 'turtlebot_control' build argument 'cmake_target_skip_unavailable' from command line to 'False'
[0.261s] Level 5:colcon.colcon_core.verb:set package 'turtlebot_control' build argument 'cmake_clean_cache' from command line to 'False'
[0.261s] Level 5:colcon.colcon_core.verb:set package 'turtlebot_control' build argument 'cmake_clean_first' from command line to 'False'
[0.261s] Level 5:colcon.colcon_core.verb:set package 'turtlebot_control' build argument 'cmake_force_configure' from command line to 'False'
[0.261s] Level 5:colcon.colcon_core.verb:set package 'turtlebot_control' build argument 'ament_cmake_args' from command line to 'None'
[0.262s] Level 5:colcon.colcon_core.verb:set package 'turtlebot_control' build argument 'catkin_cmake_args' from command line to 'None'
[0.262s] Level 5:colcon.colcon_core.verb:set package 'turtlebot_control' build argument 'catkin_skip_building_tests' from command line to 'False'
[0.262s] DEBUG:colcon.colcon_core.verb:Building package 'turtlebot_control' with the following arguments: {'ament_cmake_args': None, 'build_base': '/adv_robotics/lab1/build/turtlebot_control', 'catkin_cmake_args': None, 'catkin_skip_building_tests': False, 'cmake_args': None, 'cmake_clean_cache': False, 'cmake_clean_first': False, 'cmake_force_configure': False, 'cmake_target': None, 'cmake_target_skip_unavailable': False, 'install_base': '/adv_robotics/lab1/install/turtlebot_control', 'merge_install': False, 'path': '/adv_robotics/lab1/src/turtlebot_control', 'symlink_install': False, 'test_result_base': None}
[0.262s] Level 5:colcon.colcon_core.verb:set package 'turtlebot3_simulations' build argument 'cmake_args' from command line to 'None'
[0.262s] Level 5:colcon.colcon_core.verb:set package 'turtlebot3_simulations' build argument 'cmake_target' from command line to 'None'
[0.262s] Level 5:colcon.colcon_core.verb:set package 'turtlebot3_simulations' build argument 'cmake_target_skip_unavailable' from command line to 'False'
[0.262s] Level 5:colcon.colcon_core.verb:set package 'turtlebot3_simulations' build argument 'cmake_clean_cache' from command line to 'False'
[0.262s] Level 5:colcon.colcon_core.verb:set package 'turtlebot3_simulations' build argument 'cmake_clean_first' from command line to 'False'
[0.262s] Level 5:colcon.colcon_core.verb:set package 'turtlebot3_simulations' build argument 'cmake_force_configure' from command line to 'False'
[0.262s] Level 5:colcon.colcon_core.verb:set package 'turtlebot3_simulations' build argument 'ament_cmake_args' from command line to 'None'
[0.262s] Level 5:colcon.colcon_core.verb:set package 'turtlebot3_simulations' build argument 'catkin_cmake_args' from command line to 'None'
[0.262s] Level 5:colcon.colcon_core.verb:set package 'turtlebot3_simulations' build argument 'catkin_skip_building_tests' from command line to 'False'
[0.262s] DEBUG:colcon.colcon_core.verb:Building package 'turtlebot3_simulations' with the following arguments: {'ament_cmake_args': None, 'build_base': '/adv_robotics/lab1/build/turtlebot3_simulations', 'catkin_cmake_args': None, 'catkin_skip_building_tests': False, 'cmake_args': None, 'cmake_clean_cache': False, 'cmake_clean_first': False, 'cmake_force_configure': False, 'cmake_target': None, 'cmake_target_skip_unavailable': False, 'install_base': '/adv_robotics/lab1/install/turtlebot3_simulations', 'merge_install': False, 'path': '/adv_robotics/lab1/turtlebot3_simulations/turtlebot3_simulations', 'symlink_install': False, 'test_result_base': None}
[0.262s] INFO:colcon.colcon_core.executor:Executing jobs using 'parallel' executor
[0.263s] DEBUG:colcon.colcon_parallel_executor.executor.parallel:run_until_complete
[0.264s] INFO:colcon.colcon_ros.task.ament_cmake.build:Building ROS package in '/adv_robotics/lab1/turtlebot3_simulations/turtlebot3_fake_node' with build type 'ament_cmake'
[0.264s] INFO:colcon.colcon_cmake.task.cmake.build:Building CMake package in '/adv_robotics/lab1/turtlebot3_simulations/turtlebot3_fake_node'
[0.267s] INFO:colcon.colcon_core.plugin_system:Skipping extension 'colcon_core.shell.bat': Not used on non-Windows systems
[0.267s] INFO:colcon.colcon_core.shell:Skip shell extension 'powershell' for command environment: Not usable outside of PowerShell
[0.267s] DEBUG:colcon.colcon_core.shell:Skip shell extension 'dsv' for command environment
[0.275s] INFO:colcon.colcon_ros.task.ament_cmake.build:Building ROS package in '/adv_robotics/lab1/turtlebot3_simulations/turtlebot3_gazebo' with build type 'ament_cmake'
[0.275s] INFO:colcon.colcon_cmake.task.cmake.build:Building CMake package in '/adv_robotics/lab1/turtlebot3_simulations/turtlebot3_gazebo'
[0.276s] INFO:colcon.colcon_core.shell:Skip shell extension 'powershell' for command environment: Not usable outside of PowerShell
[0.276s] DEBUG:colcon.colcon_core.shell:Skip shell extension 'dsv' for command environment
[0.281s] INFO:colcon.colcon_ros.task.ament_python.build:Building ROS package in '/adv_robotics/lab1/src/test_pkg' with build type 'ament_python'
[0.281s] Level 1:colcon.colcon_core.shell:create_environment_hook('test_pkg', 'ament_prefix_path')
[0.282s] INFO:colcon.colcon_core.shell:Creating environment hook '/adv_robotics/lab1/install/test_pkg/share/test_pkg/hook/ament_prefix_path.ps1'
[0.283s] INFO:colcon.colcon_core.shell:Creating environment descriptor '/adv_robotics/lab1/install/test_pkg/share/test_pkg/hook/ament_prefix_path.dsv'
[0.283s] INFO:colcon.colcon_core.shell:Creating environment hook '/adv_robotics/lab1/install/test_pkg/share/test_pkg/hook/ament_prefix_path.sh'
[0.284s] INFO:colcon.colcon_core.shell:Skip shell extension 'powershell' for command environment: Not usable outside of PowerShell
[0.284s] DEBUG:colcon.colcon_core.shell:Skip shell extension 'dsv' for command environment
[0.291s] INFO:colcon.colcon_ros.task.ament_python.build:Building ROS package in '/adv_robotics/lab1/src/turtlebot_control' with build type 'ament_python'
[0.291s] Level 1:colcon.colcon_core.shell:create_environment_hook('turtlebot_control', 'ament_prefix_path')
[0.292s] INFO:colcon.colcon_core.shell:Creating environment hook '/adv_robotics/lab1/install/turtlebot_control/share/turtlebot_control/hook/ament_prefix_path.ps1'
[0.293s] INFO:colcon.colcon_core.shell:Creating environment descriptor '/adv_robotics/lab1/install/turtlebot_control/share/turtlebot_control/hook/ament_prefix_path.dsv'
[0.294s] INFO:colcon.colcon_core.shell:Creating environment hook '/adv_robotics/lab1/install/turtlebot_control/share/turtlebot_control/hook/ament_prefix_path.sh'
[0.294s] INFO:colcon.colcon_core.shell:Skip shell extension 'powershell' for command environment: Not usable outside of PowerShell
[0.295s] DEBUG:colcon.colcon_core.shell:Skip shell extension 'dsv' for command environment
[0.309s] DEBUG:colcon.colcon_core.event_handler.log_command:Invoking command in '/adv_robotics/lab1/build/turtlebot3_fake_node': CMAKE_PREFIX_PATH=${CMAKE_PREFIX_PATH}:/opt/ros/jazzy /usr/bin/cmake /adv_robotics/lab1/turtlebot3_simulations/turtlebot3_fake_node -DCMAKE_INSTALL_PREFIX=/adv_robotics/lab1/install/turtlebot3_fake_node
[0.314s] DEBUG:colcon.colcon_core.event_handler.log_command:Invoking command in '/adv_robotics/lab1/build/turtlebot3_gazebo': CMAKE_PREFIX_PATH=${CMAKE_PREFIX_PATH}:/opt/ros/jazzy /usr/bin/cmake --build /adv_robotics/lab1/build/turtlebot3_gazebo -- -j16 -l16
[0.620s] INFO:colcon.colcon_core.task.python.build:Building Python package in '/adv_robotics/lab1/src/test_pkg'
[0.620s] INFO:colcon.colcon_core.shell:Skip shell extension 'powershell' for command environment: Not usable outside of PowerShell
[0.620s] DEBUG:colcon.colcon_core.shell:Skip shell extension 'dsv' for command environment
[0.631s] DEBUG:colcon.colcon_core.event_handler.log_command:Invoked command in '/adv_robotics/lab1/build/turtlebot3_gazebo' returned '0': CMAKE_PREFIX_PATH=${CMAKE_PREFIX_PATH}:/opt/ros/jazzy /usr/bin/cmake --build /adv_robotics/lab1/build/turtlebot3_gazebo -- -j16 -l16
[0.652s] DEBUG:colcon.colcon_core.event_handler.log_command:Invoking command in '/adv_robotics/lab1/build/turtlebot3_gazebo': CMAKE_PREFIX_PATH=${CMAKE_PREFIX_PATH}:/opt/ros/jazzy /usr/bin/cmake --install /adv_robotics/lab1/build/turtlebot3_gazebo
[0.860s] INFO:colcon.colcon_core.task.python.build:Building Python package in '/adv_robotics/lab1/src/turtlebot_control'
[0.860s] INFO:colcon.colcon_core.shell:Skip shell extension 'powershell' for command environment: Not usable outside of PowerShell
[0.860s] DEBUG:colcon.colcon_core.shell:Skip shell extension 'dsv' for command environment
[0.874s] Level 1:colcon.colcon_core.environment:create_environment_scripts_only(turtlebot3_gazebo)
[0.878s] Level 1:colcon.colcon_core.environment:checking '/adv_robotics/lab1/install/turtlebot3_gazebo' for CMake module files
[0.880s] Level 1:colcon.colcon_core.environment:checking '/adv_robotics/lab1/install/turtlebot3_gazebo' for CMake config files
[0.883s] DEBUG:colcon.colcon_core.event_handler.log_command:Invoked command in '/adv_robotics/lab1/build/turtlebot3_gazebo' returned '0': CMAKE_PREFIX_PATH=${CMAKE_PREFIX_PATH}:/opt/ros/jazzy /usr/bin/cmake --install /adv_robotics/lab1/build/turtlebot3_gazebo
[0.885s] Level 1:colcon.colcon_core.shell:create_environment_hook('turtlebot3_gazebo', 'cmake_prefix_path')
[0.885s] INFO:colcon.colcon_core.shell:Creating environment hook '/adv_robotics/lab1/install/turtlebot3_gazebo/share/turtlebot3_gazebo/hook/cmake_prefix_path.ps1'
[0.886s] INFO:colcon.colcon_core.shell:Creating environment descriptor '/adv_robotics/lab1/install/turtlebot3_gazebo/share/turtlebot3_gazebo/hook/cmake_prefix_path.dsv'
[0.886s] INFO:colcon.colcon_core.shell:Creating environment hook '/adv_robotics/lab1/install/turtlebot3_gazebo/share/turtlebot3_gazebo/hook/cmake_prefix_path.sh'
[0.887s] Level 1:colcon.colcon_core.environment:checking '/adv_robotics/lab1/install/turtlebot3_gazebo/lib'
[0.887s] Level 1:colcon.colcon_core.environment:checking '/adv_robotics/lab1/install/turtlebot3_gazebo/bin'
[0.887s] Level 1:colcon.colcon_core.environment:checking '/adv_robotics/lab1/install/turtlebot3_gazebo/lib/pkgconfig/turtlebot3_gazebo.pc'
[0.887s] Level 1:colcon.colcon_core.environment:checking '/adv_robotics/lab1/install/turtlebot3_gazebo/lib/python3.12/site-packages'
[0.887s] Level 1:colcon.colcon_core.environment:checking '/adv_robotics/lab1/install/turtlebot3_gazebo/bin'
[0.888s] INFO:colcon.colcon_core.shell:Creating package script '/adv_robotics/lab1/install/turtlebot3_gazebo/share/turtlebot3_gazebo/package.ps1'
[0.888s] INFO:colcon.colcon_core.shell:Creating package descriptor '/adv_robotics/lab1/install/turtlebot3_gazebo/share/turtlebot3_gazebo/package.dsv'
[0.889s] INFO:colcon.colcon_core.shell:Creating package script '/adv_robotics/lab1/install/turtlebot3_gazebo/share/turtlebot3_gazebo/package.sh'
[0.889s] INFO:colcon.colcon_core.shell:Creating package script '/adv_robotics/lab1/install/turtlebot3_gazebo/share/turtlebot3_gazebo/package.bash'
[0.889s] INFO:colcon.colcon_core.shell:Creating package script '/adv_robotics/lab1/install/turtlebot3_gazebo/share/turtlebot3_gazebo/package.zsh'
[0.890s] Level 1:colcon.colcon_core.environment:create_file_with_runtime_dependencies(/adv_robotics/lab1/install/turtlebot3_gazebo/share/colcon-core/packages/turtlebot3_gazebo)
[0.890s] Level 1:colcon.colcon_core.environment:create_environment_scripts_only(turtlebot3_gazebo)
[0.891s] Level 1:colcon.colcon_core.environment:checking '/adv_robotics/lab1/install/turtlebot3_gazebo' for CMake module files
[0.891s] Level 1:colcon.colcon_core.environment:checking '/adv_robotics/lab1/install/turtlebot3_gazebo' for CMake config files
[0.893s] Level 1:colcon.colcon_core.shell:create_environment_hook('turtlebot3_gazebo', 'cmake_prefix_path')
[0.893s] INFO:colcon.colcon_core.shell:Creating environment hook '/adv_robotics/lab1/install/turtlebot3_gazebo/share/turtlebot3_gazebo/hook/cmake_prefix_path.ps1'
[0.894s] INFO:colcon.colcon_core.shell:Creating environment descriptor '/adv_robotics/lab1/install/turtlebot3_gazebo/share/turtlebot3_gazebo/hook/cmake_prefix_path.dsv'
[0.894s] INFO:colcon.colcon_core.shell:Creating environment hook '/adv_robotics/lab1/install/turtlebot3_gazebo/share/turtlebot3_gazebo/hook/cmake_prefix_path.sh'
[0.894s] Level 1:colcon.colcon_core.environment:checking '/adv_robotics/lab1/install/turtlebot3_gazebo/lib'
[0.895s] Level 1:colcon.colcon_core.environment:checking '/adv_robotics/lab1/install/turtlebot3_gazebo/bin'
[0.895s] Level 1:colcon.colcon_core.environment:checking '/adv_robotics/lab1/install/turtlebot3_gazebo/lib/pkgconfig/turtlebot3_gazebo.pc'
[0.895s] Level 1:colcon.colcon_core.environment:checking '/adv_robotics/lab1/install/turtlebot3_gazebo/lib/python3.12/site-packages'
[0.895s] Level 1:colcon.colcon_core.environment:checking '/adv_robotics/lab1/install/turtlebot3_gazebo/bin'
[0.895s] INFO:colcon.colcon_core.shell:Creating package script '/adv_robotics/lab1/install/turtlebot3_gazebo/share/turtlebot3_gazebo/package.ps1'
[0.896s] INFO:colcon.colcon_core.shell:Creating package descriptor '/adv_robotics/lab1/install/turtlebot3_gazebo/share/turtlebot3_gazebo/package.dsv'
[0.896s] INFO:colcon.colcon_core.shell:Creating package script '/adv_robotics/lab1/install/turtlebot3_gazebo/share/turtlebot3_gazebo/package.sh'
[0.896s] INFO:colcon.colcon_core.shell:Creating package script '/adv_robotics/lab1/install/turtlebot3_gazebo/share/turtlebot3_gazebo/package.bash'
[0.897s] INFO:colcon.colcon_core.shell:Creating package script '/adv_robotics/lab1/install/turtlebot3_gazebo/share/turtlebot3_gazebo/package.zsh'
[0.897s] Level 1:colcon.colcon_core.environment:create_file_with_runtime_dependencies(/adv_robotics/lab1/install/turtlebot3_gazebo/share/colcon-core/packages/turtlebot3_gazebo)
[1.163s] DEBUG:colcon.colcon_core.event_handler.log_command:Invoked command in '/adv_robotics/lab1/build/turtlebot3_fake_node' returned '0': CMAKE_PREFIX_PATH=${CMAKE_PREFIX_PATH}:/opt/ros/jazzy /usr/bin/cmake /adv_robotics/lab1/turtlebot3_simulations/turtlebot3_fake_node -DCMAKE_INSTALL_PREFIX=/adv_robotics/lab1/install/turtlebot3_fake_node
[1.164s] DEBUG:colcon.colcon_core.event_handler.log_command:Invoking command in '/adv_robotics/lab1/build/turtlebot3_fake_node': CMAKE_PREFIX_PATH=${CMAKE_PREFIX_PATH}:/opt/ros/jazzy /usr/bin/cmake --build /adv_robotics/lab1/build/turtlebot3_fake_node -- -j16 -l16
[1.280s] DEBUG:colcon.colcon_core.event_handler.log_command:Invoked command in '/adv_robotics/lab1/build/turtlebot3_fake_node' returned '0': CMAKE_PREFIX_PATH=${CMAKE_PREFIX_PATH}:/opt/ros/jazzy /usr/bin/cmake --build /adv_robotics/lab1/build/turtlebot3_fake_node -- -j16 -l16
[1.281s] DEBUG:colcon.colcon_core.event_handler.log_command:Invoking command in '/adv_robotics/lab1/build/turtlebot3_fake_node': CMAKE_PREFIX_PATH=${CMAKE_PREFIX_PATH}:/opt/ros/jazzy /usr/bin/cmake --install /adv_robotics/lab1/build/turtlebot3_fake_node
[1.289s] DEBUG:colcon.colcon_core.task.python.build:Available setuptools commands: alias, editable_wheel, bdist_egg, build_ext, bdist_dumb, build_py, sdist, saveopts, clean, dist_info, install_egg_info, build_scripts, build_clib, install_lib, build, egg_info, check, install, install_data, rotate, easy_install, bdist_rpm, develop, install_scripts, bdist, test, upload_docs, register, upload, install_headers, setopt, symlink_data
[1.292s] DEBUG:colcon.colcon_core.event_handler.log_command:Invoking command in '/adv_robotics/lab1/src/turtlebot_control': PYTHONPATH=/adv_robotics/lab1/build/turtlebot_control/prefix_override:/usr/lib/python3/dist-packages/colcon_core/task/python/colcon_distutils_commands:/adv_robotics/lab1/install/turtlebot_control/lib/python3.12/site-packages:${PYTHONPATH} /usr/bin/python3 -W ignore:setup.py install is deprecated -W ignore:easy_install command is deprecated setup.py egg_info --egg-base ../../build/turtlebot_control build --build-base /adv_robotics/lab1/build/turtlebot_control/build install --record /adv_robotics/lab1/build/turtlebot_control/install.log --install-scripts $base/lib/turtlebot_control --single-version-externally-managed install_data
[1.302s] DEBUG:colcon.colcon_core.task.python.build:Available setuptools commands: alias, editable_wheel, bdist_egg, build_ext, bdist_dumb, build_py, sdist, saveopts, clean, dist_info, install_egg_info, build_scripts, build_clib, install_lib, build, egg_info, check, install, install_data, rotate, easy_install, bdist_rpm, develop, install_scripts, bdist, test, upload_docs, register, upload, install_headers, setopt, symlink_data
[1.304s] DEBUG:colcon.colcon_core.event_handler.log_command:Invoking command in '/adv_robotics/lab1/build/test_pkg': PYTHONPATH=/adv_robotics/lab1/build/test_pkg/prefix_override:/usr/lib/python3/dist-packages/colcon_core/task/python/colcon_distutils_commands:/adv_robotics/lab1/install/test_pkg/lib/python3.12/site-packages:${PYTHONPATH} /usr/bin/python3 -W ignore:setup.py install is deprecated -W ignore:easy_install command is deprecated setup.py develop --uninstall --editable --build-directory /adv_robotics/lab1/build/test_pkg/build
[1.314s] Level 1:colcon.colcon_core.environment:create_environment_scripts_only(turtlebot3_fake_node)
[1.315s] Level 1:colcon.colcon_core.environment:checking '/adv_robotics/lab1/install/turtlebot3_fake_node' for CMake module files
[1.315s] DEBUG:colcon.colcon_core.event_handler.log_command:Invoked command in '/adv_robotics/lab1/build/turtlebot3_fake_node' returned '0': CMAKE_PREFIX_PATH=${CMAKE_PREFIX_PATH}:/opt/ros/jazzy /usr/bin/cmake --install /adv_robotics/lab1/build/turtlebot3_fake_node
[1.316s] Level 1:colcon.colcon_core.environment:checking '/adv_robotics/lab1/install/turtlebot3_fake_node' for CMake config files
[1.316s] Level 1:colcon.colcon_core.shell:create_environment_hook('turtlebot3_fake_node', 'cmake_prefix_path')
[1.316s] INFO:colcon.colcon_core.shell:Creating environment hook '/adv_robotics/lab1/install/turtlebot3_fake_node/share/turtlebot3_fake_node/hook/cmake_prefix_path.ps1'
[1.317s] INFO:colcon.colcon_core.shell:Creating environment descriptor '/adv_robotics/lab1/install/turtlebot3_fake_node/share/turtlebot3_fake_node/hook/cmake_prefix_path.dsv'
[1.317s] INFO:colcon.colcon_core.shell:Creating environment hook '/adv_robotics/lab1/install/turtlebot3_fake_node/share/turtlebot3_fake_node/hook/cmake_prefix_path.sh'
[1.318s] Level 1:colcon.colcon_core.environment:checking '/adv_robotics/lab1/install/turtlebot3_fake_node/lib'
[1.318s] Level 1:colcon.colcon_core.environment:checking '/adv_robotics/lab1/install/turtlebot3_fake_node/bin'
[1.318s] Level 1:colcon.colcon_core.environment:checking '/adv_robotics/lab1/install/turtlebot3_fake_node/lib/pkgconfig/turtlebot3_fake_node.pc'
[1.318s] Level 1:colcon.colcon_core.environment:checking '/adv_robotics/lab1/install/turtlebot3_fake_node/lib/python3.12/site-packages'
[1.318s] Level 1:colcon.colcon_core.environment:checking '/adv_robotics/lab1/install/turtlebot3_fake_node/bin'
[1.318s] INFO:colcon.colcon_core.shell:Creating package script '/adv_robotics/lab1/install/turtlebot3_fake_node/share/turtlebot3_fake_node/package.ps1'
[1.318s] INFO:colcon.colcon_core.shell:Creating package descriptor '/adv_robotics/lab1/install/turtlebot3_fake_node/share/turtlebot3_fake_node/package.dsv'
[1.319s] INFO:colcon.colcon_core.shell:Creating package script '/adv_robotics/lab1/install/turtlebot3_fake_node/share/turtlebot3_fake_node/package.sh'
[1.319s] INFO:colcon.colcon_core.shell:Creating package script '/adv_robotics/lab1/install/turtlebot3_fake_node/share/turtlebot3_fake_node/package.bash'
[1.319s] INFO:colcon.colcon_core.shell:Creating package script '/adv_robotics/lab1/install/turtlebot3_fake_node/share/turtlebot3_fake_node/package.zsh'
[1.319s] Level 1:colcon.colcon_core.environment:create_file_with_runtime_dependencies(/adv_robotics/lab1/install/turtlebot3_fake_node/share/colcon-core/packages/turtlebot3_fake_node)
[1.320s] Level 1:colcon.colcon_core.environment:create_environment_scripts_only(turtlebot3_fake_node)
[1.320s] Level 1:colcon.colcon_core.environment:checking '/adv_robotics/lab1/install/turtlebot3_fake_node' for CMake module files
[1.320s] Level 1:colcon.colcon_core.environment:checking '/adv_robotics/lab1/install/turtlebot3_fake_node' for CMake config files
[1.320s] Level 1:colcon.colcon_core.shell:create_environment_hook('turtlebot3_fake_node', 'cmake_prefix_path')
[1.321s] INFO:colcon.colcon_core.shell:Creating environment hook '/adv_robotics/lab1/install/turtlebot3_fake_node/share/turtlebot3_fake_node/hook/cmake_prefix_path.ps1'
[1.321s] INFO:colcon.colcon_core.shell:Creating environment descriptor '/adv_robotics/lab1/install/turtlebot3_fake_node/share/turtlebot3_fake_node/hook/cmake_prefix_path.dsv'
[1.321s] INFO:colcon.colcon_core.shell:Creating environment hook '/adv_robotics/lab1/install/turtlebot3_fake_node/share/turtlebot3_fake_node/hook/cmake_prefix_path.sh'
[1.321s] Level 1:colcon.colcon_core.environment:checking '/adv_robotics/lab1/install/turtlebot3_fake_node/lib'
[1.321s] Level 1:colcon.colcon_core.environment:checking '/adv_robotics/lab1/install/turtlebot3_fake_node/bin'
[1.321s] Level 1:colcon.colcon_core.environment:checking '/adv_robotics/lab1/install/turtlebot3_fake_node/lib/pkgconfig/turtlebot3_fake_node.pc'
[1.322s] Level 1:colcon.colcon_core.environment:checking '/adv_robotics/lab1/install/turtlebot3_fake_node/lib/python3.12/site-packages'
[1.322s] Level 1:colcon.colcon_core.environment:checking '/adv_robotics/lab1/install/turtlebot3_fake_node/bin'
[1.322s] INFO:colcon.colcon_core.shell:Creating package script '/adv_robotics/lab1/install/turtlebot3_fake_node/share/turtlebot3_fake_node/package.ps1'
[1.322s] INFO:colcon.colcon_core.shell:Creating package descriptor '/adv_robotics/lab1/install/turtlebot3_fake_node/share/turtlebot3_fake_node/package.dsv'
[1.322s] INFO:colcon.colcon_core.shell:Creating package script '/adv_robotics/lab1/install/turtlebot3_fake_node/share/turtlebot3_fake_node/package.sh'
[1.323s] INFO:colcon.colcon_core.shell:Creating package script '/adv_robotics/lab1/install/turtlebot3_fake_node/share/turtlebot3_fake_node/package.bash'
[1.323s] INFO:colcon.colcon_core.shell:Creating package script '/adv_robotics/lab1/install/turtlebot3_fake_node/share/turtlebot3_fake_node/package.zsh'
[1.323s] Level 1:colcon.colcon_core.environment:create_file_with_runtime_dependencies(/adv_robotics/lab1/install/turtlebot3_fake_node/share/colcon-core/packages/turtlebot3_fake_node)
[1.323s] INFO:colcon.colcon_ros.task.ament_cmake.build:Building ROS package in '/adv_robotics/lab1/turtlebot3_simulations/turtlebot3_simulations' with build type 'ament_cmake'
[1.324s] INFO:colcon.colcon_cmake.task.cmake.build:Building CMake package in '/adv_robotics/lab1/turtlebot3_simulations/turtlebot3_simulations'
[1.324s] INFO:colcon.colcon_core.shell:Skip shell extension 'powershell' for command environment: Not usable outside of PowerShell
[1.324s] DEBUG:colcon.colcon_core.shell:Skip shell extension 'dsv' for command environment
[1.334s] DEBUG:colcon.colcon_core.event_handler.log_command:Invoking command in '/adv_robotics/lab1/build/turtlebot3_simulations': AMENT_PREFIX_PATH=/adv_robotics/lab1/install/turtlebot3_gazebo:/adv_robotics/lab1/install/turtlebot3_fake_node:${AMENT_PREFIX_PATH} CMAKE_PREFIX_PATH=/adv_robotics/lab1/install/turtlebot3_gazebo:/adv_robotics/lab1/install/turtlebot3_fake_node:/opt/ros/jazzy/opt/gz_sim_vendor:/opt/ros/jazzy/opt/gz_sensors_vendor:/opt/ros/jazzy/opt/gz_physics_vendor:/opt/ros/jazzy/opt/sdformat_vendor:/opt/ros/jazzy/opt/gz_gui_vendor:/opt/ros/jazzy/opt/gz_transport_vendor:/opt/ros/jazzy/opt/gz_rendering_vendor:/opt/ros/jazzy/opt/gz_plugin_vendor:/opt/ros/jazzy/opt/gz_fuel_tools_vendor:/opt/ros/jazzy/opt/gz_msgs_vendor:/opt/ros/jazzy/opt/gz_common_vendor:/opt/ros/jazzy/opt/gz_math_vendor:/opt/ros/jazzy/opt/gz_utils_vendor:/opt/ros/jazzy/opt/gz_tools_vendor:/opt/ros/jazzy/opt/gz_ogre_next_vendor:/opt/ros/jazzy/opt/gz_dartsim_vendor:/opt/ros/jazzy/opt/gz_cmake_vendor:/opt/ros/jazzy /usr/bin/cmake /adv_robotics/lab1/turtlebot3_simulations/turtlebot3_simulations -DCMAKE_INSTALL_PREFIX=/adv_robotics/lab1/install/turtlebot3_simulations
[1.644s] DEBUG:colcon.colcon_core.event_handler.log_command:Invoked command in '/adv_robotics/lab1/build/turtlebot3_simulations' returned '0': AMENT_PREFIX_PATH=/adv_robotics/lab1/install/turtlebot3_gazebo:/adv_robotics/lab1/install/turtlebot3_fake_node:${AMENT_PREFIX_PATH} CMAKE_PREFIX_PATH=/adv_robotics/lab1/install/turtlebot3_gazebo:/adv_robotics/lab1/install/turtlebot3_fake_node:/opt/ros/jazzy/opt/gz_sim_vendor:/opt/ros/jazzy/opt/gz_sensors_vendor:/opt/ros/jazzy/opt/gz_physics_vendor:/opt/ros/jazzy/opt/sdformat_vendor:/opt/ros/jazzy/opt/gz_gui_vendor:/opt/ros/jazzy/opt/gz_transport_vendor:/opt/ros/jazzy/opt/gz_rendering_vendor:/opt/ros/jazzy/opt/gz_plugin_vendor:/opt/ros/jazzy/opt/gz_fuel_tools_vendor:/opt/ros/jazzy/opt/gz_msgs_vendor:/opt/ros/jazzy/opt/gz_common_vendor:/opt/ros/jazzy/opt/gz_math_vendor:/opt/ros/jazzy/opt/gz_utils_vendor:/opt/ros/jazzy/opt/gz_tools_vendor:/opt/ros/jazzy/opt/gz_ogre_next_vendor:/opt/ros/jazzy/opt/gz_dartsim_vendor:/opt/ros/jazzy/opt/gz_cmake_vendor:/opt/ros/jazzy /usr/bin/cmake /adv_robotics/lab1/turtlebot3_simulations/turtlebot3_simulations -DCMAKE_INSTALL_PREFIX=/adv_robotics/lab1/install/turtlebot3_simulations
[1.645s] DEBUG:colcon.colcon_core.event_handler.log_command:Invoking command in '/adv_robotics/lab1/build/turtlebot3_simulations': AMENT_PREFIX_PATH=/adv_robotics/lab1/install/turtlebot3_gazebo:/adv_robotics/lab1/install/turtlebot3_fake_node:${AMENT_PREFIX_PATH} CMAKE_PREFIX_PATH=/adv_robotics/lab1/install/turtlebot3_gazebo:/adv_robotics/lab1/install/turtlebot3_fake_node:/opt/ros/jazzy/opt/gz_sim_vendor:/opt/ros/jazzy/opt/gz_sensors_vendor:/opt/ros/jazzy/opt/gz_physics_vendor:/opt/ros/jazzy/opt/sdformat_vendor:/opt/ros/jazzy/opt/gz_gui_vendor:/opt/ros/jazzy/opt/gz_transport_vendor:/opt/ros/jazzy/opt/gz_rendering_vendor:/opt/ros/jazzy/opt/gz_plugin_vendor:/opt/ros/jazzy/opt/gz_fuel_tools_vendor:/opt/ros/jazzy/opt/gz_msgs_vendor:/opt/ros/jazzy/opt/gz_common_vendor:/opt/ros/jazzy/opt/gz_math_vendor:/opt/ros/jazzy/opt/gz_utils_vendor:/opt/ros/jazzy/opt/gz_tools_vendor:/opt/ros/jazzy/opt/gz_ogre_next_vendor:/opt/ros/jazzy/opt/gz_dartsim_vendor:/opt/ros/jazzy/opt/gz_cmake_vendor:/opt/ros/jazzy /usr/bin/cmake --build /adv_robotics/lab1/build/turtlebot3_simulations -- -j16 -l16
[1.664s] Level 1:colcon.colcon_core.environment:checking '/adv_robotics/lab1/install/turtlebot_control' for CMake module files
[1.665s] DEBUG:colcon.colcon_core.event_handler.log_command:Invoked command in '/adv_robotics/lab1/src/turtlebot_control' returned '0': PYTHONPATH=/adv_robotics/lab1/build/turtlebot_control/prefix_override:/usr/lib/python3/dist-packages/colcon_core/task/python/colcon_distutils_commands:/adv_robotics/lab1/install/turtlebot_control/lib/python3.12/site-packages:${PYTHONPATH} /usr/bin/python3 -W ignore:setup.py install is deprecated -W ignore:easy_install command is deprecated setup.py egg_info --egg-base ../../build/turtlebot_control build --build-base /adv_robotics/lab1/build/turtlebot_control/build install --record /adv_robotics/lab1/build/turtlebot_control/install.log --install-scripts $base/lib/turtlebot_control --single-version-externally-managed install_data
[1.665s] Level 1:colcon.colcon_core.environment:checking '/adv_robotics/lab1/install/turtlebot_control' for CMake config files
[1.665s] Level 1:colcon.colcon_core.environment:checking '/adv_robotics/lab1/install/turtlebot_control/lib'
[1.665s] Level 1:colcon.colcon_core.environment:checking '/adv_robotics/lab1/install/turtlebot_control/bin'
[1.665s] Level 1:colcon.colcon_core.environment:checking '/adv_robotics/lab1/install/turtlebot_control/lib/pkgconfig/turtlebot_control.pc'
[1.666s] Level 1:colcon.colcon_core.environment:checking '/adv_robotics/lab1/install/turtlebot_control/lib/python3.12/site-packages'
[1.666s] Level 1:colcon.colcon_core.shell:create_environment_hook('turtlebot_control', 'pythonpath')
[1.666s] INFO:colcon.colcon_core.shell:Creating environment hook '/adv_robotics/lab1/install/turtlebot_control/share/turtlebot_control/hook/pythonpath.ps1'
[1.666s] INFO:colcon.colcon_core.shell:Creating environment descriptor '/adv_robotics/lab1/install/turtlebot_control/share/turtlebot_control/hook/pythonpath.dsv'
[1.667s] INFO:colcon.colcon_core.shell:Creating environment hook '/adv_robotics/lab1/install/turtlebot_control/share/turtlebot_control/hook/pythonpath.sh'
[1.667s] Level 1:colcon.colcon_core.environment:checking '/adv_robotics/lab1/install/turtlebot_control/bin'
[1.667s] Level 1:colcon.colcon_core.environment:create_environment_scripts_only(turtlebot_control)
[1.667s] INFO:colcon.colcon_core.shell:Creating package script '/adv_robotics/lab1/install/turtlebot_control/share/turtlebot_control/package.ps1'
[1.668s] INFO:colcon.colcon_core.shell:Creating package descriptor '/adv_robotics/lab1/install/turtlebot_control/share/turtlebot_control/package.dsv'
[1.668s] INFO:colcon.colcon_core.shell:Creating package script '/adv_robotics/lab1/install/turtlebot_control/share/turtlebot_control/package.sh'
[1.668s] INFO:colcon.colcon_core.shell:Creating package script '/adv_robotics/lab1/install/turtlebot_control/share/turtlebot_control/package.bash'
[1.669s] INFO:colcon.colcon_core.shell:Creating package script '/adv_robotics/lab1/install/turtlebot_control/share/turtlebot_control/package.zsh'
[1.669s] Level 1:colcon.colcon_core.environment:create_file_with_runtime_dependencies(/adv_robotics/lab1/install/turtlebot_control/share/colcon-core/packages/turtlebot_control)
[1.708s] DEBUG:colcon.colcon_core.event_handler.log_command:Invoked command in '/adv_robotics/lab1/build/turtlebot3_simulations' returned '0': AMENT_PREFIX_PATH=/adv_robotics/lab1/install/turtlebot3_gazebo:/adv_robotics/lab1/install/turtlebot3_fake_node:${AMENT_PREFIX_PATH} CMAKE_PREFIX_PATH=/adv_robotics/lab1/install/turtlebot3_gazebo:/adv_robotics/lab1/install/turtlebot3_fake_node:/opt/ros/jazzy/opt/gz_sim_vendor:/opt/ros/jazzy/opt/gz_sensors_vendor:/opt/ros/jazzy/opt/gz_physics_vendor:/opt/ros/jazzy/opt/sdformat_vendor:/opt/ros/jazzy/opt/gz_gui_vendor:/opt/ros/jazzy/opt/gz_transport_vendor:/opt/ros/jazzy/opt/gz_rendering_vendor:/opt/ros/jazzy/opt/gz_plugin_vendor:/opt/ros/jazzy/opt/gz_fuel_tools_vendor:/opt/ros/jazzy/opt/gz_msgs_vendor:/opt/ros/jazzy/opt/gz_common_vendor:/opt/ros/jazzy/opt/gz_math_vendor:/opt/ros/jazzy/opt/gz_utils_vendor:/opt/ros/jazzy/opt/gz_tools_vendor:/opt/ros/jazzy/opt/gz_ogre_next_vendor:/opt/ros/jazzy/opt/gz_dartsim_vendor:/opt/ros/jazzy/opt/gz_cmake_vendor:/opt/ros/jazzy /usr/bin/cmake --build /adv_robotics/lab1/build/turtlebot3_simulations -- -j16 -l16
[1.708s] DEBUG:colcon.colcon_core.event_handler.log_command:Invoking command in '/adv_robotics/lab1/build/turtlebot3_simulations': AMENT_PREFIX_PATH=/adv_robotics/lab1/install/turtlebot3_gazebo:/adv_robotics/lab1/install/turtlebot3_fake_node:${AMENT_PREFIX_PATH} CMAKE_PREFIX_PATH=/adv_robotics/lab1/install/turtlebot3_gazebo:/adv_robotics/lab1/install/turtlebot3_fake_node:/opt/ros/jazzy/opt/gz_sim_vendor:/opt/ros/jazzy/opt/gz_sensors_vendor:/opt/ros/jazzy/opt/gz_physics_vendor:/opt/ros/jazzy/opt/sdformat_vendor:/opt/ros/jazzy/opt/gz_gui_vendor:/opt/ros/jazzy/opt/gz_transport_vendor:/opt/ros/jazzy/opt/gz_rendering_vendor:/opt/ros/jazzy/opt/gz_plugin_vendor:/opt/ros/jazzy/opt/gz_fuel_tools_vendor:/opt/ros/jazzy/opt/gz_msgs_vendor:/opt/ros/jazzy/opt/gz_common_vendor:/opt/ros/jazzy/opt/gz_math_vendor:/opt/ros/jazzy/opt/gz_utils_vendor:/opt/ros/jazzy/opt/gz_tools_vendor:/opt/ros/jazzy/opt/gz_ogre_next_vendor:/opt/ros/jazzy/opt/gz_dartsim_vendor:/opt/ros/jazzy/opt/gz_cmake_vendor:/opt/ros/jazzy /usr/bin/cmake --install /adv_robotics/lab1/build/turtlebot3_simulations
[1.730s] DEBUG:colcon.colcon_core.event_handler.log_command:Invoked command in '/adv_robotics/lab1/build/test_pkg' returned '0': PYTHONPATH=/adv_robotics/lab1/build/test_pkg/prefix_override:/usr/lib/python3/dist-packages/colcon_core/task/python/colcon_distutils_commands:/adv_robotics/lab1/install/test_pkg/lib/python3.12/site-packages:${PYTHONPATH} /usr/bin/python3 -W ignore:setup.py install is deprecated -W ignore:easy_install command is deprecated setup.py develop --uninstall --editable --build-directory /adv_robotics/lab1/build/test_pkg/build
[1.732s] DEBUG:colcon.colcon_core.event_handler.log_command:Invoking command in '/adv_robotics/lab1/src/test_pkg': PYTHONPATH=/adv_robotics/lab1/build/test_pkg/prefix_override:/usr/lib/python3/dist-packages/colcon_core/task/python/colcon_distutils_commands:/adv_robotics/lab1/install/test_pkg/lib/python3.12/site-packages:${PYTHONPATH} /usr/bin/python3 -W ignore:setup.py install is deprecated -W ignore:easy_install command is deprecated setup.py egg_info --egg-base ../../build/test_pkg build --build-base /adv_robotics/lab1/build/test_pkg/build install --record /adv_robotics/lab1/build/test_pkg/install.log --install-scripts $base/lib/test_pkg --single-version-externally-managed install_data --force
[1.736s] Level 1:colcon.colcon_core.environment:create_environment_scripts_only(turtlebot3_simulations)
[1.737s] Level 1:colcon.colcon_core.environment:checking '/adv_robotics/lab1/install/turtlebot3_simulations' for CMake module files
[1.737s] DEBUG:colcon.colcon_core.event_handler.log_command:Invoked command in '/adv_robotics/lab1/build/turtlebot3_simulations' returned '0': AMENT_PREFIX_PATH=/adv_robotics/lab1/install/turtlebot3_gazebo:/adv_robotics/lab1/install/turtlebot3_fake_node:${AMENT_PREFIX_PATH} CMAKE_PREFIX_PATH=/adv_robotics/lab1/install/turtlebot3_gazebo:/adv_robotics/lab1/install/turtlebot3_fake_node:/opt/ros/jazzy/opt/gz_sim_vendor:/opt/ros/jazzy/opt/gz_sensors_vendor:/opt/ros/jazzy/opt/gz_physics_vendor:/opt/ros/jazzy/opt/sdformat_vendor:/opt/ros/jazzy/opt/gz_gui_vendor:/opt/ros/jazzy/opt/gz_transport_vendor:/opt/ros/jazzy/opt/gz_rendering_vendor:/opt/ros/jazzy/opt/gz_plugin_vendor:/opt/ros/jazzy/opt/gz_fuel_tools_vendor:/opt/ros/jazzy/opt/gz_msgs_vendor:/opt/ros/jazzy/opt/gz_common_vendor:/opt/ros/jazzy/opt/gz_math_vendor:/opt/ros/jazzy/opt/gz_utils_vendor:/opt/ros/jazzy/opt/gz_tools_vendor:/opt/ros/jazzy/opt/gz_ogre_next_vendor:/opt/ros/jazzy/opt/gz_dartsim_vendor:/opt/ros/jazzy/opt/gz_cmake_vendor:/opt/ros/jazzy /usr/bin/cmake --install /adv_robotics/lab1/build/turtlebot3_simulations
[1.738s] Level 1:colcon.colcon_core.environment:checking '/adv_robotics/lab1/install/turtlebot3_simulations' for CMake config files
[1.738s] Level 1:colcon.colcon_core.shell:create_environment_hook('turtlebot3_simulations', 'cmake_prefix_path')
[1.738s] INFO:colcon.colcon_core.shell:Creating environment hook '/adv_robotics/lab1/install/turtlebot3_simulations/share/turtlebot3_simulations/hook/cmake_prefix_path.ps1'
[1.739s] INFO:colcon.colcon_core.shell:Creating environment descriptor '/adv_robotics/lab1/install/turtlebot3_simulations/share/turtlebot3_simulations/hook/cmake_prefix_path.dsv'
[1.739s] INFO:colcon.colcon_core.shell:Creating environment hook '/adv_robotics/lab1/install/turtlebot3_simulations/share/turtlebot3_simulations/hook/cmake_prefix_path.sh'
[1.739s] Level 1:colcon.colcon_core.environment:checking '/adv_robotics/lab1/install/turtlebot3_simulations/bin'
[1.739s] Level 1:colcon.colcon_core.environment:checking '/adv_robotics/lab1/install/turtlebot3_simulations/lib/pkgconfig/turtlebot3_simulations.pc'
[1.740s] Level 1:colcon.colcon_core.environment:checking '/adv_robotics/lab1/install/turtlebot3_simulations/lib/python3.12/site-packages'
[1.740s] Level 1:colcon.colcon_core.environment:checking '/adv_robotics/lab1/install/turtlebot3_simulations/bin'
[1.740s] INFO:colcon.colcon_core.shell:Creating package script '/adv_robotics/lab1/install/turtlebot3_simulations/share/turtlebot3_simulations/package.ps1'
[1.740s] INFO:colcon.colcon_core.shell:Creating package descriptor '/adv_robotics/lab1/install/turtlebot3_simulations/share/turtlebot3_simulations/package.dsv'
[1.740s] INFO:colcon.colcon_core.shell:Creating package script '/adv_robotics/lab1/install/turtlebot3_simulations/share/turtlebot3_simulations/package.sh'
[1.741s] INFO:colcon.colcon_core.shell:Creating package script '/adv_robotics/lab1/install/turtlebot3_simulations/share/turtlebot3_simulations/package.bash'
[1.741s] INFO:colcon.colcon_core.shell:Creating package script '/adv_robotics/lab1/install/turtlebot3_simulations/share/turtlebot3_simulations/package.zsh'
[1.741s] Level 1:colcon.colcon_core.environment:create_file_with_runtime_dependencies(/adv_robotics/lab1/install/turtlebot3_simulations/share/colcon-core/packages/turtlebot3_simulations)
[1.742s] Level 1:colcon.colcon_core.environment:create_environment_scripts_only(turtlebot3_simulations)
[1.742s] Level 1:colcon.colcon_core.environment:checking '/adv_robotics/lab1/install/turtlebot3_simulations' for CMake module files
[1.742s] Level 1:colcon.colcon_core.environment:checking '/adv_robotics/lab1/install/turtlebot3_simulations' for CMake config files
[1.742s] Level 1:colcon.colcon_core.shell:create_environment_hook('turtlebot3_simulations', 'cmake_prefix_path')
[1.742s] INFO:colcon.colcon_core.shell:Creating environment hook '/adv_robotics/lab1/install/turtlebot3_simulations/share/turtlebot3_simulations/hook/cmake_prefix_path.ps1'
[1.742s] INFO:colcon.colcon_core.shell:Creating environment descriptor '/adv_robotics/lab1/install/turtlebot3_simulations/share/turtlebot3_simulations/hook/cmake_prefix_path.dsv'
[1.743s] INFO:colcon.colcon_core.shell:Creating environment hook '/adv_robotics/lab1/install/turtlebot3_simulations/share/turtlebot3_simulations/hook/cmake_prefix_path.sh'
[1.743s] Level 1:colcon.colcon_core.environment:checking '/adv_robotics/lab1/install/turtlebot3_simulations/bin'
[1.743s] Level 1:colcon.colcon_core.environment:checking '/adv_robotics/lab1/install/turtlebot3_simulations/lib/pkgconfig/turtlebot3_simulations.pc'
[1.743s] Level 1:colcon.colcon_core.environment:checking '/adv_robotics/lab1/install/turtlebot3_simulations/lib/python3.12/site-packages'
[1.743s] Level 1:colcon.colcon_core.environment:checking '/adv_robotics/lab1/install/turtlebot3_simulations/bin'
[1.743s] INFO:colcon.colcon_core.shell:Creating package script '/adv_robotics/lab1/install/turtlebot3_simulations/share/turtlebot3_simulations/package.ps1'
[1.744s] INFO:colcon.colcon_core.shell:Creating package descriptor '/adv_robotics/lab1/install/turtlebot3_simulations/share/turtlebot3_simulations/package.dsv'
[1.744s] INFO:colcon.colcon_core.shell:Creating package script '/adv_robotics/lab1/install/turtlebot3_simulations/share/turtlebot3_simulations/package.sh'
[1.744s] INFO:colcon.colcon_core.shell:Creating package script '/adv_robotics/lab1/install/turtlebot3_simulations/share/turtlebot3_simulations/package.bash'
[1.744s] INFO:colcon.colcon_core.shell:Creating package script '/adv_robotics/lab1/install/turtlebot3_simulations/share/turtlebot3_simulations/package.zsh'
[1.745s] Level 1:colcon.colcon_core.environment:create_file_with_runtime_dependencies(/adv_robotics/lab1/install/turtlebot3_simulations/share/colcon-core/packages/turtlebot3_simulations)
[2.081s] Level 1:colcon.colcon_core.environment:checking '/adv_robotics/lab1/install/test_pkg' for CMake module files
[2.082s] DEBUG:colcon.colcon_core.event_handler.log_command:Invoked command in '/adv_robotics/lab1/src/test_pkg' returned '0': PYTHONPATH=/adv_robotics/lab1/build/test_pkg/prefix_override:/usr/lib/python3/dist-packages/colcon_core/task/python/colcon_distutils_commands:/adv_robotics/lab1/install/test_pkg/lib/python3.12/site-packages:${PYTHONPATH} /usr/bin/python3 -W ignore:setup.py install is deprecated -W ignore:easy_install command is deprecated setup.py egg_info --egg-base ../../build/test_pkg build --build-base /adv_robotics/lab1/build/test_pkg/build install --record /adv_robotics/lab1/build/test_pkg/install.log --install-scripts $base/lib/test_pkg --single-version-externally-managed install_data --force
[2.082s] Level 1:colcon.colcon_core.environment:checking '/adv_robotics/lab1/install/test_pkg' for CMake config files
[2.083s] Level 1:colcon.colcon_core.environment:checking '/adv_robotics/lab1/install/test_pkg/lib'
[2.083s] Level 1:colcon.colcon_core.environment:checking '/adv_robotics/lab1/install/test_pkg/bin'
[2.083s] Level 1:colcon.colcon_core.environment:checking '/adv_robotics/lab1/install/test_pkg/lib/pkgconfig/test_pkg.pc'
[2.083s] Level 1:colcon.colcon_core.environment:checking '/adv_robotics/lab1/install/test_pkg/lib/python3.12/site-packages'
[2.083s] Level 1:colcon.colcon_core.shell:create_environment_hook('test_pkg', 'pythonpath')
[2.084s] INFO:colcon.colcon_core.shell:Creating environment hook '/adv_robotics/lab1/install/test_pkg/share/test_pkg/hook/pythonpath.ps1'
[2.086s] INFO:colcon.colcon_core.shell:Creating environment descriptor '/adv_robotics/lab1/install/test_pkg/share/test_pkg/hook/pythonpath.dsv'
[2.086s] INFO:colcon.colcon_core.shell:Creating environment hook '/adv_robotics/lab1/install/test_pkg/share/test_pkg/hook/pythonpath.sh'
[2.087s] Level 1:colcon.colcon_core.environment:checking '/adv_robotics/lab1/install/test_pkg/bin'
[2.087s] Level 1:colcon.colcon_core.environment:create_environment_scripts_only(test_pkg)
[2.087s] INFO:colcon.colcon_core.shell:Creating package script '/adv_robotics/lab1/install/test_pkg/share/test_pkg/package.ps1'
[2.088s] INFO:colcon.colcon_core.shell:Creating package descriptor '/adv_robotics/lab1/install/test_pkg/share/test_pkg/package.dsv'
[2.088s] INFO:colcon.colcon_core.shell:Creating package script '/adv_robotics/lab1/install/test_pkg/share/test_pkg/package.sh'
[2.088s] INFO:colcon.colcon_core.shell:Creating package script '/adv_robotics/lab1/install/test_pkg/share/test_pkg/package.bash'
[2.088s] INFO:colcon.colcon_core.shell:Creating package script '/adv_robotics/lab1/install/test_pkg/share/test_pkg/package.zsh'
[2.089s] Level 1:colcon.colcon_core.environment:create_file_with_runtime_dependencies(/adv_robotics/lab1/install/test_pkg/share/colcon-core/packages/test_pkg)
[2.089s] DEBUG:colcon.colcon_parallel_executor.executor.parallel:closing loop
[2.089s] DEBUG:colcon.colcon_parallel_executor.executor.parallel:loop closed
[2.089s] DEBUG:colcon.colcon_parallel_executor.executor.parallel:run_until_complete finished with '0'
[2.089s] DEBUG:colcon.colcon_core.event_reactor:joining thread
[2.096s] INFO:colcon.colcon_core.plugin_system:Skipping extension 'colcon_notification.desktop_notification.notify_send': Could not find 'notify-send'
[2.096s] INFO:colcon.colcon_core.plugin_system:Skipping extension 'colcon_notification.desktop_notification.terminal_notifier': Not used on non-Darwin systems
[2.096s] INFO:colcon.colcon_core.plugin_system:Skipping extension 'colcon_notification.desktop_notification.win32': Not used on non-Windows systems
[2.096s] INFO:colcon.colcon_notification.desktop_notification:Sending desktop notification using 'notify2'
[2.100s] DEBUG:colcon.colcon_notification.desktop_notification.notify2:Failed to initialize notify2: org.freedesktop.DBus.Error.Spawn.ExecFailed: /usr/bin/dbus-launch terminated abnormally without any error message
[2.100s] DEBUG:colcon.colcon_core.event_reactor:joined thread
[2.101s] INFO:colcon.colcon_core.shell:Creating prefix script '/adv_robotics/lab1/install/local_setup.ps1'
[2.102s] INFO:colcon.colcon_core.shell:Creating prefix util module '/adv_robotics/lab1/install/_local_setup_util_ps1.py'
[2.103s] INFO:colcon.colcon_core.shell:Creating prefix chain script '/adv_robotics/lab1/install/setup.ps1'
[2.104s] INFO:colcon.colcon_core.shell:Creating prefix script '/adv_robotics/lab1/install/local_setup.sh'
[2.104s] INFO:colcon.colcon_core.shell:Creating prefix util module '/adv_robotics/lab1/install/_local_setup_util_sh.py'
[2.104s] INFO:colcon.colcon_core.shell:Creating prefix chain script '/adv_robotics/lab1/install/setup.sh'
[2.105s] INFO:colcon.colcon_core.shell:Creating prefix script '/adv_robotics/lab1/install/local_setup.bash'
[2.105s] INFO:colcon.colcon_core.shell:Creating prefix chain script '/adv_robotics/lab1/install/setup.bash'
[2.106s] INFO:colcon.colcon_core.shell:Creating prefix script '/adv_robotics/lab1/install/local_setup.zsh'
[2.106s] INFO:colcon.colcon_core.shell:Creating prefix chain script '/adv_robotics/lab1/install/setup.zsh'
