[0.016s] Invoking command in '/adv_robotics/lab1/build/turtlebot3_simulations': CMAKE_PREFIX_PATH=/adv_robotics/lab1/install/turtlebot3_gazebo:/adv_robotics/lab1/install/turtlebot3_fake_node:/adv_robotics/lab1/install/turtlebot3_simulations:/opt/ros/jazzy/opt/gz_sim_vendor:/opt/ros/jazzy/opt/gz_sensors_vendor:/opt/ros/jazzy/opt/gz_physics_vendor:/opt/ros/jazzy/opt/sdformat_vendor:/opt/ros/jazzy/opt/gz_gui_vendor:/opt/ros/jazzy/opt/gz_transport_vendor:/opt/ros/jazzy/opt/gz_rendering_vendor:/opt/ros/jazzy/opt/gz_plugin_vendor:/opt/ros/jazzy/opt/gz_fuel_tools_vendor:/opt/ros/jazzy/opt/gz_msgs_vendor:/opt/ros/jazzy/opt/gz_common_vendor:/opt/ros/jazzy/opt/gz_math_vendor:/opt/ros/jazzy/opt/gz_utils_vendor:/opt/ros/jazzy/opt/gz_tools_vendor:/opt/ros/jazzy/opt/gz_ogre_next_vendor:/opt/ros/jazzy/opt/gz_dartsim_vendor:/opt/ros/jazzy/opt/gz_cmake_vendor:/adv_robotics/lab1/install/turtlebot_control:/adv_robotics/lab1/install/test_pkg:/opt/ros/jazzy /usr/bin/cmake --build /adv_robotics/lab1/build/turtlebot3_simulations -- -j16 -l16
[0.080s] Invoked command in '/adv_robotics/lab1/build/turtlebot3_simulations' returned '0': CMAKE_PREFIX_PATH=/adv_robotics/lab1/install/turtlebot3_gazebo:/adv_robotics/lab1/install/turtlebot3_fake_node:/adv_robotics/lab1/install/turtlebot3_simulations:/opt/ros/jazzy/opt/gz_sim_vendor:/opt/ros/jazzy/opt/gz_sensors_vendor:/opt/ros/jazzy/opt/gz_physics_vendor:/opt/ros/jazzy/opt/sdformat_vendor:/opt/ros/jazzy/opt/gz_gui_vendor:/opt/ros/jazzy/opt/gz_transport_vendor:/opt/ros/jazzy/opt/gz_rendering_vendor:/opt/ros/jazzy/opt/gz_plugin_vendor:/opt/ros/jazzy/opt/gz_fuel_tools_vendor:/opt/ros/jazzy/opt/gz_msgs_vendor:/opt/ros/jazzy/opt/gz_common_vendor:/opt/ros/jazzy/opt/gz_math_vendor:/opt/ros/jazzy/opt/gz_utils_vendor:/opt/ros/jazzy/opt/gz_tools_vendor:/opt/ros/jazzy/opt/gz_ogre_next_vendor:/opt/ros/jazzy/opt/gz_dartsim_vendor:/opt/ros/jazzy/opt/gz_cmake_vendor:/adv_robotics/lab1/install/turtlebot_control:/adv_robotics/lab1/install/test_pkg:/opt/ros/jazzy /usr/bin/cmake --build /adv_robotics/lab1/build/turtlebot3_simulations -- -j16 -l16
[0.081s] Invoking command in '/adv_robotics/lab1/build/turtlebot3_simulations': CMAKE_PREFIX_PATH=/adv_robotics/lab1/install/turtlebot3_gazebo:/adv_robotics/lab1/install/turtlebot3_fake_node:/adv_robotics/lab1/install/turtlebot3_simulations:/opt/ros/jazzy/opt/gz_sim_vendor:/opt/ros/jazzy/opt/gz_sensors_vendor:/opt/ros/jazzy/opt/gz_physics_vendor:/opt/ros/jazzy/opt/sdformat_vendor:/opt/ros/jazzy/opt/gz_gui_vendor:/opt/ros/jazzy/opt/gz_transport_vendor:/opt/ros/jazzy/opt/gz_rendering_vendor:/opt/ros/jazzy/opt/gz_plugin_vendor:/opt/ros/jazzy/opt/gz_fuel_tools_vendor:/opt/ros/jazzy/opt/gz_msgs_vendor:/opt/ros/jazzy/opt/gz_common_vendor:/opt/ros/jazzy/opt/gz_math_vendor:/opt/ros/jazzy/opt/gz_utils_vendor:/opt/ros/jazzy/opt/gz_tools_vendor:/opt/ros/jazzy/opt/gz_ogre_next_vendor:/opt/ros/jazzy/opt/gz_dartsim_vendor:/opt/ros/jazzy/opt/gz_cmake_vendor:/adv_robotics/lab1/install/turtlebot_control:/adv_robotics/lab1/install/test_pkg:/opt/ros/jazzy /usr/bin/cmake --install /adv_robotics/lab1/build/turtlebot3_simulations
[0.091s] -- Install configuration: ""
[0.092s] -- Execute custom install script
[0.092s] -- Up-to-date symlink: /adv_robotics/lab1/install/turtlebot3_simulations/share/ament_index/resource_index/package_run_dependencies/turtlebot3_simulations
[0.092s] -- Up-to-date symlink: /adv_robotics/lab1/install/turtlebot3_simulations/share/ament_index/resource_index/parent_prefix_path/turtlebot3_simulations
[0.092s] -- Up-to-date symlink: /adv_robotics/lab1/install/turtlebot3_simulations/share/turtlebot3_simulations/environment/ament_prefix_path.sh
[0.092s] -- Up-to-date symlink: /adv_robotics/lab1/install/turtlebot3_simulations/share/turtlebot3_simulations/environment/ament_prefix_path.dsv
[0.092s] -- Up-to-date symlink: /adv_robotics/lab1/install/turtlebot3_simulations/share/turtlebot3_simulations/environment/path.sh
[0.092s] -- Up-to-date symlink: /adv_robotics/lab1/install/turtlebot3_simulations/share/turtlebot3_simulations/environment/path.dsv
[0.092s] -- Up-to-date symlink: /adv_robotics/lab1/install/turtlebot3_simulations/share/turtlebot3_simulations/local_setup.bash
[0.093s] -- Up-to-date symlink: /adv_robotics/lab1/install/turtlebot3_simulations/share/turtlebot3_simulations/local_setup.sh
[0.093s] -- Up-to-date symlink: /adv_robotics/lab1/install/turtlebot3_simulations/share/turtlebot3_simulations/local_setup.zsh
[0.093s] -- Up-to-date symlink: /adv_robotics/lab1/install/turtlebot3_simulations/share/turtlebot3_simulations/local_setup.dsv
[0.093s] -- Symlinking: /adv_robotics/lab1/install/turtlebot3_simulations/share/turtlebot3_simulations/package.dsv
[0.103s] -- Up-to-date symlink: /adv_robotics/lab1/install/turtlebot3_simulations/share/ament_index/resource_index/packages/turtlebot3_simulations
[0.104s] -- Up-to-date symlink: /adv_robotics/lab1/install/turtlebot3_simulations/share/turtlebot3_simulations/cmake/turtlebot3_simulationsConfig.cmake
[0.104s] -- Up-to-date symlink: /adv_robotics/lab1/install/turtlebot3_simulations/share/turtlebot3_simulations/cmake/turtlebot3_simulationsConfig-version.cmake
[0.104s] -- Up-to-date symlink: /adv_robotics/lab1/install/turtlebot3_simulations/share/turtlebot3_simulations/package.xml
[0.106s] Invoked command in '/adv_robotics/lab1/build/turtlebot3_simulations' returned '0': CMAKE_PREFIX_PATH=/adv_robotics/lab1/install/turtlebot3_gazebo:/adv_robotics/lab1/install/turtlebot3_fake_node:/adv_robotics/lab1/install/turtlebot3_simulations:/opt/ros/jazzy/opt/gz_sim_vendor:/opt/ros/jazzy/opt/gz_sensors_vendor:/opt/ros/jazzy/opt/gz_physics_vendor:/opt/ros/jazzy/opt/sdformat_vendor:/opt/ros/jazzy/opt/gz_gui_vendor:/opt/ros/jazzy/opt/gz_transport_vendor:/opt/ros/jazzy/opt/gz_rendering_vendor:/opt/ros/jazzy/opt/gz_plugin_vendor:/opt/ros/jazzy/opt/gz_fuel_tools_vendor:/opt/ros/jazzy/opt/gz_msgs_vendor:/opt/ros/jazzy/opt/gz_common_vendor:/opt/ros/jazzy/opt/gz_math_vendor:/opt/ros/jazzy/opt/gz_utils_vendor:/opt/ros/jazzy/opt/gz_tools_vendor:/opt/ros/jazzy/opt/gz_ogre_next_vendor:/opt/ros/jazzy/opt/gz_dartsim_vendor:/opt/ros/jazzy/opt/gz_cmake_vendor:/adv_robotics/lab1/install/turtlebot_control:/adv_robotics/lab1/install/test_pkg:/opt/ros/jazzy /usr/bin/cmake --install /adv_robotics/lab1/build/turtlebot3_simulations
