[1.265s] Invoking command in '/adv_robotics/lab1/build/turtlebot_control': PYTHONPATH=/adv_robotics/lab1/build/turtlebot_control/prefix_override:/usr/lib/python3/dist-packages/colcon_core/task/python/colcon_distutils_commands:/adv_robotics/lab1/install/turtlebot_control/lib/python3.12/site-packages:${PYTHONPATH} /usr/bin/python3 -W ignore:setup.py install is deprecated -W ignore:easy_install command is deprecated setup.py develop --editable --build-directory /adv_robotics/lab1/build/turtlebot_control/build --no-deps symlink_data --force
[1.450s] running develop
[1.544s] running egg_info
[1.553s] writing turtlebot_control.egg-info/PKG-INFO
[1.553s] writing dependency_links to turtlebot_control.egg-info/dependency_links.txt
[1.553s] writing entry points to turtlebot_control.egg-info/entry_points.txt
[1.553s] writing requirements to turtlebot_control.egg-info/requires.txt
[1.553s] writing top-level names to turtlebot_control.egg-info/top_level.txt
[1.570s] reading manifest file 'turtlebot_control.egg-info/SOURCES.txt'
[1.571s] writing manifest file 'turtlebot_control.egg-info/SOURCES.txt'
[1.580s] running build_ext
[1.580s] Creating /adv_robotics/lab1/install/turtlebot_control/lib/python3.12/site-packages/turtlebot-control.egg-link (link to .)
[1.581s] Installing controller_node script to /adv_robotics/lab1/install/turtlebot_control/lib/turtlebot_control
[1.581s] Installing position_sender_node script to /adv_robotics/lab1/install/turtlebot_control/lib/turtlebot_control
[1.581s] 
[1.581s] Installed /adv_robotics/lab1/build/turtlebot_control
[1.581s] running symlink_data
[1.581s] symbolically linking /adv_robotics/lab1/build/turtlebot_control/resource/turtlebot_control -> /adv_robotics/lab1/install/turtlebot_control/share/ament_index/resource_index/packages
[1.581s] symbolically linking /adv_robotics/lab1/build/turtlebot_control/package.xml -> /adv_robotics/lab1/install/turtlebot_control/share/turtlebot_control
[1.619s] Invoked command in '/adv_robotics/lab1/build/turtlebot_control' returned '0': PYTHONPATH=/adv_robotics/lab1/build/turtlebot_control/prefix_override:/usr/lib/python3/dist-packages/colcon_core/task/python/colcon_distutils_commands:/adv_robotics/lab1/install/turtlebot_control/lib/python3.12/site-packages:${PYTHONPATH} /usr/bin/python3 -W ignore:setup.py install is deprecated -W ignore:easy_install command is deprecated setup.py develop --editable --build-directory /adv_robotics/lab1/build/turtlebot_control/build --no-deps symlink_data --force
