running egg_info
creating ../../build/turtlebot_control/turtlebot_control.egg-info
writing ../../build/turtlebot_control/turtlebot_control.egg-info/PKG-INFO
writing dependency_links to ../../build/turtlebot_control/turtlebot_control.egg-info/dependency_links.txt
writing requirements to ../../build/turtlebot_control/turtlebot_control.egg-info/requires.txt
writing top-level names to ../../build/turtlebot_control/turtlebot_control.egg-info/top_level.txt
writing manifest file '../../build/turtlebot_control/turtlebot_control.egg-info/SOURCES.txt'
reading manifest file '../../build/turtlebot_control/turtlebot_control.egg-info/SOURCES.txt'
adding license file 'LICENSE'
writing manifest file '../../build/turtlebot_control/turtlebot_control.egg-info/SOURCES.txt'
running build
running build_py
creating /adv_robotics/lab1/build/turtlebot_control/build
creating /adv_robotics/lab1/build/turtlebot_control/build/lib
creating /adv_robotics/lab1/build/turtlebot_control/build/lib/turtlebot_control
copying turtlebot_control/__init__.py -> /adv_robotics/lab1/build/turtlebot_control/build/lib/turtlebot_control
copying turtlebot_control/cmd_vel_sender.py -> /adv_robotics/lab1/build/turtlebot_control/build/lib/turtlebot_control
running install
running install_lib
creating /adv_robotics/lab1/install/turtlebot_control/lib/python3.12/site-packages/turtlebot_control
copying /adv_robotics/lab1/build/turtlebot_control/build/lib/turtlebot_control/__init__.py -> /adv_robotics/lab1/install/turtlebot_control/lib/python3.12/site-packages/turtlebot_control
copying /adv_robotics/lab1/build/turtlebot_control/build/lib/turtlebot_control/cmd_vel_sender.py -> /adv_robotics/lab1/install/turtlebot_control/lib/python3.12/site-packages/turtlebot_control
byte-compiling /adv_robotics/lab1/install/turtlebot_control/lib/python3.12/site-packages/turtlebot_control/__init__.py to __init__.cpython-312.pyc
byte-compiling /adv_robotics/lab1/install/turtlebot_control/lib/python3.12/site-packages/turtlebot_control/cmd_vel_sender.py to cmd_vel_sender.cpython-312.pyc
running install_data
creating /adv_robotics/lab1/install/turtlebot_control/share/ament_index
creating /adv_robotics/lab1/install/turtlebot_control/share/ament_index/resource_index
creating /adv_robotics/lab1/install/turtlebot_control/share/ament_index/resource_index/packages
copying resource/turtlebot_control -> /adv_robotics/lab1/install/turtlebot_control/share/ament_index/resource_index/packages
copying package.xml -> /adv_robotics/lab1/install/turtlebot_control/share/turtlebot_control
running install_egg_info
Copying ../../build/turtlebot_control/turtlebot_control.egg-info to /adv_robotics/lab1/install/turtlebot_control/lib/python3.12/site-packages/turtlebot_control-0.0.0-py3.12.egg-info
running install_scripts
writing list of installed files to '/adv_robotics/lab1/build/turtlebot_control/install.log'
