[0.094s] DEBUG:colcon:Command line arguments: ['/usr/bin/colcon', 'build', '--symlink-install']
[0.094s] DEBUG:colcon:Parsed command line arguments: Namespace(log_base=None, log_level=None, verb_name='build', build_base='build', install_base='install', merge_install=False, symlink_install=True, test_result_base=None, continue_on_error=False, executor='parallel', parallel_workers=16, event_handlers=None, ignore_user_meta=False, metas=['./colcon.meta'], base_paths=['.'], packages_ignore=None, packages_ignore_regex=None, paths=None, packages_up_to=None, packages_up_to_regex=None, packages_above=None, packages_above_and_dependencies=None, packages_above_depth=None, packages_select_by_dep=None, packages_skip_by_dep=None, packages_skip_up_to=None, packages_select_build_failed=False, packages_skip_build_finished=False, packages_select_test_failures=False, packages_skip_test_passed=False, packages_select=None, packages_skip=None, packages_select_regex=None, packages_skip_regex=None, packages_start=None, packages_end=None, cmake_args=None, cmake_target=None, cmake_target_skip_unavailable=False, cmake_clean_cache=False, cmake_clean_first=False, cmake_force_configure=False, ament_cmake_args=None, catkin_cmake_args=None, catkin_skip_building_tests=False, mixin_files=None, mixin=None, verb_parser=<colcon_mixin.mixin.mixin_argument.MixinArgumentDecorator object at 0x76f293361f40>, verb_extension=<colcon_core.verb.build.BuildVerb object at 0x76f293479e20>, main=<bound method BuildVerb.main of <colcon_core.verb.build.BuildVerb object at 0x76f293479e20>>, mixin_verb=('build',))
[0.147s] Level 1:colcon.colcon_core.package_discovery:discover_packages(colcon_meta) check parameters
[0.147s] Level 1:colcon.colcon_core.package_discovery:discover_packages(recursive) check parameters
[0.147s] Level 1:colcon.colcon_core.package_discovery:discover_packages(ignore) check parameters
[0.147s] Level 1:colcon.colcon_core.package_discovery:discover_packages(path) check parameters
[0.147s] Level 1:colcon.colcon_core.package_discovery:discover_packages(colcon_meta) discover
[0.147s] Level 1:colcon.colcon_core.package_discovery:discover_packages(recursive) discover
[0.147s] INFO:colcon.colcon_core.package_discovery:Crawling recursively for packages in '/adv_robotics/lab3'
[0.147s] Level 1:colcon.colcon_core.package_identification:_identify(.) by extensions ['ignore', 'ignore_ament_install']
[0.147s] Level 1:colcon.colcon_core.package_identification:_identify(.) by extension 'ignore'
[0.147s] Level 1:colcon.colcon_core.package_identification:_identify(.) by extension 'ignore_ament_install'
[0.148s] Level 1:colcon.colcon_core.package_identification:_identify(.) by extensions ['colcon_pkg']
[0.148s] Level 1:colcon.colcon_core.package_identification:_identify(.) by extension 'colcon_pkg'
[0.148s] Level 1:colcon.colcon_core.package_identification:_identify(.) by extensions ['colcon_meta']
[0.148s] Level 1:colcon.colcon_core.package_identification:_identify(.) by extension 'colcon_meta'
[0.148s] Level 1:colcon.colcon_core.package_identification:_identify(.) by extensions ['ros']
[0.148s] Level 1:colcon.colcon_core.package_identification:_identify(.) by extension 'ros'
[0.167s] Level 1:colcon.colcon_core.package_identification:_identify(.) by extensions ['cmake', 'python']
[0.167s] Level 1:colcon.colcon_core.package_identification:_identify(.) by extension 'cmake'
[0.167s] Level 1:colcon.colcon_core.package_identification:_identify(.) by extension 'python'
[0.167s] Level 1:colcon.colcon_core.package_identification:_identify(.) by extensions ['python_setup_py']
[0.167s] Level 1:colcon.colcon_core.package_identification:_identify(.) by extension 'python_setup_py'
[0.168s] Level 1:colcon.colcon_core.package_identification:_identify(build) by extensions ['ignore', 'ignore_ament_install']
[0.168s] Level 1:colcon.colcon_core.package_identification:_identify(build) by extension 'ignore'
[0.168s] Level 1:colcon.colcon_core.package_identification:_identify(build) ignored
[0.168s] Level 1:colcon.colcon_core.package_identification:_identify(install) by extensions ['ignore', 'ignore_ament_install']
[0.168s] Level 1:colcon.colcon_core.package_identification:_identify(install) by extension 'ignore'
[0.168s] Level 1:colcon.colcon_core.package_identification:_identify(install) ignored
[0.168s] Level 1:colcon.colcon_core.package_identification:_identify(log) by extensions ['ignore', 'ignore_ament_install']
[0.168s] Level 1:colcon.colcon_core.package_identification:_identify(log) by extension 'ignore'
[0.168s] Level 1:colcon.colcon_core.package_identification:_identify(log) ignored
[0.168s] Level 1:colcon.colcon_core.package_identification:_identify(src) by extensions ['ignore', 'ignore_ament_install']
[0.168s] Level 1:colcon.colcon_core.package_identification:_identify(src) by extension 'ignore'
[0.168s] Level 1:colcon.colcon_core.package_identification:_identify(src) by extension 'ignore_ament_install'
[0.168s] Level 1:colcon.colcon_core.package_identification:_identify(src) by extensions ['colcon_pkg']
[0.168s] Level 1:colcon.colcon_core.package_identification:_identify(src) by extension 'colcon_pkg'
[0.168s] Level 1:colcon.colcon_core.package_identification:_identify(src) by extensions ['colcon_meta']
[0.168s] Level 1:colcon.colcon_core.package_identification:_identify(src) by extension 'colcon_meta'
[0.168s] Level 1:colcon.colcon_core.package_identification:_identify(src) by extensions ['ros']
[0.168s] Level 1:colcon.colcon_core.package_identification:_identify(src) by extension 'ros'
[0.168s] Level 1:colcon.colcon_core.package_identification:_identify(src) by extensions ['cmake', 'python']
[0.168s] Level 1:colcon.colcon_core.package_identification:_identify(src) by extension 'cmake'
[0.168s] Level 1:colcon.colcon_core.package_identification:_identify(src) by extension 'python'
[0.168s] Level 1:colcon.colcon_core.package_identification:_identify(src) by extensions ['python_setup_py']
[0.168s] Level 1:colcon.colcon_core.package_identification:_identify(src) by extension 'python_setup_py'
[0.168s] Level 1:colcon.colcon_core.package_identification:_identify(src/r7021e_lab_package) by extensions ['ignore', 'ignore_ament_install']
[0.168s] Level 1:colcon.colcon_core.package_identification:_identify(src/r7021e_lab_package) by extension 'ignore'
[0.168s] Level 1:colcon.colcon_core.package_identification:_identify(src/r7021e_lab_package) by extension 'ignore_ament_install'
[0.168s] Level 1:colcon.colcon_core.package_identification:_identify(src/r7021e_lab_package) by extensions ['colcon_pkg']
[0.168s] Level 1:colcon.colcon_core.package_identification:_identify(src/r7021e_lab_package) by extension 'colcon_pkg'
[0.168s] Level 1:colcon.colcon_core.package_identification:_identify(src/r7021e_lab_package) by extensions ['colcon_meta']
[0.168s] Level 1:colcon.colcon_core.package_identification:_identify(src/r7021e_lab_package) by extension 'colcon_meta'
[0.168s] Level 1:colcon.colcon_core.package_identification:_identify(src/r7021e_lab_package) by extensions ['ros']
[0.168s] Level 1:colcon.colcon_core.package_identification:_identify(src/r7021e_lab_package) by extension 'ros'
[0.169s] Level 1:colcon.colcon_core.package_identification:_identify(src/r7021e_lab_package) by extensions ['cmake', 'python']
[0.169s] Level 1:colcon.colcon_core.package_identification:_identify(src/r7021e_lab_package) by extension 'cmake'
[0.169s] Level 1:colcon.colcon_core.package_identification:_identify(src/r7021e_lab_package) by extension 'python'
[0.169s] Level 1:colcon.colcon_core.package_identification:_identify(src/r7021e_lab_package) by extensions ['python_setup_py']
[0.169s] Level 1:colcon.colcon_core.package_identification:_identify(src/r7021e_lab_package) by extension 'python_setup_py'
[0.169s] Level 1:colcon.colcon_core.package_identification:_identify(src/r7021e_lab_package/r7021e_exploration) by extensions ['ignore', 'ignore_ament_install']
[0.169s] Level 1:colcon.colcon_core.package_identification:_identify(src/r7021e_lab_package/r7021e_exploration) by extension 'ignore'
[0.169s] Level 1:colcon.colcon_core.package_identification:_identify(src/r7021e_lab_package/r7021e_exploration) by extension 'ignore_ament_install'
[0.169s] Level 1:colcon.colcon_core.package_identification:_identify(src/r7021e_lab_package/r7021e_exploration) by extensions ['colcon_pkg']
[0.169s] Level 1:colcon.colcon_core.package_identification:_identify(src/r7021e_lab_package/r7021e_exploration) by extension 'colcon_pkg'
[0.169s] Level 1:colcon.colcon_core.package_identification:_identify(src/r7021e_lab_package/r7021e_exploration) by extensions ['colcon_meta']
[0.169s] Level 1:colcon.colcon_core.package_identification:_identify(src/r7021e_lab_package/r7021e_exploration) by extension 'colcon_meta'
[0.169s] Level 1:colcon.colcon_core.package_identification:_identify(src/r7021e_lab_package/r7021e_exploration) by extensions ['ros']
[0.169s] Level 1:colcon.colcon_core.package_identification:_identify(src/r7021e_lab_package/r7021e_exploration) by extension 'ros'
[0.171s] DEBUG:colcon.colcon_core.package_identification:Package 'src/r7021e_lab_package/r7021e_exploration' with type 'ros.ament_python' and name 'r7021e_exploration'
[0.171s] Level 1:colcon.colcon_core.package_discovery:discover_packages(recursive) using defaults
[0.171s] Level 1:colcon.colcon_core.package_discovery:discover_packages(ignore) discover
[0.171s] Level 1:colcon.colcon_core.package_discovery:discover_packages(ignore) using defaults
[0.171s] Level 1:colcon.colcon_core.package_discovery:discover_packages(path) discover
[0.171s] Level 1:colcon.colcon_core.package_discovery:discover_packages(path) using defaults
[0.197s] Level 5:colcon.colcon_core.verb:set package 'r7021e_exploration' build argument 'cmake_args' from command line to 'None'
[0.197s] Level 5:colcon.colcon_core.verb:set package 'r7021e_exploration' build argument 'cmake_target' from command line to 'None'
[0.197s] Level 5:colcon.colcon_core.verb:set package 'r7021e_exploration' build argument 'cmake_target_skip_unavailable' from command line to 'False'
[0.197s] Level 5:colcon.colcon_core.verb:set package 'r7021e_exploration' build argument 'cmake_clean_cache' from command line to 'False'
[0.197s] Level 5:colcon.colcon_core.verb:set package 'r7021e_exploration' build argument 'cmake_clean_first' from command line to 'False'
[0.197s] Level 5:colcon.colcon_core.verb:set package 'r7021e_exploration' build argument 'cmake_force_configure' from command line to 'False'
[0.197s] Level 5:colcon.colcon_core.verb:set package 'r7021e_exploration' build argument 'ament_cmake_args' from command line to 'None'
[0.197s] Level 5:colcon.colcon_core.verb:set package 'r7021e_exploration' build argument 'catkin_cmake_args' from command line to 'None'
[0.197s] Level 5:colcon.colcon_core.verb:set package 'r7021e_exploration' build argument 'catkin_skip_building_tests' from command line to 'False'
[0.197s] DEBUG:colcon.colcon_core.verb:Building package 'r7021e_exploration' with the following arguments: {'ament_cmake_args': None, 'build_base': '/adv_robotics/lab3/build/r7021e_exploration', 'catkin_cmake_args': None, 'catkin_skip_building_tests': False, 'cmake_args': None, 'cmake_clean_cache': False, 'cmake_clean_first': False, 'cmake_force_configure': False, 'cmake_target': None, 'cmake_target_skip_unavailable': False, 'install_base': '/adv_robotics/lab3/install/r7021e_exploration', 'merge_install': False, 'path': '/adv_robotics/lab3/src/r7021e_lab_package/r7021e_exploration', 'symlink_install': True, 'test_result_base': None}
[0.197s] INFO:colcon.colcon_core.executor:Executing jobs using 'parallel' executor
[0.198s] DEBUG:colcon.colcon_parallel_executor.executor.parallel:run_until_complete
[0.198s] INFO:colcon.colcon_ros.task.ament_python.build:Building ROS package in '/adv_robotics/lab3/src/r7021e_lab_package/r7021e_exploration' with build type 'ament_python'
[0.198s] Level 1:colcon.colcon_core.shell:create_environment_hook('r7021e_exploration', 'ament_prefix_path')
[0.201s] INFO:colcon.colcon_core.plugin_system:Skipping extension 'colcon_core.shell.bat': Not used on non-Windows systems
[0.202s] INFO:colcon.colcon_core.shell:Creating environment hook '/adv_robotics/lab3/install/r7021e_exploration/share/r7021e_exploration/hook/ament_prefix_path.ps1'
[0.202s] INFO:colcon.colcon_core.shell:Creating environment descriptor '/adv_robotics/lab3/install/r7021e_exploration/share/r7021e_exploration/hook/ament_prefix_path.dsv'
[0.203s] INFO:colcon.colcon_core.shell:Creating environment hook '/adv_robotics/lab3/install/r7021e_exploration/share/r7021e_exploration/hook/ament_prefix_path.sh'
[0.203s] INFO:colcon.colcon_core.shell:Skip shell extension 'powershell' for command environment: Not usable outside of PowerShell
[0.203s] DEBUG:colcon.colcon_core.shell:Skip shell extension 'dsv' for command environment
[0.360s] INFO:colcon.colcon_core.task.python.build:Building Python package in '/adv_robotics/lab3/src/r7021e_lab_package/r7021e_exploration'
[0.361s] INFO:colcon.colcon_core.shell:Skip shell extension 'powershell' for command environment: Not usable outside of PowerShell
[0.361s] DEBUG:colcon.colcon_core.shell:Skip shell extension 'dsv' for command environment
[0.813s] DEBUG:colcon.colcon_core.task.python.build:Available setuptools commands: bdist_rpm, rotate, build_ext, build_scripts, build_clib, easy_install, check, alias, develop, egg_info, clean, install_egg_info, saveopts, install_lib, bdist_egg, install, install_scripts, bdist_wheel, editable_wheel, dist_info, bdist, install_data, upload_docs, symlink_data, upload, setopt, build, bdist_dumb, install_headers, test, sdist, build_py, register
[1.035s] DEBUG:colcon.colcon_core.task.python.build:Available setuptools 'develop' options: --zip-ok, --always-unzip, --exclude-scripts, --build-directory, --upgrade, --help, --multi-version, --user, --egg-path, --no-find-links, --site-dirs, --no-deps, --record, --version, --no-user-cfg, --install-dir, --script-dir, --force-installation-into-system-dir, --install-layout, --find-links, --dry-run, --editable, --index-url, --uninstall, --quiet, --verbose, --always-copy, --local-snapshots-ok, --optimize, --allow-hosts, --prefix
[1.039s] DEBUG:colcon.colcon_core.event_handler.log_command:Invoking command in '/adv_robotics/lab3/build/r7021e_exploration': PYTHONPATH=/adv_robotics/lab3/build/r7021e_exploration/prefix_override:/usr/lib/python3/dist-packages/colcon_core/task/python/colcon_distutils_commands:/adv_robotics/lab3/install/r7021e_exploration/lib/python3.12/site-packages:${PYTHONPATH} VIRTUAL_ENV_PROMPT=(myenv) /usr/bin/python3 -W ignore:setup.py install is deprecated -W ignore:easy_install command is deprecated setup.py develop --editable --build-directory /adv_robotics/lab3/build/r7021e_exploration/build --no-deps symlink_data
[1.401s] Level 1:colcon.colcon_core.shell:create_environment_hook('r7021e_exploration', 'pythonpath_develop')
[1.401s] INFO:colcon.colcon_core.shell:Creating environment hook '/adv_robotics/lab3/build/r7021e_exploration/share/r7021e_exploration/hook/pythonpath_develop.ps1'
[1.401s] DEBUG:colcon.colcon_core.event_handler.log_command:Invoked command in '/adv_robotics/lab3/build/r7021e_exploration' returned '0': PYTHONPATH=/adv_robotics/lab3/build/r7021e_exploration/prefix_override:/usr/lib/python3/dist-packages/colcon_core/task/python/colcon_distutils_commands:/adv_robotics/lab3/install/r7021e_exploration/lib/python3.12/site-packages:${PYTHONPATH} VIRTUAL_ENV_PROMPT=(myenv) /usr/bin/python3 -W ignore:setup.py install is deprecated -W ignore:easy_install command is deprecated setup.py develop --editable --build-directory /adv_robotics/lab3/build/r7021e_exploration/build --no-deps symlink_data
[1.402s] INFO:colcon.colcon_core.shell:Creating environment descriptor '/adv_robotics/lab3/build/r7021e_exploration/share/r7021e_exploration/hook/pythonpath_develop.dsv'
[1.402s] INFO:colcon.colcon_core.shell:Creating environment hook '/adv_robotics/lab3/build/r7021e_exploration/share/r7021e_exploration/hook/pythonpath_develop.sh'
[1.410s] Level 1:colcon.colcon_core.environment:checking '/adv_robotics/lab3/install/r7021e_exploration' for CMake module files
[1.410s] Level 1:colcon.colcon_core.environment:checking '/adv_robotics/lab3/install/r7021e_exploration' for CMake config files
[1.410s] Level 1:colcon.colcon_core.environment:checking '/adv_robotics/lab3/install/r7021e_exploration/lib'
[1.410s] Level 1:colcon.colcon_core.environment:checking '/adv_robotics/lab3/install/r7021e_exploration/bin'
[1.411s] Level 1:colcon.colcon_core.environment:checking '/adv_robotics/lab3/install/r7021e_exploration/lib/pkgconfig/r7021e_exploration.pc'
[1.411s] Level 1:colcon.colcon_core.environment:checking '/adv_robotics/lab3/install/r7021e_exploration/lib/python3.12/site-packages'
[1.411s] Level 1:colcon.colcon_core.shell:create_environment_hook('r7021e_exploration', 'pythonpath')
[1.411s] INFO:colcon.colcon_core.shell:Creating environment hook '/adv_robotics/lab3/install/r7021e_exploration/share/r7021e_exploration/hook/pythonpath.ps1'
[1.411s] INFO:colcon.colcon_core.shell:Creating environment descriptor '/adv_robotics/lab3/install/r7021e_exploration/share/r7021e_exploration/hook/pythonpath.dsv'
[1.411s] INFO:colcon.colcon_core.shell:Creating environment hook '/adv_robotics/lab3/install/r7021e_exploration/share/r7021e_exploration/hook/pythonpath.sh'
[1.412s] Level 1:colcon.colcon_core.environment:checking '/adv_robotics/lab3/install/r7021e_exploration/bin'
[1.412s] Level 1:colcon.colcon_core.environment:create_environment_scripts_only(r7021e_exploration)
[1.412s] INFO:colcon.colcon_core.shell:Creating package script '/adv_robotics/lab3/install/r7021e_exploration/share/r7021e_exploration/package.ps1'
[1.413s] INFO:colcon.colcon_core.shell:Creating package descriptor '/adv_robotics/lab3/install/r7021e_exploration/share/r7021e_exploration/package.dsv'
[1.415s] INFO:colcon.colcon_core.shell:Creating package script '/adv_robotics/lab3/install/r7021e_exploration/share/r7021e_exploration/package.sh'
[1.415s] INFO:colcon.colcon_core.shell:Creating package script '/adv_robotics/lab3/install/r7021e_exploration/share/r7021e_exploration/package.bash'
[1.416s] INFO:colcon.colcon_core.shell:Creating package script '/adv_robotics/lab3/install/r7021e_exploration/share/r7021e_exploration/package.zsh'
[1.417s] Level 1:colcon.colcon_core.environment:create_file_with_runtime_dependencies(/adv_robotics/lab3/install/r7021e_exploration/share/colcon-core/packages/r7021e_exploration)
[1.418s] DEBUG:colcon.colcon_parallel_executor.executor.parallel:closing loop
[1.418s] DEBUG:colcon.colcon_parallel_executor.executor.parallel:loop closed
[1.418s] DEBUG:colcon.colcon_parallel_executor.executor.parallel:run_until_complete finished with '0'
[1.418s] DEBUG:colcon.colcon_core.event_reactor:joining thread
[1.429s] INFO:colcon.colcon_core.plugin_system:Skipping extension 'colcon_notification.desktop_notification.notify_send': Could not find 'notify-send'
[1.429s] INFO:colcon.colcon_core.plugin_system:Skipping extension 'colcon_notification.desktop_notification.terminal_notifier': Not used on non-Darwin systems
[1.429s] INFO:colcon.colcon_core.plugin_system:Skipping extension 'colcon_notification.desktop_notification.win32': Not used on non-Windows systems
[1.429s] INFO:colcon.colcon_notification.desktop_notification:Sending desktop notification using 'notify2'
[1.432s] DEBUG:colcon.colcon_notification.desktop_notification.notify2:Failed to initialize notify2: org.freedesktop.DBus.Error.Spawn.ExecFailed: /usr/bin/dbus-launch terminated abnormally without any error message
[1.432s] DEBUG:colcon.colcon_core.event_reactor:joined thread
[1.433s] INFO:colcon.colcon_core.shell:Creating prefix script '/adv_robotics/lab3/install/local_setup.ps1'
[1.434s] INFO:colcon.colcon_core.shell:Creating prefix util module '/adv_robotics/lab3/install/_local_setup_util_ps1.py'
[1.435s] INFO:colcon.colcon_core.shell:Creating prefix chain script '/adv_robotics/lab3/install/setup.ps1'
[1.436s] INFO:colcon.colcon_core.shell:Creating prefix script '/adv_robotics/lab3/install/local_setup.sh'
[1.436s] INFO:colcon.colcon_core.shell:Creating prefix util module '/adv_robotics/lab3/install/_local_setup_util_sh.py'
[1.437s] INFO:colcon.colcon_core.shell:Creating prefix chain script '/adv_robotics/lab3/install/setup.sh'
[1.438s] INFO:colcon.colcon_core.shell:Creating prefix script '/adv_robotics/lab3/install/local_setup.bash'
[1.438s] INFO:colcon.colcon_core.shell:Creating prefix chain script '/adv_robotics/lab3/install/setup.bash'
[1.440s] INFO:colcon.colcon_core.shell:Creating prefix script '/adv_robotics/lab3/install/local_setup.zsh'
[1.440s] INFO:colcon.colcon_core.shell:Creating prefix chain script '/adv_robotics/lab3/install/setup.zsh'
