[0.044s] Invoking command in '/adv_robotics/lab1/build/turtlebot3_fake_node': CMAKE_PREFIX_PATH=${CMAKE_PREFIX_PATH}:/opt/ros/jazzy /usr/bin/cmake /adv_robotics/lab1/turtlebot3_simulations/turtlebot3_fake_node -DCMAKE_INSTALL_PREFIX=/adv_robotics/lab1/install/turtlebot3_fake_node
[0.363s] -- Found ament_cmake: 2.5.6 (/opt/ros/jazzy/share/ament_cmake/cmake)
[0.413s] -- Override CMake install command with custom implementation using symlinks instead of copying resources
[0.421s] -- Found geometry_msgs: 5.3.8 (/opt/ros/jazzy/share/geometry_msgs/cmake)
[0.450s] -- Found rosidl_generator_c: 4.6.9 (/opt/ros/jazzy/share/rosidl_generator_c/cmake)
[0.457s] -- Found rosidl_generator_cpp: 4.6.9 (/opt/ros/jazzy/share/rosidl_generator_cpp/cmake)
[0.465s] -- Using all available rosidl_typesupport_c: rosidl_typesupport_fastrtps_c;rosidl_typesupport_introspection_c
[0.475s] -- Using all available rosidl_typesupport_cpp: rosidl_typesupport_fastrtps_cpp;rosidl_typesupport_introspection_cpp
[0.504s] -- Found nav_msgs: 5.3.8 (/opt/ros/jazzy/share/nav_msgs/cmake)
[0.531s] -- Found rclcpp: 28.1.21 (/opt/ros/jazzy/share/rclcpp/cmake)
[0.557s] -- Found rmw_implementation_cmake: 7.3.3 (/opt/ros/jazzy/share/rmw_implementation_cmake/cmake)
[0.558s] -- Found rmw_fastrtps_cpp: 8.4.4 (/opt/ros/jazzy/share/rmw_fastrtps_cpp/cmake)
[0.636s] -- Using RMW implementation 'rmw_fastrtps_cpp' as default
[0.697s] -- Found sensor_msgs: 5.3.8 (/opt/ros/jazzy/share/sensor_msgs/cmake)
[0.715s] -- Found tf2: 0.36.21 (/opt/ros/jazzy/share/tf2/cmake)
[0.718s] -- Found tf2_msgs: 0.36.21 (/opt/ros/jazzy/share/tf2_msgs/cmake)
[0.762s] -- Found turtlebot3_msgs: 2.4.0 (/opt/ros/jazzy/share/turtlebot3_msgs/cmake)
[0.870s] -- Configuring done (0.8s)
[0.884s] -- Generating done (0.0s)
[0.887s] -- Build files have been written to: /adv_robotics/lab1/build/turtlebot3_fake_node
[0.898s] Invoked command in '/adv_robotics/lab1/build/turtlebot3_fake_node' returned '0': CMAKE_PREFIX_PATH=${CMAKE_PREFIX_PATH}:/opt/ros/jazzy /usr/bin/cmake /adv_robotics/lab1/turtlebot3_simulations/turtlebot3_fake_node -DCMAKE_INSTALL_PREFIX=/adv_robotics/lab1/install/turtlebot3_fake_node
[0.898s] Invoking command in '/adv_robotics/lab1/build/turtlebot3_fake_node': CMAKE_PREFIX_PATH=${CMAKE_PREFIX_PATH}:/opt/ros/jazzy /usr/bin/cmake --build /adv_robotics/lab1/build/turtlebot3_fake_node -- -j16 -l16
[0.994s] [100%] Built target turtlebot3_fake_node
[1.015s] Invoked command in '/adv_robotics/lab1/build/turtlebot3_fake_node' returned '0': CMAKE_PREFIX_PATH=${CMAKE_PREFIX_PATH}:/opt/ros/jazzy /usr/bin/cmake --build /adv_robotics/lab1/build/turtlebot3_fake_node -- -j16 -l16
[1.016s] Invoking command in '/adv_robotics/lab1/build/turtlebot3_fake_node': CMAKE_PREFIX_PATH=${CMAKE_PREFIX_PATH}:/opt/ros/jazzy /usr/bin/cmake --install /adv_robotics/lab1/build/turtlebot3_fake_node
[1.028s] -- Install configuration: ""
[1.029s] -- Execute custom install script
[1.029s] -- Up-to-date symlink: /adv_robotics/lab1/install/turtlebot3_fake_node/lib/turtlebot3_fake_node/turtlebot3_fake_node
[1.029s] -- Up-to-date symlink: /adv_robotics/lab1/install/turtlebot3_fake_node/share/turtlebot3_fake_node/launch/rviz2.launch.py
[1.029s] -- Up-to-date symlink: /adv_robotics/lab1/install/turtlebot3_fake_node/share/turtlebot3_fake_node/launch/turtlebot3_fake_node.launch.py
[1.030s] -- Up-to-date symlink: /adv_robotics/lab1/install/turtlebot3_fake_node/share/turtlebot3_fake_node/param/burger.yaml
[1.030s] -- Up-to-date symlink: /adv_robotics/lab1/install/turtlebot3_fake_node/share/turtlebot3_fake_node/param/waffle.yaml
[1.030s] -- Up-to-date symlink: /adv_robotics/lab1/install/turtlebot3_fake_node/share/turtlebot3_fake_node/param/waffle_pi.yaml
[1.030s] -- Up-to-date symlink: /adv_robotics/lab1/install/turtlebot3_fake_node/include//turtlebot3_fake_node/turtlebot3_fake_node.hpp
[1.030s] -- Up-to-date symlink: /adv_robotics/lab1/install/turtlebot3_fake_node/share/ament_index/resource_index/package_run_dependencies/turtlebot3_fake_node
[1.030s] -- Up-to-date symlink: /adv_robotics/lab1/install/turtlebot3_fake_node/share/ament_index/resource_index/parent_prefix_path/turtlebot3_fake_node
[1.030s] -- Up-to-date symlink: /adv_robotics/lab1/install/turtlebot3_fake_node/share/turtlebot3_fake_node/environment/ament_prefix_path.sh
[1.031s] -- Up-to-date symlink: /adv_robotics/lab1/install/turtlebot3_fake_node/share/turtlebot3_fake_node/environment/ament_prefix_path.dsv
[1.031s] -- Up-to-date symlink: /adv_robotics/lab1/install/turtlebot3_fake_node/share/turtlebot3_fake_node/environment/path.sh
[1.031s] -- Up-to-date symlink: /adv_robotics/lab1/install/turtlebot3_fake_node/share/turtlebot3_fake_node/environment/path.dsv
[1.031s] -- Up-to-date symlink: /adv_robotics/lab1/install/turtlebot3_fake_node/share/turtlebot3_fake_node/local_setup.bash
[1.031s] -- Up-to-date symlink: /adv_robotics/lab1/install/turtlebot3_fake_node/share/turtlebot3_fake_node/local_setup.sh
[1.031s] -- Up-to-date symlink: /adv_robotics/lab1/install/turtlebot3_fake_node/share/turtlebot3_fake_node/local_setup.zsh
[1.031s] -- Up-to-date symlink: /adv_robotics/lab1/install/turtlebot3_fake_node/share/turtlebot3_fake_node/local_setup.dsv
[1.031s] -- Symlinking: /adv_robotics/lab1/install/turtlebot3_fake_node/share/turtlebot3_fake_node/package.dsv
[1.046s] -- Up-to-date symlink: /adv_robotics/lab1/install/turtlebot3_fake_node/share/ament_index/resource_index/packages/turtlebot3_fake_node
[1.046s] -- Up-to-date symlink: /adv_robotics/lab1/install/turtlebot3_fake_node/share/turtlebot3_fake_node/cmake/ament_cmake_export_include_directories-extras.cmake
[1.046s] -- Up-to-date symlink: /adv_robotics/lab1/install/turtlebot3_fake_node/share/turtlebot3_fake_node/cmake/ament_cmake_export_dependencies-extras.cmake
[1.047s] -- Up-to-date symlink: /adv_robotics/lab1/install/turtlebot3_fake_node/share/turtlebot3_fake_node/cmake/turtlebot3_fake_nodeConfig.cmake
[1.047s] -- Up-to-date symlink: /adv_robotics/lab1/install/turtlebot3_fake_node/share/turtlebot3_fake_node/cmake/turtlebot3_fake_nodeConfig-version.cmake
[1.047s] -- Up-to-date symlink: /adv_robotics/lab1/install/turtlebot3_fake_node/share/turtlebot3_fake_node/package.xml
[1.051s] Invoked command in '/adv_robotics/lab1/build/turtlebot3_fake_node' returned '0': CMAKE_PREFIX_PATH=${CMAKE_PREFIX_PATH}:/opt/ros/jazzy /usr/bin/cmake --install /adv_robotics/lab1/build/turtlebot3_fake_node
