[1.090s] Invoking command in '/adv_robotics/lab1/build/turtlebot_control': PYTHONPATH=/adv_robotics/lab1/build/turtlebot_control/prefix_override:/usr/lib/python3/dist-packages/colcon_core/task/python/colcon_distutils_commands:/adv_robotics/lab1/install/turtlebot_control/lib/python3.12/site-packages:${PYTHONPATH} /usr/bin/python3 -W ignore:setup.py install is deprecated -W ignore:easy_install command is deprecated setup.py develop --editable --build-directory /adv_robotics/lab1/build/turtlebot_control/build --no-deps symlink_data
[1.268s] running develop
[1.362s] running egg_info
[1.370s] writing turtlebot_control.egg-info/PKG-INFO
[1.370s] writing dependency_links to turtlebot_control.egg-info/dependency_links.txt
[1.370s] writing entry points to turtlebot_control.egg-info/entry_points.txt
[1.370s] writing requirements to turtlebot_control.egg-info/requires.txt
[1.370s] writing top-level names to turtlebot_control.egg-info/top_level.txt
[1.388s] reading manifest file 'turtlebot_control.egg-info/SOURCES.txt'
[1.388s] writing manifest file 'turtlebot_control.egg-info/SOURCES.txt'
[1.399s] running build_ext
[1.399s] Creating /adv_robotics/lab1/install/turtlebot_control/lib/python3.12/site-packages/turtlebot-control.egg-link (link to .)
[1.399s] Installing controller_node script to /adv_robotics/lab1/install/turtlebot_control/lib/turtlebot_control
[1.399s] Installing position_sender_node script to /adv_robotics/lab1/install/turtlebot_control/lib/turtlebot_control
[1.399s] Installing wall_follow_node script to /adv_robotics/lab1/install/turtlebot_control/lib/turtlebot_control
[1.400s] Installing wall_pt_node script to /adv_robotics/lab1/install/turtlebot_control/lib/turtlebot_control
[1.400s] 
[1.400s] Installed /adv_robotics/lab1/build/turtlebot_control
[1.400s] running symlink_data
[1.400s] symbolically linking /adv_robotics/lab1/build/turtlebot_control/launch/wall_follow.launch.py -> /adv_robotics/lab1/install/turtlebot_control/share/turtlebot_control/launch
[1.434s] Invoked command in '/adv_robotics/lab1/build/turtlebot_control' returned '0': PYTHONPATH=/adv_robotics/lab1/build/turtlebot_control/prefix_override:/usr/lib/python3/dist-packages/colcon_core/task/python/colcon_distutils_commands:/adv_robotics/lab1/install/turtlebot_control/lib/python3.12/site-packages:${PYTHONPATH} /usr/bin/python3 -W ignore:setup.py install is deprecated -W ignore:easy_install command is deprecated setup.py develop --editable --build-directory /adv_robotics/lab1/build/turtlebot_control/build --no-deps symlink_data
