[0.039s] Invoking command in '/adv_robotics/lab1/build/turtlebot3_gazebo': CMAKE_PREFIX_PATH=${CMAKE_PREFIX_PATH}:/opt/ros/jazzy /usr/bin/cmake /adv_robotics/lab1/turtlebot3_simulations/turtlebot3_gazebo -DCMAKE_INSTALL_PREFIX=/adv_robotics/lab1/install/turtlebot3_gazebo
[0.360s] -- Found ament_cmake: 2.5.6 (/opt/ros/jazzy/share/ament_cmake/cmake)
[0.421s] -- Override CMake install command with custom implementation using symlinks instead of copying resources
[0.433s] -- Found ros_gz_sim: 1.0.22 (/opt/ros/jazzy/share/ros_gz_sim/cmake)
[0.483s] -- Found rosidl_generator_c: 4.6.9 (/opt/ros/jazzy/share/rosidl_generator_c/cmake)
[0.498s] -- Found rosidl_generator_cpp: 4.6.9 (/opt/ros/jazzy/share/rosidl_generator_cpp/cmake)
[0.514s] -- Using all available rosidl_typesupport_c: rosidl_typesupport_fastrtps_c;rosidl_typesupport_introspection_c
[0.535s] -- Using all available rosidl_typesupport_cpp: rosidl_typesupport_fastrtps_cpp;rosidl_typesupport_introspection_cpp
[0.633s] -- Found rmw_implementation_cmake: 7.3.3 (/opt/ros/jazzy/share/rmw_implementation_cmake/cmake)
[0.635s] -- Found rmw_fastrtps_cpp: 8.4.4 (/opt/ros/jazzy/share/rmw_fastrtps_cpp/cmake)
[0.755s] -- Using RMW implementation 'rmw_fastrtps_cpp' as default
[1.028s] -- Found nav_msgs: 5.3.8 (/opt/ros/jazzy/share/nav_msgs/cmake)
[1.047s] -- Found sensor_msgs: 5.3.8 (/opt/ros/jazzy/share/sensor_msgs/cmake)
[1.066s] -- Found gz_math_vendor: 0.0.9 (/opt/ros/jazzy/share/gz_math_vendor/cmake)
[1.068s] -- Looking for gz-math7 -- found version 7.6.0
[1.072s] -- Searching for dependencies of gz-math7
[1.073s] -- Looking for gz-utils2 -- found version 2.2.1
[1.073s] -- Searching for dependencies of gz-utils2
[1.074s] -- Found gz_sim_vendor: 0.0.10 (/opt/ros/jazzy/share/gz_sim_vendor/cmake)
[1.086s] -- Looking for gz-sim8 -- found version 8.11.0
[1.086s] -- Searching for dependencies of gz-sim8
[1.086s] -- Looking for sdformat14 -- found version 14.9.0
[1.086s] -- Searching for dependencies of sdformat14
[1.093s] -- Checking for module 'tinyxml2'
[1.120s] --   Found tinyxml2, version 10.0.0
[1.175s] -- Looking for gz-math7 -- found version 7.6.0
[1.175s] -- Looking for gz-utils2 -- found version 2.2.1
[1.175s] -- Searching for dependencies of gz-utils2
[1.176s] -- Searching for <gz-utils2> component [cli]
[1.176s] -- Looking for gz-utils2-cli -- found version 2.2.1
[1.176s] -- Searching for dependencies of gz-utils2-cli
[1.178s] -- Looking for gz-plugin2 -- found version 2.0.4
[1.178s] -- Searching for dependencies of gz-plugin2
[1.178s] -- Looking for gz-utils2 -- found version 2.2.1
[1.178s] -- Searching for <gz-plugin2> component [loader]
[1.179s] -- Looking for gz-plugin2-loader -- found version 2.0.4
[1.179s] -- Searching for dependencies of gz-plugin2-loader
[1.179s] -- Searching for <gz-plugin2> component [register]
[1.180s] -- Looking for gz-plugin2-register -- found version 2.0.4
[1.180s] -- Searching for dependencies of gz-plugin2-register
[1.180s] -- Looking for gz-transport13 -- found version 13.5.0
[1.180s] -- Searching for dependencies of gz-transport13
[1.232s] -- Config-file not installed for ZeroMQ -- checking for pkg-config
[1.239s] -- Checking for module 'libzmq >= 4'
[1.262s] --   Found libzmq, version 4.3.5
[1.343s] -- Checking for module 'uuid'
[1.364s] --   Found uuid, version 2.39.3
[1.409s] -- Looking for gz-utils2 -- found version 2.2.1
[1.409s] -- Looking for gz-msgs10 -- found version 10.3.2
[1.409s] -- Searching for dependencies of gz-msgs10
[1.441s] -- Looking for gz-utils2 -- found version 2.2.1
[1.441s] -- Looking for gz-math7 -- found version 7.6.0
[1.450s] -- Searching for <gz-transport13> component [log]
[1.450s] -- Looking for gz-transport13-log -- found version 13.5.0
[1.450s] -- Searching for dependencies of gz-transport13-log
[1.451s] -- Searching for <gz-transport13> component [parameters]
[1.451s] -- Looking for gz-transport13-parameters -- found version 13.5.0
[1.451s] -- Searching for dependencies of gz-transport13-parameters
[1.452s] -- Looking for gz-msgs10 -- found version 10.3.2
[1.453s] -- Looking for gz-common5 -- found version 5.8.0
[1.453s] -- Searching for dependencies of gz-common5
[1.453s] -- Looking for gz-utils2 -- found version 2.2.1
[1.453s] -- Looking for dlfcn.h - found
[1.453s] -- Looking for libdl - found
[1.463s] -- Searching for <gz-common5> component [av]
[1.463s] -- Looking for gz-common5-av -- found version 5.8.0
[1.463s] -- Searching for dependencies of gz-common5-av
[1.470s] -- Checking for module 'libswscale'
[1.494s] --   Found libswscale, version 7.5.100
[1.557s] -- Checking for module 'libavdevice >= 56.4.100'
[1.578s] --   Found libavdevice, version 60.3.100
[1.647s] -- Checking for module 'libavformat'
[1.665s] --   Found libavformat, version 60.16.100
[1.725s] -- Checking for module 'libavcodec'
[1.747s] --   Found libavcodec, version 60.31.102
[1.800s] -- Checking for module 'libavutil'
[1.824s] --   Found libavutil, version 58.29.100
[1.871s] -- Searching for <gz-common5> component [events]
[1.871s] -- Looking for gz-common5-events -- found version 5.8.0
[1.871s] -- Searching for dependencies of gz-common5-events
[1.871s] -- Looking for gz-math7 -- found version 7.6.0
[1.872s] -- Searching for <gz-common5> component [graphics]
[1.872s] -- Looking for gz-common5-graphics -- found version 5.8.0
[1.872s] -- Searching for dependencies of gz-common5-graphics
[1.872s] -- Looking for gz-math7 -- found version 7.6.0
[1.874s] -- Searching for <gz-common5> component [io]
[1.875s] -- Looking for gz-common5-io -- found version 5.8.0
[1.875s] -- Searching for dependencies of gz-common5-io
[1.875s] -- Searching for <gz-common5> component [profiler]
[1.875s] -- Looking for gz-common5-profiler -- found version 5.8.0
[1.875s] -- Searching for dependencies of gz-common5-profiler
[1.876s] -- Looking for gz-fuel_tools9 -- found version 9.1.1
[1.877s] -- Searching for dependencies of gz-fuel_tools9
[1.933s] -- Checking for module 'jsoncpp'
[1.953s] --   Found jsoncpp, version 1.9.5
[2.024s] -- Checking for module 'yaml-0.1'
[2.044s] --   Found yaml-0.1, version 0.2.5
[2.090s] -- Checking for module 'libzip'
[2.113s] --   Found libzip, version 1.7.3
[2.165s] -- Looking for gz-utils2 -- found version 2.2.1
[2.165s] -- Looking for gz-common5 -- found version 5.8.0
[2.165s] -- Searching for dependencies of gz-common5
[2.165s] -- Looking for gz-utils2 -- found version 2.2.1
[2.165s] -- Looking for dlfcn.h - found
[2.165s] -- Looking for libdl - found
[2.172s] -- Searching for <gz-common5> component [testing]
[2.172s] -- Looking for gz-common5-testing -- found version 5.8.0
[2.172s] -- Searching for dependencies of gz-common5-testing
[2.173s] -- Looking for gz-math7 -- found version 7.6.0
[2.173s] -- Looking for gz-msgs10 -- found version 10.3.2
[2.174s] -- Looking for gz-gui8 -- found version 8.4.0
[2.174s] -- Searching for dependencies of gz-gui8
[2.203s] -- Looking for gz-utils2 -- found version 2.2.1
[2.203s] -- Looking for gz-math7 -- found version 7.6.0
[2.204s] -- Looking for gz-common5 -- found version 5.8.0
[2.204s] -- Looking for gz-plugin2 -- found version 2.0.4
[2.204s] -- Looking for gz-transport13 -- found version 13.5.0
[2.204s] -- Looking for gz-rendering8 -- found version 8.2.3
[2.204s] -- Searching for dependencies of gz-rendering8
[2.205s] -- Looking for gz-math7 -- found version 7.6.0
[2.205s] -- Searching for dependencies of gz-math7
[2.205s] -- Looking for gz-utils2 -- found version 2.2.1
[2.205s] -- Searching for <gz-math7> component [eigen3]
[2.206s] -- Looking for gz-math7-eigen3 -- found version 7.6.0
[2.206s] -- Searching for dependencies of gz-math7-eigen3
[2.207s] -- Looking for gz-common5 -- found version 5.8.0
[2.207s] -- Searching for dependencies of gz-common5
[2.207s] -- Looking for gz-utils2 -- found version 2.2.1
[2.207s] -- Looking for dlfcn.h - found
[2.208s] -- Looking for libdl - found
[2.218s] -- Searching for <gz-common5> component [graphics]
[2.218s] -- Searching for <gz-common5> component [events]
[2.218s] -- Searching for <gz-common5> component [geospatial]
[2.219s] -- Looking for gz-common5-geospatial -- found version 5.8.0
[2.219s] -- Searching for dependencies of gz-common5-geospatial
[2.219s] -- Looking for gz-math7 -- found version 7.6.0
[2.219s] -- Looking for gz-common5 -- found version 5.8.0
[2.220s] -- Looking for gz-plugin2 -- found version 2.0.4
[2.220s] -- Searching for dependencies of gz-plugin2
[2.220s] -- Looking for gz-utils2 -- found version 2.2.1
[2.220s] -- Searching for <gz-plugin2> component [all]
[2.221s] -- Looking for all libraries of gz-plugin2 -- found version 2.0.4
[2.221s] -- Looking for gz-plugin2 -- found version 2.0.4
[2.222s] -- Looking for gz-utils2 -- found version 2.2.1
[2.225s] -- Looking for gz-msgs10 -- found version 10.3.2
[2.238s] -- Looking for gz-physics7 -- found version 7.6.0
[2.238s] -- Searching for dependencies of gz-physics7
[2.238s] -- Looking for gz-common5 -- found version 5.8.0
[2.238s] -- Looking for gz-math7 -- found version 7.6.0
[2.238s] -- Looking for gz-plugin2 -- found version 2.0.4
[2.239s] -- Looking for gz-utils2 -- found version 2.2.1
[2.239s] -- Searching for <gz-physics7> component [heightmap]
[2.240s] -- Looking for gz-physics7-heightmap -- found version 7.6.0
[2.240s] -- Searching for dependencies of gz-physics7-heightmap
[2.240s] -- Looking for gz-common5 -- found version 5.8.0
[2.240s] -- Searching for <gz-physics7> component [mesh]
[2.241s] -- Looking for gz-physics7-mesh -- found version 7.6.0
[2.241s] -- Searching for dependencies of gz-physics7-mesh
[2.241s] -- Looking for gz-common5 -- found version 5.8.0
[2.241s] -- Searching for <gz-physics7> component [sdf]
[2.242s] -- Looking for gz-physics7-sdf -- found version 7.6.0
[2.242s] -- Searching for dependencies of gz-physics7-sdf
[2.242s] -- Looking for sdformat14 -- found version 14.9.0
[2.243s] -- Looking for gz-sensors8 -- found version 8.2.2
[2.243s] -- Searching for dependencies of gz-sensors8
[2.268s] -- Looking for gz-math7 -- found version 7.6.0
[2.268s] -- Looking for gz-common5 -- found version 5.8.0
[2.268s] -- Looking for gz-transport13 -- found version 13.5.0
[2.268s] -- Looking for gz-rendering8 -- found version 8.2.3
[2.269s] -- Looking for gz-msgs10 -- found version 10.3.2
[2.269s] -- Looking for sdformat14 -- found version 14.9.0
[2.269s] -- Searching for <gz-sensors8> component [air_pressure]
[2.270s] -- Looking for gz-sensors8-air_pressure -- found version 8.2.2
[2.270s] -- Searching for dependencies of gz-sensors8-air_pressure
[2.270s] -- Searching for <gz-sensors8> component [air_speed]
[2.271s] -- Looking for gz-sensors8-air_speed -- found version 8.2.2
[2.271s] -- Searching for dependencies of gz-sensors8-air_speed
[2.271s] -- Searching for <gz-sensors8> component [altimeter]
[2.271s] -- Looking for gz-sensors8-altimeter -- found version 8.2.2
[2.271s] -- Searching for dependencies of gz-sensors8-altimeter
[2.272s] -- Searching for <gz-sensors8> component [imu]
[2.272s] -- Looking for gz-sensors8-imu -- found version 8.2.2
[2.272s] -- Searching for dependencies of gz-sensors8-imu
[2.273s] -- Searching for <gz-sensors8> component [force_torque]
[2.273s] -- Looking for gz-sensors8-force_torque -- found version 8.2.2
[2.273s] -- Searching for dependencies of gz-sensors8-force_torque
[2.273s] -- Searching for <gz-sensors8> component [logical_camera]
[2.274s] -- Looking for gz-sensors8-logical_camera -- found version 8.2.2
[2.274s] -- Searching for dependencies of gz-sensors8-logical_camera
[2.274s] -- Searching for <gz-sensors8> component [magnetometer]
[2.274s] -- Looking for gz-sensors8-magnetometer -- found version 8.2.2
[2.274s] -- Searching for dependencies of gz-sensors8-magnetometer
[2.275s] -- Searching for <gz-sensors8> component [navsat]
[2.275s] -- Looking for gz-sensors8-navsat -- found version 8.2.2
[2.275s] -- Searching for dependencies of gz-sensors8-navsat
[2.276s] -- Searching for <gz-sensors8> component [dvl]
[2.276s] -- Looking for gz-sensors8-dvl -- found version 8.2.2
[2.276s] -- Searching for dependencies of gz-sensors8-dvl
[2.276s] -- Looking for gz-sensors8 -- found version 8.2.2
[2.276s] -- Searching for dependencies of gz-sensors8
[2.300s] -- Looking for gz-math7 -- found version 7.6.0
[2.300s] -- Looking for gz-common5 -- found version 5.8.0
[2.301s] -- Looking for gz-transport13 -- found version 13.5.0
[2.301s] -- Looking for gz-rendering8 -- found version 8.2.3
[2.301s] -- Looking for gz-msgs10 -- found version 10.3.2
[2.301s] -- Looking for sdformat14 -- found version 14.9.0
[2.302s] -- Searching for <gz-sensors8> component [rendering]
[2.302s] -- Looking for gz-sensors8-rendering -- found version 8.2.2
[2.302s] -- Searching for dependencies of gz-sensors8-rendering
[2.303s] -- Searching for <gz-sensors8> component [rendering]
[2.303s] -- Searching for <gz-sensors8> component [lidar]
[2.305s] -- Looking for gz-sensors8-lidar -- found version 8.2.2
[2.305s] -- Searching for dependencies of gz-sensors8-lidar
[2.306s] -- Looking for gz-sensors8 -- found version 8.2.2
[2.306s] -- Searching for <gz-sensors8> component [gpu_lidar]
[2.306s] -- Looking for gz-sensors8-gpu_lidar -- found version 8.2.2
[2.307s] -- Searching for dependencies of gz-sensors8-gpu_lidar
[2.307s] -- Looking for gz-sensors8 -- found version 8.2.2
[2.307s] -- Searching for <gz-sensors8> component [camera]
[2.308s] -- Looking for gz-sensors8-camera -- found version 8.2.2
[2.308s] -- Searching for dependencies of gz-sensors8-camera
[2.308s] -- Looking for gz-sensors8 -- found version 8.2.2
[2.310s] -- Searching for <gz-sensors8> component [boundingbox_camera]
[2.311s] -- Looking for gz-sensors8-boundingbox_camera -- found version 8.2.2
[2.311s] -- Searching for dependencies of gz-sensors8-boundingbox_camera
[2.311s] -- Searching for <gz-sensors8> component [segmentation_camera]
[2.311s] -- Looking for gz-sensors8-segmentation_camera -- found version 8.2.2
[2.311s] -- Searching for dependencies of gz-sensors8-segmentation_camera
[2.312s] -- Searching for <gz-sensors8> component [depth_camera]
[2.312s] -- Looking for gz-sensors8-depth_camera -- found version 8.2.2
[2.312s] -- Searching for dependencies of gz-sensors8-depth_camera
[2.313s] -- Looking for gz-sensors8 -- found version 8.2.2
[2.313s] -- Searching for <gz-sensors8> component [rgbd_camera]
[2.313s] -- Looking for gz-sensors8-rgbd_camera -- found version 8.2.2
[2.313s] -- Searching for dependencies of gz-sensors8-rgbd_camera
[2.314s] -- Looking for gz-sensors8 -- found version 8.2.2
[2.314s] -- Searching for <gz-sensors8> component [thermal_camera]
[2.314s] -- Looking for gz-sensors8-thermal_camera -- found version 8.2.2
[2.314s] -- Searching for dependencies of gz-sensors8-thermal_camera
[2.315s] -- Looking for gz-sensors8 -- found version 8.2.2
[2.315s] -- Searching for <gz-sensors8> component [wide_angle_camera]
[2.315s] -- Looking for gz-sensors8-wide_angle_camera -- found version 8.2.2
[2.316s] -- Searching for dependencies of gz-sensors8-wide_angle_camera
[2.317s] -- Looking for gz-rendering8 -- found version 8.2.3
[2.317s] -- Looking for gz-math7 -- found version 7.6.0
[2.317s] -- Looking for gz-utils2 -- found version 2.2.1
[2.344s] -- Looking for gz-plugin2 -- found version 2.0.4
[2.415s] -- Configuring done (2.4s)
[2.454s] -- Generating done (0.0s)
[2.460s] -- Build files have been written to: /adv_robotics/lab1/build/turtlebot3_gazebo
