[0.043s] Invoking command in '/adv_robotics/lab1/build/turtlebot3_fake_node': CMAKE_PREFIX_PATH=${CMAKE_PREFIX_PATH}:/opt/ros/jazzy /usr/bin/cmake /adv_robotics/lab1/turtlebot3_simulations/turtlebot3_fake_node -DCMAKE_INSTALL_PREFIX=/adv_robotics/lab1/install/turtlebot3_fake_node
[0.371s] -- Found ament_cmake: 2.5.6 (/opt/ros/jazzy/share/ament_cmake/cmake)
[0.419s] -- Override CMake install command with custom implementation using symlinks instead of copying resources
[0.436s] -- Found geometry_msgs: 5.3.8 (/opt/ros/jazzy/share/geometry_msgs/cmake)
[0.485s] -- Found rosidl_generator_c: 4.6.9 (/opt/ros/jazzy/share/rosidl_generator_c/cmake)
[0.499s] -- Found rosidl_generator_cpp: 4.6.9 (/opt/ros/jazzy/share/rosidl_generator_cpp/cmake)
[0.516s] -- Using all available rosidl_typesupport_c: rosidl_typesupport_fastrtps_c;rosidl_typesupport_introspection_c
[0.537s] -- Using all available rosidl_typesupport_cpp: rosidl_typesupport_fastrtps_cpp;rosidl_typesupport_introspection_cpp
[0.601s] -- Found nav_msgs: 5.3.8 (/opt/ros/jazzy/share/nav_msgs/cmake)
[0.663s] -- Found rclcpp: 28.1.21 (/opt/ros/jazzy/share/rclcpp/cmake)
[0.721s] -- Found rmw_implementation_cmake: 7.3.3 (/opt/ros/jazzy/share/rmw_implementation_cmake/cmake)
[0.723s] -- Found rmw_fastrtps_cpp: 8.4.4 (/opt/ros/jazzy/share/rmw_fastrtps_cpp/cmake)
[0.835s] -- Using RMW implementation 'rmw_fastrtps_cpp' as default
[0.935s] -- Found sensor_msgs: 5.3.8 (/opt/ros/jazzy/share/sensor_msgs/cmake)
[0.964s] -- Found tf2: 0.36.21 (/opt/ros/jazzy/share/tf2/cmake)
[0.968s] -- Found tf2_msgs: 0.36.21 (/opt/ros/jazzy/share/tf2_msgs/cmake)
[1.037s] [31mCMake Error at CMakeLists.txt:25 (find_package):
[1.038s]   By not providing "Findturtlebot3_msgs.cmake" in CMAKE_MODULE_PATH this
[1.038s]   project has asked CMake to find a package configuration file provided by
[1.038s]   "turtlebot3_msgs", but CMake did not find one.
[1.038s] 
[1.038s]   Could not find a package configuration file provided by "turtlebot3_msgs"
[1.038s]   with any of the following names:
[1.038s] 
[1.038s]     turtlebot3_msgsConfig.cmake
[1.038s]     turtlebot3_msgs-config.cmake
[1.039s] 
[1.039s]   Add the installation prefix of "turtlebot3_msgs" to CMAKE_PREFIX_PATH or
[1.039s]   set "turtlebot3_msgs_DIR" to a directory containing one of the above files.
[1.039s]   If "turtlebot3_msgs" provides a separate development package or SDK, be
[1.039s]   sure it has been installed.
[1.039s] 
[1.039s] [0m
[1.039s] -- Configuring incomplete, errors occurred!
[1.053s] Invoked command in '/adv_robotics/lab1/build/turtlebot3_fake_node' returned '1': CMAKE_PREFIX_PATH=${CMAKE_PREFIX_PATH}:/opt/ros/jazzy /usr/bin/cmake /adv_robotics/lab1/turtlebot3_simulations/turtlebot3_fake_node -DCMAKE_INSTALL_PREFIX=/adv_robotics/lab1/install/turtlebot3_fake_node
