[0.033s] Invoking command in '/adv_robotics/lab1/build/turtlebot3_gazebo': CMAKE_PREFIX_PATH=${CMAKE_PREFIX_PATH}:/adv_robotics/lab1/install/turtlebot_control:/adv_robotics/lab1/install/test_pkg:/opt/ros/jazzy /usr/bin/cmake --build /adv_robotics/lab1/build/turtlebot3_gazebo -- -j16 -l16
[0.318s] [ 37%] Built target obstacles
[0.319s] [ 50%] Built target obstacle2
[0.319s] [ 75%] Built target obstacle1
[0.319s] [100%] Built target turtlebot3_drive
[0.338s] Invoked command in '/adv_robotics/lab1/build/turtlebot3_gazebo' returned '0': CMAKE_PREFIX_PATH=${CMAKE_PREFIX_PATH}:/adv_robotics/lab1/install/turtlebot_control:/adv_robotics/lab1/install/test_pkg:/opt/ros/jazzy /usr/bin/cmake --build /adv_robotics/lab1/build/turtlebot3_gazebo -- -j16 -l16
[0.339s] Invoking command in '/adv_robotics/lab1/build/turtlebot3_gazebo': CMAKE_PREFIX_PATH=${CMAKE_PREFIX_PATH}:/adv_robotics/lab1/install/turtlebot_control:/adv_robotics/lab1/install/test_pkg:/opt/ros/jazzy /usr/bin/cmake --install /adv_robotics/lab1/build/turtlebot3_gazebo
[0.635s] -- Install configuration: ""
[0.636s] -- Execute custom install script
[0.636s] -- Up-to-date symlink: /adv_robotics/lab1/install/turtlebot3_gazebo/lib/turtlebot3_gazebo/turtlebot3_drive
[0.636s] -- Up-to-date symlink: /adv_robotics/lab1/install/turtlebot3_gazebo/lib/turtlebot3_gazebo/libobstacles.so
[0.636s] -- Up-to-date symlink: /adv_robotics/lab1/install/turtlebot3_gazebo/lib/turtlebot3_gazebo/libobstacle1.so
[0.636s] -- Up-to-date symlink: /adv_robotics/lab1/install/turtlebot3_gazebo/lib/turtlebot3_gazebo/libobstacle2.so
[0.636s] -- Up-to-date symlink: /adv_robotics/lab1/install/turtlebot3_gazebo/share/turtlebot3_gazebo//launch/empty_world.launch.py
[0.637s] -- Up-to-date symlink: /adv_robotics/lab1/install/turtlebot3_gazebo/share/turtlebot3_gazebo//launch/robot_state_publisher.launch.py
[0.637s] -- Up-to-date symlink: /adv_robotics/lab1/install/turtlebot3_gazebo/share/turtlebot3_gazebo//launch/spawn_turtlebot3.launch.py
[0.637s] -- Up-to-date symlink: /adv_robotics/lab1/install/turtlebot3_gazebo/share/turtlebot3_gazebo//launch/turtlebot3_dqn_stage1.launch.py
[0.637s] -- Up-to-date symlink: /adv_robotics/lab1/install/turtlebot3_gazebo/share/turtlebot3_gazebo//launch/turtlebot3_dqn_stage2.launch.py
[0.637s] -- Up-to-date symlink: /adv_robotics/lab1/install/turtlebot3_gazebo/share/turtlebot3_gazebo//launch/turtlebot3_dqn_stage3.launch.py
[0.638s] -- Up-to-date symlink: /adv_robotics/lab1/install/turtlebot3_gazebo/share/turtlebot3_gazebo//launch/turtlebot3_dqn_stage4.launch.py
[0.638s] -- Up-to-date symlink: /adv_robotics/lab1/install/turtlebot3_gazebo/share/turtlebot3_gazebo//launch/turtlebot3_house.launch.py
[0.638s] -- Up-to-date symlink: /adv_robotics/lab1/install/turtlebot3_gazebo/share/turtlebot3_gazebo//launch/turtlebot3_world.launch.py
[0.638s] -- Up-to-date symlink: /adv_robotics/lab1/install/turtlebot3_gazebo/share/turtlebot3_gazebo//models/turtlebot3_burger/model-1_4.sdf
[0.639s] -- Up-to-date symlink: /adv_robotics/lab1/install/turtlebot3_gazebo/share/turtlebot3_gazebo//models/turtlebot3_burger/model.config
[0.639s] -- Up-to-date symlink: /adv_robotics/lab1/install/turtlebot3_gazebo/share/turtlebot3_gazebo//models/turtlebot3_burger/model.sdf
[0.639s] -- Up-to-date symlink: /adv_robotics/lab1/install/turtlebot3_gazebo/share/turtlebot3_gazebo//models/turtlebot3_burger_cam/model-1_4.sdf
[0.639s] -- Up-to-date symlink: /adv_robotics/lab1/install/turtlebot3_gazebo/share/turtlebot3_gazebo//models/turtlebot3_burger_cam/model.config
[0.639s] -- Up-to-date symlink: /adv_robotics/lab1/install/turtlebot3_gazebo/share/turtlebot3_gazebo//models/turtlebot3_burger_cam/model.sdf
[0.640s] -- Up-to-date symlink: /adv_robotics/lab1/install/turtlebot3_gazebo/share/turtlebot3_gazebo//models/turtlebot3_common/meshes/bases/burger_base.stl
[0.640s] -- Up-to-date symlink: /adv_robotics/lab1/install/turtlebot3_gazebo/share/turtlebot3_gazebo//models/turtlebot3_common/meshes/bases/waffle_base.stl
[0.640s] -- Up-to-date symlink: /adv_robotics/lab1/install/turtlebot3_gazebo/share/turtlebot3_gazebo//models/turtlebot3_common/meshes/bases/waffle_pi_base.stl
[0.640s] -- Up-to-date symlink: /adv_robotics/lab1/install/turtlebot3_gazebo/share/turtlebot3_gazebo//models/turtlebot3_common/meshes/burger_base.dae
[0.640s] -- Up-to-date symlink: /adv_robotics/lab1/install/turtlebot3_gazebo/share/turtlebot3_gazebo//models/turtlebot3_common/meshes/lds.dae
[0.640s] -- Up-to-date symlink: /adv_robotics/lab1/install/turtlebot3_gazebo/share/turtlebot3_gazebo//models/turtlebot3_common/meshes/r200.dae
[0.641s] -- Up-to-date symlink: /adv_robotics/lab1/install/turtlebot3_gazebo/share/turtlebot3_gazebo//models/turtlebot3_common/meshes/sensors/astra.dae
[0.641s] -- Up-to-date symlink: /adv_robotics/lab1/install/turtlebot3_gazebo/share/turtlebot3_gazebo//models/turtlebot3_common/meshes/sensors/astra.jpg
[0.642s] -- Up-to-date symlink: /adv_robotics/lab1/install/turtlebot3_gazebo/share/turtlebot3_gazebo//models/turtlebot3_common/meshes/sensors/lds.stl
[0.642s] -- Up-to-date symlink: /adv_robotics/lab1/install/turtlebot3_gazebo/share/turtlebot3_gazebo//models/turtlebot3_common/meshes/sensors/r200.dae
[0.642s] -- Up-to-date symlink: /adv_robotics/lab1/install/turtlebot3_gazebo/share/turtlebot3_gazebo//models/turtlebot3_common/meshes/sensors/r200.jpg
[0.642s] -- Up-to-date symlink: /adv_robotics/lab1/install/turtlebot3_gazebo/share/turtlebot3_gazebo//models/turtlebot3_common/meshes/tire.dae
[0.642s] -- Up-to-date symlink: /adv_robotics/lab1/install/turtlebot3_gazebo/share/turtlebot3_gazebo//models/turtlebot3_common/meshes/waffle_base.dae
[0.643s] -- Up-to-date symlink: /adv_robotics/lab1/install/turtlebot3_gazebo/share/turtlebot3_gazebo//models/turtlebot3_common/meshes/waffle_pi_base.dae
[0.643s] -- Up-to-date symlink: /adv_robotics/lab1/install/turtlebot3_gazebo/share/turtlebot3_gazebo//models/turtlebot3_common/meshes/wheels/left_tire.stl
[0.643s] -- Up-to-date symlink: /adv_robotics/lab1/install/turtlebot3_gazebo/share/turtlebot3_gazebo//models/turtlebot3_common/meshes/wheels/right_tire.stl
[0.643s] -- Up-to-date symlink: /adv_robotics/lab1/install/turtlebot3_gazebo/share/turtlebot3_gazebo//models/turtlebot3_common/model.config
[0.643s] -- Up-to-date symlink: /adv_robotics/lab1/install/turtlebot3_gazebo/share/turtlebot3_gazebo//models/turtlebot3_dqn_world/goal_box/model.config
[0.644s] -- Up-to-date symlink: /adv_robotics/lab1/install/turtlebot3_gazebo/share/turtlebot3_gazebo//models/turtlebot3_dqn_world/goal_box/model.sdf
[0.644s] -- Up-to-date symlink: /adv_robotics/lab1/install/turtlebot3_gazebo/share/turtlebot3_gazebo//models/turtlebot3_dqn_world/inner_walls/model.config
[0.644s] -- Up-to-date symlink: /adv_robotics/lab1/install/turtlebot3_gazebo/share/turtlebot3_gazebo//models/turtlebot3_dqn_world/inner_walls/model.sdf
[0.644s] -- Up-to-date symlink: /adv_robotics/lab1/install/turtlebot3_gazebo/share/turtlebot3_gazebo//models/turtlebot3_dqn_world/inner_walls/textures/wood.png
[0.644s] -- Up-to-date symlink: /adv_robotics/lab1/install/turtlebot3_gazebo/share/turtlebot3_gazebo//models/turtlebot3_dqn_world/model.config
[0.644s] -- Up-to-date symlink: /adv_robotics/lab1/install/turtlebot3_gazebo/share/turtlebot3_gazebo//models/turtlebot3_dqn_world/model.sdf
[0.644s] -- Up-to-date symlink: /adv_robotics/lab1/install/turtlebot3_gazebo/share/turtlebot3_gazebo//models/turtlebot3_dqn_world/obstacle1/model.config
[0.645s] -- Up-to-date symlink: /adv_robotics/lab1/install/turtlebot3_gazebo/share/turtlebot3_gazebo//models/turtlebot3_dqn_world/obstacle1/model.sdf
[0.645s] -- Up-to-date symlink: /adv_robotics/lab1/install/turtlebot3_gazebo/share/turtlebot3_gazebo//models/turtlebot3_dqn_world/obstacle2/model.config
[0.645s] -- Up-to-date symlink: /adv_robotics/lab1/install/turtlebot3_gazebo/share/turtlebot3_gazebo//models/turtlebot3_dqn_world/obstacle2/model.sdf
[0.645s] -- Up-to-date symlink: /adv_robotics/lab1/install/turtlebot3_gazebo/share/turtlebot3_gazebo//models/turtlebot3_dqn_world/obstacles/model.config
[0.645s] -- Up-to-date symlink: /adv_robotics/lab1/install/turtlebot3_gazebo/share/turtlebot3_gazebo//models/turtlebot3_dqn_world/obstacles/model.sdf
[0.645s] -- Up-to-date symlink: /adv_robotics/lab1/install/turtlebot3_gazebo/share/turtlebot3_gazebo//models/turtlebot3_dqn_world/textures/wood.png
[0.646s] -- Up-to-date symlink: /adv_robotics/lab1/install/turtlebot3_gazebo/share/turtlebot3_gazebo//models/turtlebot3_house/cafe_table/materials/textures/Maple.jpg
[0.646s] -- Up-to-date symlink: /adv_robotics/lab1/install/turtlebot3_gazebo/share/turtlebot3_gazebo//models/turtlebot3_house/cafe_table/materials/textures/Wood_Floor_Dark.jpg
[0.646s] -- Up-to-date symlink: /adv_robotics/lab1/install/turtlebot3_gazebo/share/turtlebot3_gazebo//models/turtlebot3_house/cafe_table/meshes/cafe_table.dae
[0.646s] -- Up-to-date symlink: /adv_robotics/lab1/install/turtlebot3_gazebo/share/turtlebot3_gazebo//models/turtlebot3_house/cafe_table/model-1_4.sdf
[0.646s] -- Up-to-date symlink: /adv_robotics/lab1/install/turtlebot3_gazebo/share/turtlebot3_gazebo//models/turtlebot3_house/cafe_table/model.config
[0.647s] -- Up-to-date symlink: /adv_robotics/lab1/install/turtlebot3_gazebo/share/turtlebot3_gazebo//models/turtlebot3_house/cafe_table/model.sdf
[0.647s] -- Up-to-date symlink: /adv_robotics/lab1/install/turtlebot3_gazebo/share/turtlebot3_gazebo//models/turtlebot3_house/first_2015_trash_can/meshes/trash_can.dae
[0.647s] -- Up-to-date symlink: /adv_robotics/lab1/install/turtlebot3_gazebo/share/turtlebot3_gazebo//models/turtlebot3_house/first_2015_trash_can/model.config
[0.648s] -- Up-to-date symlink: /adv_robotics/lab1/install/turtlebot3_gazebo/share/turtlebot3_gazebo//models/turtlebot3_house/first_2015_trash_can/model.sdf
[0.648s] -- Up-to-date symlink: /adv_robotics/lab1/install/turtlebot3_gazebo/share/turtlebot3_gazebo//models/turtlebot3_house/mailbox/materials/scripts/mailbox.material
[0.648s] -- Up-to-date symlink: /adv_robotics/lab1/install/turtlebot3_gazebo/share/turtlebot3_gazebo//models/turtlebot3_house/mailbox/materials/textures/Mailbox_Diffuse.png
[0.649s] -- Up-to-date symlink: /adv_robotics/lab1/install/turtlebot3_gazebo/share/turtlebot3_gazebo//models/turtlebot3_house/mailbox/materials/textures/Mailbox_Diffuse.tga.orig
[0.649s] -- Up-to-date symlink: /adv_robotics/lab1/install/turtlebot3_gazebo/share/turtlebot3_gazebo//models/turtlebot3_house/mailbox/materials/textures/Mailbox_Spec.png
[0.649s] -- Up-to-date symlink: /adv_robotics/lab1/install/turtlebot3_gazebo/share/turtlebot3_gazebo//models/turtlebot3_house/mailbox/meshes/mailbox.dae
[0.650s] -- Up-to-date symlink: /adv_robotics/lab1/install/turtlebot3_gazebo/share/turtlebot3_gazebo//models/turtlebot3_house/mailbox/model-1_3.sdf
[0.650s] -- Up-to-date symlink: /adv_robotics/lab1/install/turtlebot3_gazebo/share/turtlebot3_gazebo//models/turtlebot3_house/mailbox/model-1_4.sdf
[0.650s] -- Up-to-date symlink: /adv_robotics/lab1/install/turtlebot3_gazebo/share/turtlebot3_gazebo//models/turtlebot3_house/mailbox/model.config
[0.651s] -- Up-to-date symlink: /adv_robotics/lab1/install/turtlebot3_gazebo/share/turtlebot3_gazebo//models/turtlebot3_house/mailbox/model.sdf
[0.652s] -- Up-to-date symlink: /adv_robotics/lab1/install/turtlebot3_gazebo/share/turtlebot3_gazebo//models/turtlebot3_house/model.config
[0.653s] -- Up-to-date symlink: /adv_robotics/lab1/install/turtlebot3_gazebo/share/turtlebot3_gazebo//models/turtlebot3_house/model.sdf
[0.654s] -- Up-to-date symlink: /adv_robotics/lab1/install/turtlebot3_gazebo/share/turtlebot3_gazebo//models/turtlebot3_house/table_marble/materials/scripts/table_lightmap.material
[0.654s] -- Up-to-date symlink: /adv_robotics/lab1/install/turtlebot3_gazebo/share/turtlebot3_gazebo//models/turtlebot3_house/table_marble/materials/textures/marble.png
[0.654s] -- Up-to-date symlink: /adv_robotics/lab1/install/turtlebot3_gazebo/share/turtlebot3_gazebo//models/turtlebot3_house/table_marble/materials/textures/table_lightmap.png
[0.655s] -- Up-to-date symlink: /adv_robotics/lab1/install/turtlebot3_gazebo/share/turtlebot3_gazebo//models/turtlebot3_house/table_marble/meshes/table_lightmap.dae
[0.655s] -- Up-to-date symlink: /adv_robotics/lab1/install/turtlebot3_gazebo/share/turtlebot3_gazebo//models/turtlebot3_house/table_marble/model-1_4.sdf
[0.656s] -- Up-to-date symlink: /adv_robotics/lab1/install/turtlebot3_gazebo/share/turtlebot3_gazebo//models/turtlebot3_house/table_marble/model.config
[0.656s] -- Up-to-date symlink: /adv_robotics/lab1/install/turtlebot3_gazebo/share/turtlebot3_gazebo//models/turtlebot3_house/table_marble/model.sdf
[0.657s] -- Up-to-date symlink: /adv_robotics/lab1/install/turtlebot3_gazebo/share/turtlebot3_gazebo//models/turtlebot3_house/textures/bricks.png
[0.657s] -- Up-to-date symlink: /adv_robotics/lab1/install/turtlebot3_gazebo/share/turtlebot3_gazebo//models/turtlebot3_house/textures/wood.png
[0.657s] -- Up-to-date symlink: /adv_robotics/lab1/install/turtlebot3_gazebo/share/turtlebot3_gazebo//models/turtlebot3_waffle/model-1_4.sdf
[0.658s] -- Up-to-date symlink: /adv_robotics/lab1/install/turtlebot3_gazebo/share/turtlebot3_gazebo//models/turtlebot3_waffle/model.config
[0.658s] -- Up-to-date symlink: /adv_robotics/lab1/install/turtlebot3_gazebo/share/turtlebot3_gazebo//models/turtlebot3_waffle/model.sdf
[0.658s] -- Up-to-date symlink: /adv_robotics/lab1/install/turtlebot3_gazebo/share/turtlebot3_gazebo//models/turtlebot3_waffle_pi/model-1_4_.sdf
[0.658s] -- Up-to-date symlink: /adv_robotics/lab1/install/turtlebot3_gazebo/share/turtlebot3_gazebo//models/turtlebot3_waffle_pi/model.config
[0.659s] -- Up-to-date symlink: /adv_robotics/lab1/install/turtlebot3_gazebo/share/turtlebot3_gazebo//models/turtlebot3_waffle_pi/model.sdf
[0.659s] -- Up-to-date symlink: /adv_robotics/lab1/install/turtlebot3_gazebo/share/turtlebot3_gazebo//models/turtlebot3_world/meshes/hexagon.dae
[0.659s] -- Up-to-date symlink: /adv_robotics/lab1/install/turtlebot3_gazebo/share/turtlebot3_gazebo//models/turtlebot3_world/meshes/wall.dae
[0.659s] -- Up-to-date symlink: /adv_robotics/lab1/install/turtlebot3_gazebo/share/turtlebot3_gazebo//models/turtlebot3_world/model-1_4.sdf
[0.660s] -- Up-to-date symlink: /adv_robotics/lab1/install/turtlebot3_gazebo/share/turtlebot3_gazebo//models/turtlebot3_world/model.config
[0.660s] -- Up-to-date symlink: /adv_robotics/lab1/install/turtlebot3_gazebo/share/turtlebot3_gazebo//models/turtlebot3_world/model.sdf
[0.660s] -- Up-to-date symlink: /adv_robotics/lab1/install/turtlebot3_gazebo/share/turtlebot3_gazebo//params/turtlebot3_burger_bridge.yaml
[0.660s] -- Up-to-date symlink: /adv_robotics/lab1/install/turtlebot3_gazebo/share/turtlebot3_gazebo//params/turtlebot3_burger_cam_bridge.yaml
[0.660s] -- Up-to-date symlink: /adv_robotics/lab1/install/turtlebot3_gazebo/share/turtlebot3_gazebo//params/turtlebot3_waffle_bridge.yaml
[0.661s] -- Up-to-date symlink: /adv_robotics/lab1/install/turtlebot3_gazebo/share/turtlebot3_gazebo//params/turtlebot3_waffle_pi_bridge.yaml
[0.661s] -- Up-to-date symlink: /adv_robotics/lab1/install/turtlebot3_gazebo/share/turtlebot3_gazebo//rviz/tb3_gazebo.rviz
[0.661s] -- Up-to-date symlink: /adv_robotics/lab1/install/turtlebot3_gazebo/share/turtlebot3_gazebo//urdf/common_properties.urdf
[0.661s] -- Up-to-date symlink: /adv_robotics/lab1/install/turtlebot3_gazebo/share/turtlebot3_gazebo//urdf/turtlebot3_burger.urdf
[0.661s] -- Up-to-date symlink: /adv_robotics/lab1/install/turtlebot3_gazebo/share/turtlebot3_gazebo//urdf/turtlebot3_burger_cam.urdf
[0.662s] -- Up-to-date symlink: /adv_robotics/lab1/install/turtlebot3_gazebo/share/turtlebot3_gazebo//urdf/turtlebot3_waffle.urdf
[0.662s] -- Up-to-date symlink: /adv_robotics/lab1/install/turtlebot3_gazebo/share/turtlebot3_gazebo//urdf/turtlebot3_waffle_pi.urdf
[0.662s] -- Up-to-date symlink: /adv_robotics/lab1/install/turtlebot3_gazebo/share/turtlebot3_gazebo//worlds/empty_world.world
[0.662s] -- Up-to-date symlink: /adv_robotics/lab1/install/turtlebot3_gazebo/share/turtlebot3_gazebo//worlds/turtlebot3_autorace_2020.world
[0.662s] -- Up-to-date symlink: /adv_robotics/lab1/install/turtlebot3_gazebo/share/turtlebot3_gazebo//worlds/turtlebot3_dqn_stage1.world
[0.662s] -- Up-to-date symlink: /adv_robotics/lab1/install/turtlebot3_gazebo/share/turtlebot3_gazebo//worlds/turtlebot3_dqn_stage2.world
[0.662s] -- Up-to-date symlink: /adv_robotics/lab1/install/turtlebot3_gazebo/share/turtlebot3_gazebo//worlds/turtlebot3_dqn_stage3.world
[0.662s] -- Up-to-date symlink: /adv_robotics/lab1/install/turtlebot3_gazebo/share/turtlebot3_gazebo//worlds/turtlebot3_dqn_stage4.world
[0.663s] -- Up-to-date symlink: /adv_robotics/lab1/install/turtlebot3_gazebo/share/turtlebot3_gazebo//worlds/turtlebot3_house.world
[0.663s] -- Up-to-date symlink: /adv_robotics/lab1/install/turtlebot3_gazebo/share/turtlebot3_gazebo//worlds/turtlebot3_world.world
[0.663s] -- Up-to-date symlink: /adv_robotics/lab1/install/turtlebot3_gazebo/include//turtlebot3_gazebo/obstacle1.hpp
[0.663s] -- Up-to-date symlink: /adv_robotics/lab1/install/turtlebot3_gazebo/include//turtlebot3_gazebo/obstacle2.hpp
[0.664s] -- Up-to-date symlink: /adv_robotics/lab1/install/turtlebot3_gazebo/include//turtlebot3_gazebo/obstacles.hpp
[0.664s] -- Up-to-date symlink: /adv_robotics/lab1/install/turtlebot3_gazebo/include//turtlebot3_gazebo/traffic_bar_plugin.hpp
[0.664s] -- Up-to-date symlink: /adv_robotics/lab1/install/turtlebot3_gazebo/include//turtlebot3_gazebo/traffic_light_plugin.hpp
[0.664s] -- Up-to-date symlink: /adv_robotics/lab1/install/turtlebot3_gazebo/include//turtlebot3_gazebo/turtlebot3_drive.hpp
[0.664s] -- Up-to-date symlink: /adv_robotics/lab1/install/turtlebot3_gazebo/share/ament_index/resource_index/package_run_dependencies/turtlebot3_gazebo
[0.665s] -- Up-to-date symlink: /adv_robotics/lab1/install/turtlebot3_gazebo/share/ament_index/resource_index/parent_prefix_path/turtlebot3_gazebo
[0.665s] -- Up-to-date symlink: /adv_robotics/lab1/install/turtlebot3_gazebo/share/turtlebot3_gazebo/environment/ament_prefix_path.sh
[0.665s] -- Up-to-date symlink: /adv_robotics/lab1/install/turtlebot3_gazebo/share/turtlebot3_gazebo/environment/ament_prefix_path.dsv
[0.665s] -- Up-to-date symlink: /adv_robotics/lab1/install/turtlebot3_gazebo/share/turtlebot3_gazebo/environment/path.sh
[0.666s] -- Up-to-date symlink: /adv_robotics/lab1/install/turtlebot3_gazebo/share/turtlebot3_gazebo/environment/path.dsv
[0.666s] -- Up-to-date symlink: /adv_robotics/lab1/install/turtlebot3_gazebo/share/turtlebot3_gazebo/local_setup.bash
[0.667s] -- Up-to-date symlink: /adv_robotics/lab1/install/turtlebot3_gazebo/share/turtlebot3_gazebo/local_setup.sh
[0.667s] -- Up-to-date symlink: /adv_robotics/lab1/install/turtlebot3_gazebo/share/turtlebot3_gazebo/local_setup.zsh
[0.668s] -- Up-to-date symlink: /adv_robotics/lab1/install/turtlebot3_gazebo/share/turtlebot3_gazebo/local_setup.dsv
[0.668s] -- Symlinking: /adv_robotics/lab1/install/turtlebot3_gazebo/share/turtlebot3_gazebo/package.dsv
[0.668s] -- Up-to-date symlink: /adv_robotics/lab1/install/turtlebot3_gazebo/share/ament_index/resource_index/packages/turtlebot3_gazebo
[0.668s] -- Up-to-date symlink: /adv_robotics/lab1/install/turtlebot3_gazebo/share/turtlebot3_gazebo/cmake/ament_cmake_export_include_directories-extras.cmake
[0.669s] -- Up-to-date symlink: /adv_robotics/lab1/install/turtlebot3_gazebo/share/turtlebot3_gazebo/cmake/ament_cmake_export_dependencies-extras.cmake
[0.669s] -- Up-to-date symlink: /adv_robotics/lab1/install/turtlebot3_gazebo/share/turtlebot3_gazebo/cmake/turtlebot3_gazeboConfig.cmake
[0.669s] -- Up-to-date symlink: /adv_robotics/lab1/install/turtlebot3_gazebo/share/turtlebot3_gazebo/cmake/turtlebot3_gazeboConfig-version.cmake
[0.669s] -- Up-to-date symlink: /adv_robotics/lab1/install/turtlebot3_gazebo/share/turtlebot3_gazebo/package.xml
[0.674s] Invoked command in '/adv_robotics/lab1/build/turtlebot3_gazebo' returned '0': CMAKE_PREFIX_PATH=${CMAKE_PREFIX_PATH}:/adv_robotics/lab1/install/turtlebot_control:/adv_robotics/lab1/install/test_pkg:/opt/ros/jazzy /usr/bin/cmake --install /adv_robotics/lab1/build/turtlebot3_gazebo
