[0.029s] Invoking command in '/adv_robotics/lab1/build/turtlebot3_gazebo': CMAKE_PREFIX_PATH=${CMAKE_PREFIX_PATH}:/adv_robotics/lab1/install/test_pkg:/opt/ros/jazzy /usr/bin/cmake /adv_robotics/lab1/turtlebot3_simulations/turtlebot3_gazebo -DAMENT_CMAKE_SYMLINK_INSTALL=1 -DCMAKE_INSTALL_PREFIX=/adv_robotics/lab1/install/turtlebot3_gazebo
[0.239s] -- The C compiler identification is GNU 13.3.0
[0.398s] -- The CXX compiler identification is GNU 13.3.0
[0.443s] -- Detecting C compiler ABI info
[0.648s] -- Detecting C compiler ABI info - done
[0.663s] -- Check for working C compiler: /usr/bin/cc - skipped
[0.665s] -- Detecting C compile features
[0.666s] -- Detecting C compile features - done
[0.686s] -- Detecting CXX compiler ABI info
[0.884s] -- Detecting CXX compiler ABI info - done
[0.892s] -- Check for working CXX compiler: /usr/bin/c++ - skipped
[0.892s] -- Detecting CXX compile features
[0.893s] -- Detecting CXX compile features - done
[0.902s] -- Found ament_cmake: 2.5.6 (/opt/ros/jazzy/share/ament_cmake/cmake)
[1.063s] -- Found Python3: /usr/bin/python3 (found version "3.12.3") found components: Interpreter 
[1.142s] -- Override CMake install command with custom implementation using symlinks instead of copying resources
[1.235s] -- Found ros_gz_sim: 1.0.22 (/opt/ros/jazzy/share/ros_gz_sim/cmake)
[1.319s] -- Found rosidl_generator_c: 4.6.9 (/opt/ros/jazzy/share/rosidl_generator_c/cmake)
[1.343s] -- Found rosidl_generator_cpp: 4.6.9 (/opt/ros/jazzy/share/rosidl_generator_cpp/cmake)
[1.374s] -- Using all available rosidl_typesupport_c: rosidl_typesupport_fastrtps_c;rosidl_typesupport_introspection_c
[1.403s] -- Using all available rosidl_typesupport_cpp: rosidl_typesupport_fastrtps_cpp;rosidl_typesupport_introspection_cpp
[1.514s] -- Found rmw_implementation_cmake: 7.3.3 (/opt/ros/jazzy/share/rmw_implementation_cmake/cmake)
[1.522s] -- Found rmw_fastrtps_cpp: 8.4.4 (/opt/ros/jazzy/share/rmw_fastrtps_cpp/cmake)
[1.648s] -- Found OpenSSL: /usr/lib/x86_64-linux-gnu/libcrypto.so (found version "3.0.13")  
[1.672s] -- Found FastRTPS: /opt/ros/jazzy/include (Required is at least version "2.13") 
[1.693s] -- Using RMW implementation 'rmw_fastrtps_cpp' as default
[1.991s] -- Found nav_msgs: 5.3.8 (/opt/ros/jazzy/share/nav_msgs/cmake)
[2.017s] -- Found sensor_msgs: 5.3.8 (/opt/ros/jazzy/share/sensor_msgs/cmake)
[2.039s] -- Found gz_math_vendor: 0.0.9 (/opt/ros/jazzy/share/gz_math_vendor/cmake)
[2.054s] -- Looking for gz-math7 -- found version 7.6.0
[2.066s] -- Searching for dependencies of gz-math7
[2.069s] -- Looking for gz-utils2 -- found version 2.2.1
[2.069s] -- Searching for dependencies of gz-utils2
[2.077s] -- Found gz_sim_vendor: 0.0.10 (/opt/ros/jazzy/share/gz_sim_vendor/cmake)
[2.160s] -- Looking for gz-sim8 -- found version 8.11.0
[2.160s] -- Searching for dependencies of gz-sim8
[2.162s] -- Looking for sdformat14 -- found version 14.9.0
[2.162s] -- Searching for dependencies of sdformat14
[2.169s] -- Checking for module 'tinyxml2'
[2.188s] --   Found tinyxml2, version 10.0.0
[2.234s] -- Looking for gz-math7 -- found version 7.6.0
[2.234s] -- Looking for gz-utils2 -- found version 2.2.1
[2.234s] -- Searching for dependencies of gz-utils2
[2.234s] -- Searching for <gz-utils2> component [cli]
[2.240s] -- Looking for gz-utils2-cli -- found version 2.2.1
[2.240s] -- Searching for dependencies of gz-utils2-cli
[2.245s] -- Looking for gz-plugin2 -- found version 2.0.4
[2.245s] -- Searching for dependencies of gz-plugin2
[2.245s] -- Looking for gz-utils2 -- found version 2.2.1
[2.245s] -- Searching for <gz-plugin2> component [loader]
[2.248s] -- Looking for gz-plugin2-loader -- found version 2.0.4
[2.249s] -- Searching for dependencies of gz-plugin2-loader
[2.249s] -- Searching for <gz-plugin2> component [register]
[2.252s] -- Looking for gz-plugin2-register -- found version 2.0.4
[2.252s] -- Searching for dependencies of gz-plugin2-register
[2.255s] -- Looking for gz-transport13 -- found version 13.5.0
[2.255s] -- Searching for dependencies of gz-transport13
[2.413s] -- Found Protobuf: /usr/lib/x86_64-linux-gnu/libprotobuf.so (found version "3.21.12") 
[2.430s] -- Config-file not installed for ZeroMQ -- checking for pkg-config
[2.435s] -- Checking for module 'libzmq >= 4'
[2.454s] --   Found libzmq, version 4.3.5
[2.509s] -- Found ZeroMQ: TRUE (Required is at least version "4") 
[2.515s] -- Checking for module 'uuid'
[2.535s] --   Found uuid, version 2.39.3
[2.577s] -- Found UUID: TRUE  
[2.577s] -- Looking for gz-utils2 -- found version 2.2.1
[2.580s] -- Looking for gz-msgs10 -- found version 10.3.2
[2.580s] -- Searching for dependencies of gz-msgs10
[2.606s] -- Looking for gz-utils2 -- found version 2.2.1
[2.606s] -- Looking for gz-math7 -- found version 7.6.0
[2.615s] -- Searching for <gz-transport13> component [log]
[2.618s] -- Looking for gz-transport13-log -- found version 13.5.0
[2.618s] -- Searching for dependencies of gz-transport13-log
[2.619s] -- Searching for <gz-transport13> component [parameters]
[2.621s] -- Looking for gz-transport13-parameters -- found version 13.5.0
[2.622s] -- Searching for dependencies of gz-transport13-parameters
[2.622s] -- Looking for gz-msgs10 -- found version 10.3.2
[2.626s] -- Looking for gz-common5 -- found version 5.8.0
[2.626s] -- Searching for dependencies of gz-common5
[2.626s] -- Looking for gz-utils2 -- found version 2.2.1
[2.627s] -- Looking for dlfcn.h - found
[2.628s] -- Looking for libdl - found
[2.629s] -- Found DL: TRUE  
[2.636s] -- Searching for <gz-common5> component [av]
[2.639s] -- Looking for gz-common5-av -- found version 5.8.0
[2.639s] -- Searching for dependencies of gz-common5-av
[2.645s] -- Checking for module 'libswscale'
[2.665s] --   Found libswscale, version 7.5.100
[2.716s] -- Found SWSCALE: TRUE  
[2.725s] -- Checking for module 'libavdevice >= 56.4.100'
[2.747s] --   Found libavdevice, version 60.3.100
[2.802s] -- Found AVDEVICE: TRUE (Required is at least version "56.4.100") 
[2.810s] -- Checking for module 'libavformat'
[2.831s] --   Found libavformat, version 60.16.100
[2.878s] -- Found AVFORMAT: TRUE  
[2.884s] -- Checking for module 'libavcodec'
[2.907s] --   Found libavcodec, version 60.31.102
[2.956s] -- Found AVCODEC: TRUE  
[2.962s] -- Checking for module 'libavutil'
[2.982s] --   Found libavutil, version 58.29.100
[3.030s] -- Found AVUTIL: TRUE  
[3.031s] -- Searching for <gz-common5> component [events]
[3.034s] -- Looking for gz-common5-events -- found version 5.8.0
[3.035s] -- Searching for dependencies of gz-common5-events
[3.035s] -- Looking for gz-math7 -- found version 7.6.0
[3.035s] -- Searching for <gz-common5> component [graphics]
[3.038s] -- Looking for gz-common5-graphics -- found version 5.8.0
[3.039s] -- Searching for dependencies of gz-common5-graphics
[3.039s] -- Looking for gz-math7 -- found version 7.6.0
[3.046s] -- Found GzAssimp: TRUE (found version "5.3.0") 
[3.047s] -- Searching for <gz-common5> component [io]
[3.050s] -- Looking for gz-common5-io -- found version 5.8.0
[3.050s] -- Searching for dependencies of gz-common5-io
[3.050s] -- Searching for <gz-common5> component [profiler]
[3.054s] -- Looking for gz-common5-profiler -- found version 5.8.0
[3.054s] -- Searching for dependencies of gz-common5-profiler
[3.057s] -- Looking for gz-fuel_tools9 -- found version 9.1.1
[3.057s] -- Searching for dependencies of gz-fuel_tools9
[3.171s] -- Found CURL: /usr/lib/x86_64-linux-gnu/libcurl.so (found version "8.5.0")  
[3.187s] -- Checking for module 'jsoncpp'
[3.208s] --   Found jsoncpp, version 1.9.5
[3.254s] -- Found JSONCPP: TRUE  
[3.279s] -- Checking for module 'yaml-0.1'
[3.302s] --   Found yaml-0.1, version 0.2.5
[3.349s] -- Found YAML: TRUE  
[3.356s] -- Checking for module 'libzip'
[3.377s] --   Found libzip, version 1.7.3
[3.426s] -- Found ZIP: TRUE  
[3.427s] -- Looking for gz-utils2 -- found version 2.2.1
[3.427s] -- Looking for gz-common5 -- found version 5.8.0
[3.427s] -- Searching for dependencies of gz-common5
[3.427s] -- Looking for gz-utils2 -- found version 2.2.1
[3.427s] -- Looking for dlfcn.h - found
[3.427s] -- Looking for libdl - found
[3.435s] -- Searching for <gz-common5> component [testing]
[3.438s] -- Looking for gz-common5-testing -- found version 5.8.0
[3.439s] -- Searching for dependencies of gz-common5-testing
[3.440s] -- Looking for gz-math7 -- found version 7.6.0
[3.440s] -- Looking for gz-msgs10 -- found version 10.3.2
[3.443s] -- Looking for gz-gui8 -- found version 8.4.0
[3.443s] -- Searching for dependencies of gz-gui8
[3.474s] -- Looking for gz-utils2 -- found version 2.2.1
[3.474s] -- Looking for gz-math7 -- found version 7.6.0
[3.474s] -- Looking for gz-common5 -- found version 5.8.0
[3.475s] -- Looking for gz-plugin2 -- found version 2.0.4
[3.475s] -- Looking for gz-transport13 -- found version 13.5.0
[3.478s] -- Looking for gz-rendering8 -- found version 8.2.3
[3.478s] -- Searching for dependencies of gz-rendering8
[3.478s] -- Looking for gz-math7 -- found version 7.6.0
[3.478s] -- Searching for dependencies of gz-math7
[3.479s] -- Looking for gz-utils2 -- found version 2.2.1
[3.479s] -- Searching for <gz-math7> component [eigen3]
[3.485s] -- Looking for gz-math7-eigen3 -- found version 7.6.0
[3.485s] -- Searching for dependencies of gz-math7-eigen3
[3.500s] -- Looking for gz-common5 -- found version 5.8.0
[3.500s] -- Searching for dependencies of gz-common5
[3.500s] -- Looking for gz-utils2 -- found version 2.2.1
[3.501s] -- Looking for dlfcn.h - found
[3.501s] -- Looking for libdl - found
[3.510s] -- Searching for <gz-common5> component [graphics]
[3.510s] -- Searching for <gz-common5> component [events]
[3.510s] -- Searching for <gz-common5> component [geospatial]
[3.513s] -- Looking for gz-common5-geospatial -- found version 5.8.0
[3.513s] -- Searching for dependencies of gz-common5-geospatial
[3.514s] -- Looking for gz-math7 -- found version 7.6.0
[3.514s] -- Looking for gz-common5 -- found version 5.8.0
[3.515s] -- Looking for gz-plugin2 -- found version 2.0.4
[3.515s] -- Searching for dependencies of gz-plugin2
[3.515s] -- Looking for gz-utils2 -- found version 2.2.1
[3.515s] -- Searching for <gz-plugin2> component [all]
[3.518s] -- Looking for all libraries of gz-plugin2 -- found version 2.0.4
[3.519s] -- Looking for gz-plugin2 -- found version 2.0.4
[3.519s] -- Looking for gz-utils2 -- found version 2.2.1
[3.532s] -- Found OpenGL: /usr/lib/x86_64-linux-gnu/libOpenGL.so  found components: OpenGL 
[3.533s] -- Looking for gz-msgs10 -- found version 10.3.2
[3.556s] -- Looking for gz-physics7 -- found version 7.6.0
[3.556s] -- Searching for dependencies of gz-physics7
[3.556s] -- Looking for gz-common5 -- found version 5.8.0
[3.557s] -- Looking for gz-math7 -- found version 7.6.0
[3.557s] -- Looking for gz-plugin2 -- found version 2.0.4
[3.557s] -- Looking for gz-utils2 -- found version 2.2.1
[3.558s] -- Searching for <gz-physics7> component [heightmap]
[3.561s] -- Looking for gz-physics7-heightmap -- found version 7.6.0
[3.561s] -- Searching for dependencies of gz-physics7-heightmap
[3.561s] -- Looking for gz-common5 -- found version 5.8.0
[3.561s] -- Searching for <gz-physics7> component [mesh]
[3.564s] -- Looking for gz-physics7-mesh -- found version 7.6.0
[3.564s] -- Searching for dependencies of gz-physics7-mesh
[3.564s] -- Looking for gz-common5 -- found version 5.8.0
[3.564s] -- Searching for <gz-physics7> component [sdf]
[3.567s] -- Looking for gz-physics7-sdf -- found version 7.6.0
[3.567s] -- Searching for dependencies of gz-physics7-sdf
[3.567s] -- Looking for sdformat14 -- found version 14.9.0
[3.571s] -- Looking for gz-sensors8 -- found version 8.2.2
[3.571s] -- Searching for dependencies of gz-sensors8
[3.595s] -- Looking for gz-math7 -- found version 7.6.0
[3.595s] -- Looking for gz-common5 -- found version 5.8.0
[3.596s] -- Looking for gz-transport13 -- found version 13.5.0
[3.597s] -- Looking for gz-rendering8 -- found version 8.2.3
[3.597s] -- Looking for gz-msgs10 -- found version 10.3.2
[3.597s] -- Looking for sdformat14 -- found version 14.9.0
[3.597s] -- Searching for <gz-sensors8> component [air_pressure]
[3.600s] -- Looking for gz-sensors8-air_pressure -- found version 8.2.2
[3.600s] -- Searching for dependencies of gz-sensors8-air_pressure
[3.600s] -- Searching for <gz-sensors8> component [air_speed]
[3.603s] -- Looking for gz-sensors8-air_speed -- found version 8.2.2
[3.603s] -- Searching for dependencies of gz-sensors8-air_speed
[3.603s] -- Searching for <gz-sensors8> component [altimeter]
[3.605s] -- Looking for gz-sensors8-altimeter -- found version 8.2.2
[3.605s] -- Searching for dependencies of gz-sensors8-altimeter
[3.607s] -- Searching for <gz-sensors8> component [imu]
[3.610s] -- Looking for gz-sensors8-imu -- found version 8.2.2
[3.610s] -- Searching for dependencies of gz-sensors8-imu
[3.610s] -- Searching for <gz-sensors8> component [force_torque]
[3.612s] -- Looking for gz-sensors8-force_torque -- found version 8.2.2
[3.612s] -- Searching for dependencies of gz-sensors8-force_torque
[3.613s] -- Searching for <gz-sensors8> component [logical_camera]
[3.615s] -- Looking for gz-sensors8-logical_camera -- found version 8.2.2
[3.615s] -- Searching for dependencies of gz-sensors8-logical_camera
[3.615s] -- Searching for <gz-sensors8> component [magnetometer]
[3.617s] -- Looking for gz-sensors8-magnetometer -- found version 8.2.2
[3.618s] -- Searching for dependencies of gz-sensors8-magnetometer
[3.618s] -- Searching for <gz-sensors8> component [navsat]
[3.620s] -- Looking for gz-sensors8-navsat -- found version 8.2.2
[3.620s] -- Searching for dependencies of gz-sensors8-navsat
[3.621s] -- Searching for <gz-sensors8> component [dvl]
[3.624s] -- Looking for gz-sensors8-dvl -- found version 8.2.2
[3.624s] -- Searching for dependencies of gz-sensors8-dvl
[3.624s] -- Looking for gz-sensors8 -- found version 8.2.2
[3.624s] -- Searching for dependencies of gz-sensors8
[3.652s] -- Looking for gz-math7 -- found version 7.6.0
[3.652s] -- Looking for gz-common5 -- found version 5.8.0
[3.652s] -- Looking for gz-transport13 -- found version 13.5.0
[3.653s] -- Looking for gz-rendering8 -- found version 8.2.3
[3.653s] -- Looking for gz-msgs10 -- found version 10.3.2
[3.653s] -- Looking for sdformat14 -- found version 14.9.0
[3.653s] -- Searching for <gz-sensors8> component [rendering]
[3.656s] -- Looking for gz-sensors8-rendering -- found version 8.2.2
[3.656s] -- Searching for dependencies of gz-sensors8-rendering
[3.657s] -- Searching for <gz-sensors8> component [rendering]
[3.657s] -- Searching for <gz-sensors8> component [lidar]
[3.659s] -- Looking for gz-sensors8-lidar -- found version 8.2.2
[3.659s] -- Searching for dependencies of gz-sensors8-lidar
[3.659s] -- Looking for gz-sensors8 -- found version 8.2.2
[3.660s] -- Searching for <gz-sensors8> component [gpu_lidar]
[3.662s] -- Looking for gz-sensors8-gpu_lidar -- found version 8.2.2
[3.662s] -- Searching for dependencies of gz-sensors8-gpu_lidar
[3.662s] -- Looking for gz-sensors8 -- found version 8.2.2
[3.663s] -- Searching for <gz-sensors8> component [camera]
[3.665s] -- Looking for gz-sensors8-camera -- found version 8.2.2
[3.665s] -- Searching for dependencies of gz-sensors8-camera
[3.665s] -- Looking for gz-sensors8 -- found version 8.2.2
[3.665s] -- Searching for <gz-sensors8> component [boundingbox_camera]
[3.668s] -- Looking for gz-sensors8-boundingbox_camera -- found version 8.2.2
[3.668s] -- Searching for dependencies of gz-sensors8-boundingbox_camera
[3.668s] -- Searching for <gz-sensors8> component [segmentation_camera]
[3.670s] -- Looking for gz-sensors8-segmentation_camera -- found version 8.2.2
[3.671s] -- Searching for dependencies of gz-sensors8-segmentation_camera
[3.671s] -- Searching for <gz-sensors8> component [depth_camera]
[3.673s] -- Looking for gz-sensors8-depth_camera -- found version 8.2.2
[3.673s] -- Searching for dependencies of gz-sensors8-depth_camera
[3.673s] -- Looking for gz-sensors8 -- found version 8.2.2
[3.674s] -- Searching for <gz-sensors8> component [rgbd_camera]
[3.676s] -- Looking for gz-sensors8-rgbd_camera -- found version 8.2.2
[3.676s] -- Searching for dependencies of gz-sensors8-rgbd_camera
[3.676s] -- Looking for gz-sensors8 -- found version 8.2.2
[3.677s] -- Searching for <gz-sensors8> component [thermal_camera]
[3.679s] -- Looking for gz-sensors8-thermal_camera -- found version 8.2.2
[3.679s] -- Searching for dependencies of gz-sensors8-thermal_camera
[3.679s] -- Looking for gz-sensors8 -- found version 8.2.2
[3.680s] -- Searching for <gz-sensors8> component [wide_angle_camera]
[3.682s] -- Looking for gz-sensors8-wide_angle_camera -- found version 8.2.2
[3.682s] -- Searching for dependencies of gz-sensors8-wide_angle_camera
[3.683s] -- Looking for gz-rendering8 -- found version 8.2.3
[3.683s] -- Looking for gz-math7 -- found version 7.6.0
[3.683s] -- Looking for gz-utils2 -- found version 2.2.1
[3.712s] -- Looking for gz-plugin2 -- found version 2.0.4
[3.777s] -- Configuring done (3.7s)
[3.814s] -- Generating done (0.0s)
[3.819s] -- Build files have been written to: /adv_robotics/lab1/build/turtlebot3_gazebo
[3.833s] Invoked command in '/adv_robotics/lab1/build/turtlebot3_gazebo' returned '0': CMAKE_PREFIX_PATH=${CMAKE_PREFIX_PATH}:/adv_robotics/lab1/install/test_pkg:/opt/ros/jazzy /usr/bin/cmake /adv_robotics/lab1/turtlebot3_simulations/turtlebot3_gazebo -DAMENT_CMAKE_SYMLINK_INSTALL=1 -DCMAKE_INSTALL_PREFIX=/adv_robotics/lab1/install/turtlebot3_gazebo
[3.834s] Invoking command in '/adv_robotics/lab1/build/turtlebot3_gazebo': CMAKE_PREFIX_PATH=${CMAKE_PREFIX_PATH}:/adv_robotics/lab1/install/test_pkg:/opt/ros/jazzy /usr/bin/cmake --build /adv_robotics/lab1/build/turtlebot3_gazebo -- -j16 -l16
[3.895s] [ 50%] [32mBuilding CXX object CMakeFiles/obstacle1.dir/src/obstacle1.cpp.o[0m
[3.895s] [ 50%] [32mBuilding CXX object CMakeFiles/obstacles.dir/src/obstacles.cpp.o[0m
[3.895s] [ 50%] [32mBuilding CXX object CMakeFiles/turtlebot3_drive.dir/src/turtlebot3_drive.cpp.o[0m
[3.895s] [ 50%] [32mBuilding CXX object CMakeFiles/obstacle2.dir/src/obstacle2.cpp.o[0m
[5.451s] [ 62%] [32m[1mLinking CXX shared library libobstacle2.so[0m
[5.451s] [ 75%] [32m[1mLinking CXX shared library libobstacle1.so[0m
[5.622s] [ 75%] Built target obstacle2
[5.633s] [ 75%] Built target obstacle1
[5.751s] [ 87%] [32m[1mLinking CXX shared library libobstacles.so[0m
[5.899s] [ 87%] Built target obstacles
[11.140s] [100%] [32m[1mLinking CXX executable turtlebot3_drive[0m
[11.436s] [100%] Built target turtlebot3_drive
[11.447s] Invoked command in '/adv_robotics/lab1/build/turtlebot3_gazebo' returned '0': CMAKE_PREFIX_PATH=${CMAKE_PREFIX_PATH}:/adv_robotics/lab1/install/test_pkg:/opt/ros/jazzy /usr/bin/cmake --build /adv_robotics/lab1/build/turtlebot3_gazebo -- -j16 -l16
[11.449s] Invoking command in '/adv_robotics/lab1/build/turtlebot3_gazebo': CMAKE_PREFIX_PATH=${CMAKE_PREFIX_PATH}:/adv_robotics/lab1/install/test_pkg:/opt/ros/jazzy /usr/bin/cmake --install /adv_robotics/lab1/build/turtlebot3_gazebo
[11.456s] -- Install configuration: ""
[11.456s] -- Execute custom install script
[11.457s] -- Symlinking: /adv_robotics/lab1/install/turtlebot3_gazebo/lib/turtlebot3_gazebo/turtlebot3_drive
[11.467s] -- Symlinking: /adv_robotics/lab1/install/turtlebot3_gazebo/lib/turtlebot3_gazebo/libobstacles.so
[11.475s] -- Symlinking: /adv_robotics/lab1/install/turtlebot3_gazebo/lib/turtlebot3_gazebo/libobstacle1.so
[11.483s] -- Symlinking: /adv_robotics/lab1/install/turtlebot3_gazebo/lib/turtlebot3_gazebo/libobstacle2.so
[11.493s] -- Symlinking: /adv_robotics/lab1/install/turtlebot3_gazebo/share/turtlebot3_gazebo//launch/empty_world.launch.py
[11.501s] -- Symlinking: /adv_robotics/lab1/install/turtlebot3_gazebo/share/turtlebot3_gazebo//launch/robot_state_publisher.launch.py
[11.510s] -- Symlinking: /adv_robotics/lab1/install/turtlebot3_gazebo/share/turtlebot3_gazebo//launch/spawn_turtlebot3.launch.py
[11.521s] -- Symlinking: /adv_robotics/lab1/install/turtlebot3_gazebo/share/turtlebot3_gazebo//launch/turtlebot3_dqn_stage1.launch.py
[11.532s] -- Symlinking: /adv_robotics/lab1/install/turtlebot3_gazebo/share/turtlebot3_gazebo//launch/turtlebot3_dqn_stage2.launch.py
[11.541s] -- Symlinking: /adv_robotics/lab1/install/turtlebot3_gazebo/share/turtlebot3_gazebo//launch/turtlebot3_dqn_stage3.launch.py
[11.550s] -- Symlinking: /adv_robotics/lab1/install/turtlebot3_gazebo/share/turtlebot3_gazebo//launch/turtlebot3_dqn_stage4.launch.py
[11.557s] -- Symlinking: /adv_robotics/lab1/install/turtlebot3_gazebo/share/turtlebot3_gazebo//launch/turtlebot3_house.launch.py
[11.565s] -- Symlinking: /adv_robotics/lab1/install/turtlebot3_gazebo/share/turtlebot3_gazebo//launch/turtlebot3_world.launch.py
[11.575s] -- Symlinking: /adv_robotics/lab1/install/turtlebot3_gazebo/share/turtlebot3_gazebo//models/turtlebot3_burger/model-1_4.sdf
[11.585s] -- Symlinking: /adv_robotics/lab1/install/turtlebot3_gazebo/share/turtlebot3_gazebo//models/turtlebot3_burger/model.config
[11.594s] -- Symlinking: /adv_robotics/lab1/install/turtlebot3_gazebo/share/turtlebot3_gazebo//models/turtlebot3_burger/model.sdf
[11.605s] -- Symlinking: /adv_robotics/lab1/install/turtlebot3_gazebo/share/turtlebot3_gazebo//models/turtlebot3_burger_cam/model-1_4.sdf
[11.613s] -- Symlinking: /adv_robotics/lab1/install/turtlebot3_gazebo/share/turtlebot3_gazebo//models/turtlebot3_burger_cam/model.config
[11.623s] -- Symlinking: /adv_robotics/lab1/install/turtlebot3_gazebo/share/turtlebot3_gazebo//models/turtlebot3_burger_cam/model.sdf
[11.634s] -- Symlinking: /adv_robotics/lab1/install/turtlebot3_gazebo/share/turtlebot3_gazebo//models/turtlebot3_common/meshes/bases/burger_base.stl
[11.643s] -- Symlinking: /adv_robotics/lab1/install/turtlebot3_gazebo/share/turtlebot3_gazebo//models/turtlebot3_common/meshes/bases/waffle_base.stl
[11.652s] -- Symlinking: /adv_robotics/lab1/install/turtlebot3_gazebo/share/turtlebot3_gazebo//models/turtlebot3_common/meshes/bases/waffle_pi_base.stl
[11.661s] -- Symlinking: /adv_robotics/lab1/install/turtlebot3_gazebo/share/turtlebot3_gazebo//models/turtlebot3_common/meshes/burger_base.dae
[11.671s] -- Symlinking: /adv_robotics/lab1/install/turtlebot3_gazebo/share/turtlebot3_gazebo//models/turtlebot3_common/meshes/lds.dae
[11.681s] -- Symlinking: /adv_robotics/lab1/install/turtlebot3_gazebo/share/turtlebot3_gazebo//models/turtlebot3_common/meshes/r200.dae
[11.689s] -- Symlinking: /adv_robotics/lab1/install/turtlebot3_gazebo/share/turtlebot3_gazebo//models/turtlebot3_common/meshes/sensors/astra.dae
[11.697s] -- Symlinking: /adv_robotics/lab1/install/turtlebot3_gazebo/share/turtlebot3_gazebo//models/turtlebot3_common/meshes/sensors/astra.jpg
[11.704s] -- Symlinking: /adv_robotics/lab1/install/turtlebot3_gazebo/share/turtlebot3_gazebo//models/turtlebot3_common/meshes/sensors/lds.stl
[11.711s] -- Symlinking: /adv_robotics/lab1/install/turtlebot3_gazebo/share/turtlebot3_gazebo//models/turtlebot3_common/meshes/sensors/r200.dae
[11.719s] -- Symlinking: /adv_robotics/lab1/install/turtlebot3_gazebo/share/turtlebot3_gazebo//models/turtlebot3_common/meshes/sensors/r200.jpg
[11.726s] -- Symlinking: /adv_robotics/lab1/install/turtlebot3_gazebo/share/turtlebot3_gazebo//models/turtlebot3_common/meshes/tire.dae
[11.738s] -- Symlinking: /adv_robotics/lab1/install/turtlebot3_gazebo/share/turtlebot3_gazebo//models/turtlebot3_common/meshes/waffle_base.dae
[11.747s] -- Symlinking: /adv_robotics/lab1/install/turtlebot3_gazebo/share/turtlebot3_gazebo//models/turtlebot3_common/meshes/waffle_pi_base.dae
[11.756s] -- Symlinking: /adv_robotics/lab1/install/turtlebot3_gazebo/share/turtlebot3_gazebo//models/turtlebot3_common/meshes/wheels/left_tire.stl
[11.764s] -- Symlinking: /adv_robotics/lab1/install/turtlebot3_gazebo/share/turtlebot3_gazebo//models/turtlebot3_common/meshes/wheels/right_tire.stl
[11.773s] -- Symlinking: /adv_robotics/lab1/install/turtlebot3_gazebo/share/turtlebot3_gazebo//models/turtlebot3_common/model.config
[11.783s] -- Symlinking: /adv_robotics/lab1/install/turtlebot3_gazebo/share/turtlebot3_gazebo//models/turtlebot3_dqn_world/goal_box/model.config
[11.792s] -- Symlinking: /adv_robotics/lab1/install/turtlebot3_gazebo/share/turtlebot3_gazebo//models/turtlebot3_dqn_world/goal_box/model.sdf
[11.802s] -- Symlinking: /adv_robotics/lab1/install/turtlebot3_gazebo/share/turtlebot3_gazebo//models/turtlebot3_dqn_world/inner_walls/model.config
[11.813s] -- Symlinking: /adv_robotics/lab1/install/turtlebot3_gazebo/share/turtlebot3_gazebo//models/turtlebot3_dqn_world/inner_walls/model.sdf
[11.823s] -- Symlinking: /adv_robotics/lab1/install/turtlebot3_gazebo/share/turtlebot3_gazebo//models/turtlebot3_dqn_world/inner_walls/textures/wood.png
[11.834s] -- Symlinking: /adv_robotics/lab1/install/turtlebot3_gazebo/share/turtlebot3_gazebo//models/turtlebot3_dqn_world/model.config
[11.844s] -- Symlinking: /adv_robotics/lab1/install/turtlebot3_gazebo/share/turtlebot3_gazebo//models/turtlebot3_dqn_world/model.sdf
[11.854s] -- Symlinking: /adv_robotics/lab1/install/turtlebot3_gazebo/share/turtlebot3_gazebo//models/turtlebot3_dqn_world/obstacle1/model.config
[11.864s] -- Symlinking: /adv_robotics/lab1/install/turtlebot3_gazebo/share/turtlebot3_gazebo//models/turtlebot3_dqn_world/obstacle1/model.sdf
[11.873s] -- Symlinking: /adv_robotics/lab1/install/turtlebot3_gazebo/share/turtlebot3_gazebo//models/turtlebot3_dqn_world/obstacle2/model.config
[11.883s] -- Symlinking: /adv_robotics/lab1/install/turtlebot3_gazebo/share/turtlebot3_gazebo//models/turtlebot3_dqn_world/obstacle2/model.sdf
[11.892s] -- Symlinking: /adv_robotics/lab1/install/turtlebot3_gazebo/share/turtlebot3_gazebo//models/turtlebot3_dqn_world/obstacles/model.config
[11.900s] -- Symlinking: /adv_robotics/lab1/install/turtlebot3_gazebo/share/turtlebot3_gazebo//models/turtlebot3_dqn_world/obstacles/model.sdf
[11.908s] -- Symlinking: /adv_robotics/lab1/install/turtlebot3_gazebo/share/turtlebot3_gazebo//models/turtlebot3_dqn_world/textures/wood.png
[11.917s] -- Symlinking: /adv_robotics/lab1/install/turtlebot3_gazebo/share/turtlebot3_gazebo//models/turtlebot3_house/cafe_table/materials/textures/Maple.jpg
[11.926s] -- Symlinking: /adv_robotics/lab1/install/turtlebot3_gazebo/share/turtlebot3_gazebo//models/turtlebot3_house/cafe_table/materials/textures/Wood_Floor_Dark.jpg
[11.937s] -- Symlinking: /adv_robotics/lab1/install/turtlebot3_gazebo/share/turtlebot3_gazebo//models/turtlebot3_house/cafe_table/meshes/cafe_table.dae
[11.947s] -- Symlinking: /adv_robotics/lab1/install/turtlebot3_gazebo/share/turtlebot3_gazebo//models/turtlebot3_house/cafe_table/model-1_4.sdf
[11.957s] -- Symlinking: /adv_robotics/lab1/install/turtlebot3_gazebo/share/turtlebot3_gazebo//models/turtlebot3_house/cafe_table/model.config
[11.966s] -- Symlinking: /adv_robotics/lab1/install/turtlebot3_gazebo/share/turtlebot3_gazebo//models/turtlebot3_house/cafe_table/model.sdf
[11.975s] -- Symlinking: /adv_robotics/lab1/install/turtlebot3_gazebo/share/turtlebot3_gazebo//models/turtlebot3_house/first_2015_trash_can/meshes/trash_can.dae
[11.984s] -- Symlinking: /adv_robotics/lab1/install/turtlebot3_gazebo/share/turtlebot3_gazebo//models/turtlebot3_house/first_2015_trash_can/model.config
[11.993s] -- Symlinking: /adv_robotics/lab1/install/turtlebot3_gazebo/share/turtlebot3_gazebo//models/turtlebot3_house/first_2015_trash_can/model.sdf
[12.002s] -- Symlinking: /adv_robotics/lab1/install/turtlebot3_gazebo/share/turtlebot3_gazebo//models/turtlebot3_house/mailbox/materials/scripts/mailbox.material
[12.010s] -- Symlinking: /adv_robotics/lab1/install/turtlebot3_gazebo/share/turtlebot3_gazebo//models/turtlebot3_house/mailbox/materials/textures/Mailbox_Diffuse.png
[12.019s] -- Symlinking: /adv_robotics/lab1/install/turtlebot3_gazebo/share/turtlebot3_gazebo//models/turtlebot3_house/mailbox/materials/textures/Mailbox_Diffuse.tga.orig
[12.028s] -- Symlinking: /adv_robotics/lab1/install/turtlebot3_gazebo/share/turtlebot3_gazebo//models/turtlebot3_house/mailbox/materials/textures/Mailbox_Spec.png
[12.040s] -- Symlinking: /adv_robotics/lab1/install/turtlebot3_gazebo/share/turtlebot3_gazebo//models/turtlebot3_house/mailbox/meshes/mailbox.dae
[12.049s] -- Symlinking: /adv_robotics/lab1/install/turtlebot3_gazebo/share/turtlebot3_gazebo//models/turtlebot3_house/mailbox/model-1_3.sdf
[12.059s] -- Symlinking: /adv_robotics/lab1/install/turtlebot3_gazebo/share/turtlebot3_gazebo//models/turtlebot3_house/mailbox/model-1_4.sdf
[12.069s] -- Symlinking: /adv_robotics/lab1/install/turtlebot3_gazebo/share/turtlebot3_gazebo//models/turtlebot3_house/mailbox/model.config
[12.077s] -- Symlinking: /adv_robotics/lab1/install/turtlebot3_gazebo/share/turtlebot3_gazebo//models/turtlebot3_house/mailbox/model.sdf
[12.086s] -- Symlinking: /adv_robotics/lab1/install/turtlebot3_gazebo/share/turtlebot3_gazebo//models/turtlebot3_house/model.config
[12.095s] -- Symlinking: /adv_robotics/lab1/install/turtlebot3_gazebo/share/turtlebot3_gazebo//models/turtlebot3_house/model.sdf
[12.104s] -- Symlinking: /adv_robotics/lab1/install/turtlebot3_gazebo/share/turtlebot3_gazebo//models/turtlebot3_house/table_marble/materials/scripts/table_lightmap.material
[12.113s] -- Symlinking: /adv_robotics/lab1/install/turtlebot3_gazebo/share/turtlebot3_gazebo//models/turtlebot3_house/table_marble/materials/textures/marble.png
[12.121s] -- Symlinking: /adv_robotics/lab1/install/turtlebot3_gazebo/share/turtlebot3_gazebo//models/turtlebot3_house/table_marble/materials/textures/table_lightmap.png
[12.132s] -- Symlinking: /adv_robotics/lab1/install/turtlebot3_gazebo/share/turtlebot3_gazebo//models/turtlebot3_house/table_marble/meshes/table_lightmap.dae
[12.142s] -- Symlinking: /adv_robotics/lab1/install/turtlebot3_gazebo/share/turtlebot3_gazebo//models/turtlebot3_house/table_marble/model-1_4.sdf
[12.151s] -- Symlinking: /adv_robotics/lab1/install/turtlebot3_gazebo/share/turtlebot3_gazebo//models/turtlebot3_house/table_marble/model.config
[12.159s] -- Symlinking: /adv_robotics/lab1/install/turtlebot3_gazebo/share/turtlebot3_gazebo//models/turtlebot3_house/table_marble/model.sdf
[12.168s] -- Symlinking: /adv_robotics/lab1/install/turtlebot3_gazebo/share/turtlebot3_gazebo//models/turtlebot3_house/textures/bricks.png
[12.176s] -- Symlinking: /adv_robotics/lab1/install/turtlebot3_gazebo/share/turtlebot3_gazebo//models/turtlebot3_house/textures/wood.png
[12.185s] -- Symlinking: /adv_robotics/lab1/install/turtlebot3_gazebo/share/turtlebot3_gazebo//models/turtlebot3_waffle/model-1_4.sdf
[12.193s] -- Symlinking: /adv_robotics/lab1/install/turtlebot3_gazebo/share/turtlebot3_gazebo//models/turtlebot3_waffle/model.config
[12.201s] -- Symlinking: /adv_robotics/lab1/install/turtlebot3_gazebo/share/turtlebot3_gazebo//models/turtlebot3_waffle/model.sdf
[12.208s] -- Symlinking: /adv_robotics/lab1/install/turtlebot3_gazebo/share/turtlebot3_gazebo//models/turtlebot3_waffle_pi/model-1_4_.sdf
[12.217s] -- Symlinking: /adv_robotics/lab1/install/turtlebot3_gazebo/share/turtlebot3_gazebo//models/turtlebot3_waffle_pi/model.config
[12.226s] -- Symlinking: /adv_robotics/lab1/install/turtlebot3_gazebo/share/turtlebot3_gazebo//models/turtlebot3_waffle_pi/model.sdf
[12.237s] -- Symlinking: /adv_robotics/lab1/install/turtlebot3_gazebo/share/turtlebot3_gazebo//models/turtlebot3_world/meshes/hexagon.dae
[12.247s] -- Symlinking: /adv_robotics/lab1/install/turtlebot3_gazebo/share/turtlebot3_gazebo//models/turtlebot3_world/meshes/wall.dae
[12.256s] -- Symlinking: /adv_robotics/lab1/install/turtlebot3_gazebo/share/turtlebot3_gazebo//models/turtlebot3_world/model-1_4.sdf
[12.264s] -- Symlinking: /adv_robotics/lab1/install/turtlebot3_gazebo/share/turtlebot3_gazebo//models/turtlebot3_world/model.config
[12.272s] -- Symlinking: /adv_robotics/lab1/install/turtlebot3_gazebo/share/turtlebot3_gazebo//models/turtlebot3_world/model.sdf
[12.281s] -- Symlinking: /adv_robotics/lab1/install/turtlebot3_gazebo/share/turtlebot3_gazebo//params/turtlebot3_burger_bridge.yaml
[12.291s] -- Symlinking: /adv_robotics/lab1/install/turtlebot3_gazebo/share/turtlebot3_gazebo//params/turtlebot3_burger_cam_bridge.yaml
[12.301s] -- Symlinking: /adv_robotics/lab1/install/turtlebot3_gazebo/share/turtlebot3_gazebo//params/turtlebot3_waffle_bridge.yaml
[12.310s] -- Symlinking: /adv_robotics/lab1/install/turtlebot3_gazebo/share/turtlebot3_gazebo//params/turtlebot3_waffle_pi_bridge.yaml
[12.318s] -- Symlinking: /adv_robotics/lab1/install/turtlebot3_gazebo/share/turtlebot3_gazebo//rviz/tb3_gazebo.rviz
[12.328s] -- Symlinking: /adv_robotics/lab1/install/turtlebot3_gazebo/share/turtlebot3_gazebo//urdf/common_properties.urdf
[12.342s] -- Symlinking: /adv_robotics/lab1/install/turtlebot3_gazebo/share/turtlebot3_gazebo//urdf/turtlebot3_burger.urdf
[12.353s] -- Symlinking: /adv_robotics/lab1/install/turtlebot3_gazebo/share/turtlebot3_gazebo//urdf/turtlebot3_burger_cam.urdf
[12.363s] -- Symlinking: /adv_robotics/lab1/install/turtlebot3_gazebo/share/turtlebot3_gazebo//urdf/turtlebot3_waffle.urdf
[12.373s] -- Symlinking: /adv_robotics/lab1/install/turtlebot3_gazebo/share/turtlebot3_gazebo//urdf/turtlebot3_waffle_pi.urdf
[12.385s] -- Symlinking: /adv_robotics/lab1/install/turtlebot3_gazebo/share/turtlebot3_gazebo//worlds/empty_world.world
[12.395s] -- Symlinking: /adv_robotics/lab1/install/turtlebot3_gazebo/share/turtlebot3_gazebo//worlds/turtlebot3_autorace_2020.world
[12.404s] -- Symlinking: /adv_robotics/lab1/install/turtlebot3_gazebo/share/turtlebot3_gazebo//worlds/turtlebot3_dqn_stage1.world
[12.415s] -- Symlinking: /adv_robotics/lab1/install/turtlebot3_gazebo/share/turtlebot3_gazebo//worlds/turtlebot3_dqn_stage2.world
[12.427s] -- Symlinking: /adv_robotics/lab1/install/turtlebot3_gazebo/share/turtlebot3_gazebo//worlds/turtlebot3_dqn_stage3.world
[12.438s] -- Symlinking: /adv_robotics/lab1/install/turtlebot3_gazebo/share/turtlebot3_gazebo//worlds/turtlebot3_dqn_stage4.world
[12.449s] -- Symlinking: /adv_robotics/lab1/install/turtlebot3_gazebo/share/turtlebot3_gazebo//worlds/turtlebot3_house.world
[12.459s] -- Symlinking: /adv_robotics/lab1/install/turtlebot3_gazebo/share/turtlebot3_gazebo//worlds/turtlebot3_world.world
[12.469s] -- Symlinking: /adv_robotics/lab1/install/turtlebot3_gazebo/include//turtlebot3_gazebo/obstacle1.hpp
[12.477s] -- Symlinking: /adv_robotics/lab1/install/turtlebot3_gazebo/include//turtlebot3_gazebo/obstacle2.hpp
[12.487s] -- Symlinking: /adv_robotics/lab1/install/turtlebot3_gazebo/include//turtlebot3_gazebo/obstacles.hpp
[12.496s] -- Symlinking: /adv_robotics/lab1/install/turtlebot3_gazebo/include//turtlebot3_gazebo/traffic_bar_plugin.hpp
[12.506s] -- Symlinking: /adv_robotics/lab1/install/turtlebot3_gazebo/include//turtlebot3_gazebo/traffic_light_plugin.hpp
[12.515s] -- Symlinking: /adv_robotics/lab1/install/turtlebot3_gazebo/include//turtlebot3_gazebo/turtlebot3_drive.hpp
[12.523s] -- Symlinking: /adv_robotics/lab1/install/turtlebot3_gazebo/share/ament_index/resource_index/package_run_dependencies/turtlebot3_gazebo
[12.536s] -- Symlinking: /adv_robotics/lab1/install/turtlebot3_gazebo/share/ament_index/resource_index/parent_prefix_path/turtlebot3_gazebo
[12.545s] -- Symlinking: /adv_robotics/lab1/install/turtlebot3_gazebo/share/turtlebot3_gazebo/environment/ament_prefix_path.sh
[12.554s] -- Symlinking: /adv_robotics/lab1/install/turtlebot3_gazebo/share/turtlebot3_gazebo/environment/ament_prefix_path.dsv
[12.563s] -- Symlinking: /adv_robotics/lab1/install/turtlebot3_gazebo/share/turtlebot3_gazebo/environment/path.sh
[12.571s] -- Symlinking: /adv_robotics/lab1/install/turtlebot3_gazebo/share/turtlebot3_gazebo/environment/path.dsv
[12.580s] -- Symlinking: /adv_robotics/lab1/install/turtlebot3_gazebo/share/turtlebot3_gazebo/local_setup.bash
[12.590s] -- Symlinking: /adv_robotics/lab1/install/turtlebot3_gazebo/share/turtlebot3_gazebo/local_setup.sh
[12.599s] -- Symlinking: /adv_robotics/lab1/install/turtlebot3_gazebo/share/turtlebot3_gazebo/local_setup.zsh
[12.608s] -- Symlinking: /adv_robotics/lab1/install/turtlebot3_gazebo/share/turtlebot3_gazebo/local_setup.dsv
[12.616s] -- Symlinking: /adv_robotics/lab1/install/turtlebot3_gazebo/share/turtlebot3_gazebo/package.dsv
[12.624s] -- Symlinking: /adv_robotics/lab1/install/turtlebot3_gazebo/share/ament_index/resource_index/packages/turtlebot3_gazebo
[12.635s] -- Symlinking: /adv_robotics/lab1/install/turtlebot3_gazebo/share/turtlebot3_gazebo/cmake/ament_cmake_export_include_directories-extras.cmake
[12.645s] -- Symlinking: /adv_robotics/lab1/install/turtlebot3_gazebo/share/turtlebot3_gazebo/cmake/ament_cmake_export_dependencies-extras.cmake
[12.654s] -- Symlinking: /adv_robotics/lab1/install/turtlebot3_gazebo/share/turtlebot3_gazebo/cmake/turtlebot3_gazeboConfig.cmake
[12.664s] -- Symlinking: /adv_robotics/lab1/install/turtlebot3_gazebo/share/turtlebot3_gazebo/cmake/turtlebot3_gazeboConfig-version.cmake
[12.673s] -- Symlinking: /adv_robotics/lab1/install/turtlebot3_gazebo/share/turtlebot3_gazebo/package.xml
[12.684s] Invoked command in '/adv_robotics/lab1/build/turtlebot3_gazebo' returned '0': CMAKE_PREFIX_PATH=${CMAKE_PREFIX_PATH}:/adv_robotics/lab1/install/test_pkg:/opt/ros/jazzy /usr/bin/cmake --install /adv_robotics/lab1/build/turtlebot3_gazebo
